Archive member included to satisfy reference by file (symbol)

app/libapp.a(main.c.obj)      (--whole-archive)
app/libapp.a(es_led.c.obj)    (--whole-archive)
app/libapp.a(es_button.c.obj)
                              (--whole-archive)
zephyr/libzephyr.a(isr_tables.c.obj)
                              (--whole-archive)
zephyr/libzephyr.a(sw_isr_common.c.obj)
                              (--whole-archive)
zephyr/libzephyr.a(crc32_sw.c.obj)
                              (--whole-archive)
zephyr/libzephyr.a(crc16_sw.c.obj)
                              (--whole-archive)
zephyr/libzephyr.a(crc8_sw.c.obj)
                              (--whole-archive)
zephyr/libzephyr.a(crc7_sw.c.obj)
                              (--whole-archive)
zephyr/libzephyr.a(dec.c.obj)
                              (--whole-archive)
zephyr/libzephyr.a(fdtable.c.obj)
                              (--whole-archive)
zephyr/libzephyr.a(hex.c.obj)
                              (--whole-archive)
zephyr/libzephyr.a(mempool.c.obj)
                              (--whole-archive)
zephyr/libzephyr.a(rb.c.obj)  (--whole-archive)
zephyr/libzephyr.a(sem.c.obj)
                              (--whole-archive)
zephyr/libzephyr.a(thread_entry.c.obj)
                              (--whole-archive)
zephyr/libzephyr.a(timeutil.c.obj)
                              (--whole-archive)
zephyr/libzephyr.a(work_q.c.obj)
                              (--whole-archive)
zephyr/libzephyr.a(printk.c.obj)
                              (--whole-archive)
zephyr/libzephyr.a(configs.c.obj)
                              (--whole-archive)
zephyr/libzephyr.a(soc.c.obj)
                              (--whole-archive)
zephyr/libzephyr.a(power.c.obj)
                              (--whole-archive)
zephyr/libzephyr.a(mpu_regions.c.obj)
                              (--whole-archive)
zephyr/libzephyr.a(validate_base_addresses.c.obj)
                              (--whole-archive)
zephyr/libzephyr.a(log_list.c.obj)
                              (--whole-archive)
zephyr/libzephyr.a(log_core.c.obj)
                              (--whole-archive)
zephyr/libzephyr.a(log_msg.c.obj)
                              (--whole-archive)
zephyr/libzephyr.a(log_output.c.obj)
                              (--whole-archive)
zephyr/libzephyr.a(log_backend_uart.c.obj)
                              (--whole-archive)
zephyr/libzephyr.a(power.c.obj)
                              (--whole-archive)
zephyr/libzephyr.a(policy_residency.c.obj)
                              (--whole-archive)
zephyr/libzephyr.a(uart_console.c.obj)
                              (--whole-archive)
zephyr/libzephyr.a(nrf_power_clock.c.obj)
                              (--whole-archive)
zephyr/libzephyr.a(sys_clock_init.c.obj)
                              (--whole-archive)
zephyr/libzephyr.a(nrf_rtc_timer.c.obj)
                              (--whole-archive)
zephyr/arch/arch/arm/core/libarch__arm__core.a(exc_exit.S.obj)
                              (--whole-archive)
zephyr/arch/arch/arm/core/libarch__arm__core.a(swap.c.obj)
                              (--whole-archive)
zephyr/arch/arch/arm/core/libarch__arm__core.a(swap_helper.S.obj)
                              (--whole-archive)
zephyr/arch/arch/arm/core/libarch__arm__core.a(irq_manage.c.obj)
                              (--whole-archive)
zephyr/arch/arch/arm/core/libarch__arm__core.a(thread.c.obj)
                              (--whole-archive)
zephyr/arch/arch/arm/core/libarch__arm__core.a(cpu_idle.S.obj)
                              (--whole-archive)
zephyr/arch/arch/arm/core/libarch__arm__core.a(fault_s.S.obj)
                              (--whole-archive)
zephyr/arch/arch/arm/core/libarch__arm__core.a(fatal.c.obj)
                              (--whole-archive)
zephyr/arch/arch/arm/core/libarch__arm__core.a(nmi.c.obj)
                              (--whole-archive)
zephyr/arch/arch/arm/core/libarch__arm__core.a(nmi_on_reset.S.obj)
                              (--whole-archive)
zephyr/arch/arch/arm/core/libarch__arm__core.a(prep_c.c.obj)
                              (--whole-archive)
zephyr/arch/arch/arm/core/libarch__arm__core.a(isr_wrapper.S.obj)
                              (--whole-archive)
zephyr/arch/arch/arm/core/cortex_m/libarch__arm__core__cortex_m.a(vector_table.S.obj)
                              (--whole-archive)
zephyr/arch/arch/arm/core/cortex_m/libarch__arm__core__cortex_m.a(reset.S.obj)
                              (--whole-archive)
zephyr/arch/arch/arm/core/cortex_m/libarch__arm__core__cortex_m.a(fault.c.obj)
                              (--whole-archive)
zephyr/arch/arch/arm/core/cortex_m/libarch__arm__core__cortex_m.a(scb.c.obj)
                              (--whole-archive)
zephyr/arch/arch/arm/core/cortex_m/libarch__arm__core__cortex_m.a(irq_init.c.obj)
                              (--whole-archive)
zephyr/arch/arch/arm/core/cortex_m/libarch__arm__core__cortex_m.a(thread_abort.c.obj)
                              (--whole-archive)
[...]
Memory Configuration

Name             Origin             Length             Attributes
FLASH            0x0000000000000000 0x0000000000080000 xr
SRAM             0x0000000020000000 0x0000000000010000 xw
IDT_LIST         0x0000000020010000 0x0000000000000800 xw
*default*        0x0000000000000000 0xffffffffffffffff

Linker script and memory map

LOAD zephyr/CMakeFiles/zephyr_prebuilt.dir/misc/empty_file.c.obj
                0x0000000000000020                _region_min_align = 0x20

.rel.plt        0x0000000000000000        0x0
 *(SORT_BY_ALIGNMENT(.rel.plt))
                [!provide]                        PROVIDE (__rel_iplt_start = .)
 *(SORT_BY_ALIGNMENT(.rel.iplt))
 .rel.iplt      0x0000000000000000        0x0 app/libapp.a(main.c.obj)
                [!provide]                        PROVIDE (__rel_iplt_end = .)

.rela.plt       0x0000000000000000        0x0
 *(SORT_BY_ALIGNMENT(.rela.plt))
                [!provide]                        PROVIDE (__rela_iplt_start = .)
 *(SORT_BY_ALIGNMENT(.rela.iplt))
                [!provide]                        PROVIDE (__rela_iplt_end = .)

.rel.dyn
 *(SORT_BY_ALIGNMENT(.rel.*))

.rela.dyn
 *(SORT_BY_ALIGNMENT(.rela.*))

/DISCARD/
 *(SORT_BY_ALIGNMENT(.plt))
 *(SORT_BY_ALIGNMENT(.iplt))
 *(SORT_BY_ALIGNMENT(.got.plt))
 *(SORT_BY_ALIGNMENT(.igot.plt))
 *(SORT_BY_ALIGNMENT(.got))
 *(SORT_BY_ALIGNMENT(.igot))
                0x0000000000000000                _image_rom_start = 0x0

text            0x0000000000000000       0xdc
                0x0000000000000000                . = 0x0
                0x0000000000000000                _vector_start = .
 *(SORT_BY_ALIGNMENT(.exc_vector_table))
 *(SORT_BY_ALIGNMENT(.exc_vector_table.*))
 .exc_vector_table._vector_table_section
                0x0000000000000000       0x40 zephyr/arch/arch/arm/core/cortex_m/libarch__arm__core__cortex_m.a(vector_table.S.obj)
                0x0000000000000000                _vector_table
 *(SORT_BY_ALIGNMENT(.gnu.linkonce.irq_vector_table))
 .gnu.linkonce.irq_vector_table
                0x0000000000000040       0x9c zephyr/libzephyr.a(isr_tables.c.obj)
                0x0000000000000040                _irq_vector_table
 *(SORT_BY_ALIGNMENT(.vectors))
 *(SORT_BY_ALIGNMENT(.openocd_dbg))
 *(SORT_BY_ALIGNMENT(.openocd_dbg.*))
                0x00000000000000dc                _vector_end = .

_TEXT_SECTION_NAME_2
                0x00000000000000dc     0x524a
                0x00000000000000dc                _image_text_start = .
 *(SORT_BY_ALIGNMENT(.text))
 .text          0x00000000000000dc       0xa0 /home/tarcisio/zephyr-sdk-0.10.3/arm-zephyr-eabi/bin/../lib/gcc/arm-zephyr-eabi/8.3.0/thumb/v7e-m/nofp/libgcc.a(_aeabi_ldivmod.o)
                0x00000000000000dc                __aeabi_ldivmod
 .text          0x000000000000017c        0x4 /home/tarcisio/zephyr-sdk-0.10.3/arm-zephyr-eabi/bin/../lib/gcc/arm-zephyr-eabi/8.3.0/thumb/v7e-m/nofp/libgcc.a(_dvmd_tls.o)
                0x000000000000017c                __aeabi_ldiv0
                0x000000000000017c                __aeabi_idiv0
 .text          0x0000000000000180      0x2b4 /home/tarcisio/zephyr-sdk-0.10.3/arm-zephyr-eabi/bin/../lib/gcc/arm-zephyr-eabi/8.3.0/thumb/v7e-m/nofp/libgcc.a(_udivmoddi4.o)
                0x0000000000000180                __udivmoddi4
 *(SORT_BY_ALIGNMENT(.text.*))
 .text.button0_callback
                0x0000000000000434       0x24 app/libapp.a(main.c.obj)
                0x0000000000000434                button0_callback
 .text.button1_callback
                0x0000000000000458       0x24 app/libapp.a(main.c.obj)
                0x0000000000000458                button1_callback
 .text.main     0x000000000000047c       0x70 app/libapp.a(main.c.obj)
                0x000000000000047c                main
 .text.char_out
                0x00000000000004ec       0x10 zephyr/libzephyr.a(printk.c.obj)
 .text._printk_dec_ulong
                0x00000000000004fc       0x98 zephyr/libzephyr.a(printk.c.obj)
 .text.__printk_hook_install
                0x0000000000000594        0xc zephyr/libzephyr.a(printk.c.obj)
                0x0000000000000594                __printk_hook_install
 .text.vprintk  0x00000000000005a0       0x1c zephyr/libzephyr.a(printk.c.obj)
                0x00000000000005a0                vprintk
 .text.nordicsemi_nrf52_init
                0x00000000000005bc       0x30 zephyr/libzephyr.a(soc.c.obj)
 .text.enable_logger
                0x00000000000005ec       0x54 zephyr/libzephyr.a(log_core.c.obj)
 .text.log_process_thread_timer_expiry_fn
                0x0000000000000640        0xc zephyr/libzephyr.a(log_core.c.obj)
 .text.log_core_init
                0x000000000000064c       0x40 zephyr/libzephyr.a(log_core.c.obj)
                0x000000000000064c                log_core_init
 .text.dropped_notify
                0x000000000000068c       0x4c zephyr/libzephyr.a(log_core.c.obj)
                0x000000000000068c                dropped_notify
 .text.log_dropped
                0x00000000000006d8       0x20 zephyr/libzephyr.a(log_core.c.obj)
                0x00000000000006d8                log_dropped
 .text.log_source_name_get
                0x00000000000006f8       0x1c zephyr/libzephyr.a(log_core.c.obj)
                0x00000000000006f8                log_source_name_get
 .text.log_backend_enable
                0x0000000000000714       0x24 zephyr/libzephyr.a(log_core.c.obj)
                0x0000000000000714                log_backend_enable
 .text.log_init
                0x0000000000000738       0x54 zephyr/libzephyr.a(log_core.c.obj)
                0x0000000000000738                log_init
 .text.log_strdup
                0x000000000000078c       0x6c zephyr/libzephyr.a(log_core.c.obj)
                0x000000000000078c                log_strdup
 .text.log_is_strdup
                0x00000000000007f8       0x1c zephyr/libzephyr.a(log_core.c.obj)
                0x00000000000007f8                log_is_strdup
 .text.z_impl_log_process
                0x0000000000000814      0x188 zephyr/libzephyr.a(log_core.c.obj)
                0x0000000000000814                z_impl_log_process
 .text.msg_finalize
                0x000000000000099c       0xb8 zephyr/libzephyr.a(log_core.c.obj)
 .text.log_process_thread_func
                0x0000000000000a54       0x44 zephyr/libzephyr.a(log_core.c.obj)
 .text.z_impl_log_panic
                0x0000000000000a98       0x48 zephyr/libzephyr.a(log_core.c.obj)
                0x0000000000000a98                z_impl_log_panic
 .text.log_free
                0x0000000000000ae0       0x34 zephyr/libzephyr.a(log_core.c.obj)
                0x0000000000000ae0                log_free
 .text.log_msg_pool_init
                0x0000000000000b14       0x14 zephyr/libzephyr.a(log_msg.c.obj)
                0x0000000000000b14                log_msg_pool_init
 .text.log_msg_no_space_handle
                0x0000000000000b28       0x30 zephyr/libzephyr.a(log_msg.c.obj)
                0x0000000000000b28                log_msg_no_space_handle
 .text.log_msg_chunk_alloc
                0x0000000000000b58       0x24 zephyr/libzephyr.a(log_msg.c.obj)
                0x0000000000000b58                log_msg_chunk_alloc
 .text.msg_free
                0x0000000000000b7c       0x64 zephyr/libzephyr.a(log_msg.c.obj)
 .text.print_formatted
                0x0000000000000be0       0x24 zephyr/libzephyr.a(log_output.c.obj)
 .text.prefix_print
                0x0000000000000c04      0x11c zephyr/libzephyr.a(log_output.c.obj)
 .text.postfix_print
                0x0000000000000d20       0x3c zephyr/libzephyr.a(log_output.c.obj)
 .text.hexdump_line_print
                0x0000000000000d5c       0xd8 zephyr/libzephyr.a(log_output.c.obj)
 .text.log_output_msg_process
                0x0000000000000e34       0xec zephyr/libzephyr.a(log_output.c.obj)
                0x0000000000000e34                log_output_msg_process
 .text.log_output_dropped_process
                0x0000000000000f20       0x54 zephyr/libzephyr.a(log_output.c.obj)
                0x0000000000000f20                log_output_dropped_process
 .text.log_output_timestamp_freq_set
                0x0000000000000f74       0x30 zephyr/libzephyr.a(log_output.c.obj)
                0x0000000000000f74                log_output_timestamp_freq_set
 .text.panic    0x0000000000000fa4        0xc zephyr/libzephyr.a(log_backend_uart.c.obj)
 .text.dropped  0x0000000000000fb0        0xc zephyr/libzephyr.a(log_backend_uart.c.obj)
 .text.log_backend_uart_init
                0x0000000000000fbc       0x18 zephyr/libzephyr.a(log_backend_uart.c.obj)
 .text.put      0x0000000000000fd4       0x24 zephyr/libzephyr.a(log_backend_uart.c.obj)
 .text.console_out
                0x0000000000000ff8       0x28 zephyr/libzephyr.a(uart_console.c.obj)
 .text.uart_console_hook_install
                0x0000000000001020       0x18 zephyr/libzephyr.a(uart_console.c.obj)
                0x0000000000001020                uart_console_hook_install
 .text.uart_console_init
                0x0000000000001038       0x1c zephyr/libzephyr.a(uart_console.c.obj)
 .text.nrf_power_clock_isr
                0x0000000000001054       0x68 zephyr/libzephyr.a(nrf_power_clock.c.obj)
                0x0000000000001054                nrf_power_clock_isr
 .text.rtc1_nrf_isr
                0x00000000000010bc       0x40 zephyr/libzephyr.a(nrf_rtc_timer.c.obj)
                0x00000000000010bc                rtc1_nrf_isr
 .text.z_clock_driver_init
                0x00000000000010fc       0x84 zephyr/libzephyr.a(nrf_rtc_timer.c.obj)
                0x00000000000010fc                z_clock_driver_init
 .text.z_clock_set_timeout
                0x0000000000001180       0x9c zephyr/libzephyr.a(nrf_rtc_timer.c.obj)
                0x0000000000001180                z_clock_set_timeout
 .text.z_clock_elapsed
                0x000000000000121c       0x34 zephyr/libzephyr.a(nrf_rtc_timer.c.obj)
                0x000000000000121c                z_clock_elapsed
 .text.z_timer_cycle_get_32
                0x0000000000001250       0x34 zephyr/libzephyr.a(nrf_rtc_timer.c.obj)
                0x0000000000001250                z_timer_cycle_get_32
 .text._HandlerModeExit
                0x0000000000001284       0x1c zephyr/arch/arch/arm/core/libarch__arm__core.a(exc_exit.S.obj)
                0x0000000000001284                z_arm_exc_exit
                0x0000000000001284                z_arm_int_exit
 .text.z_arch_swap
                0x00000000000012a0       0x34 zephyr/arch/arch/arm/core/libarch__arm__core.a(swap.c.obj)
                0x00000000000012a0                z_arch_swap
 .text.z_arm_pendsv
                0x00000000000012d4       0x54 zephyr/arch/arch/arm/core/libarch__arm__core.a(swap_helper.S.obj)
                0x00000000000012d4                z_arm_pendsv
 .text.z_arm_svc
                0x0000000000001328       0x20 zephyr/arch/arch/arm/core/libarch__arm__core.a(swap_helper.S.obj)
                0x0000000000001328                z_arm_svc
 .text.z_arch_irq_enable
                0x0000000000001348       0x20 zephyr/arch/arch/arm/core/libarch__arm__core.a(irq_manage.c.obj)
                0x0000000000001348                z_arch_irq_enable
 .text.z_arm_irq_priority_set
                0x0000000000001368       0x30 zephyr/arch/arch/arm/core/libarch__arm__core.a(irq_manage.c.obj)
                0x0000000000001368                z_arm_irq_priority_set
 .text.z_arch_new_thread
                0x0000000000001398       0x54 zephyr/arch/arch/arm/core/libarch__arm__core.a(thread.c.obj)
                0x0000000000001398                z_arch_new_thread
 .text.z_arch_switch_to_main_thread
                0x00000000000013ec       0x40 zephyr/arch/arch/arm/core/libarch__arm__core.a(thread.c.obj)
                0x00000000000013ec                z_arch_switch_to_main_thread
 .text.z_arm_cpu_idle_init
                0x000000000000142c        0xc zephyr/arch/arch/arm/core/libarch__arm__core.a(cpu_idle.S.obj)
                0x000000000000142c                z_arm_cpu_idle_init
 .text.z_arch_cpu_idle
                0x0000000000001438        0xc zephyr/arch/arch/arm/core/libarch__arm__core.a(cpu_idle.S.obj)
                0x0000000000001438                z_arch_cpu_idle
 .text.__fault  0x0000000000001444       0x28 zephyr/arch/arch/arm/core/libarch__arm__core.a(fault_s.S.obj)
                0x0000000000001444                z_arm_bus_fault
                0x0000000000001444                z_arm_usage_fault
                0x0000000000001444                z_arm_mpu_fault
                0x0000000000001444                z_arm_reserved
                0x0000000000001444                z_arm_debug_monitor
                0x0000000000001444                z_arm_hard_fault
 .text.z_arm_fatal_error
                0x000000000000146c       0xa4 zephyr/arch/arch/arm/core/libarch__arm__core.a(fatal.c.obj)
                0x000000000000146c                z_arm_fatal_error
 .text.z_SysNmiOnReset
                0x0000000000001510        0x8 zephyr/arch/arch/arm/core/libarch__arm__core.a(nmi_on_reset.S.obj)
                0x0000000000001510                z_SysNmiOnReset
 .text.z_arm_prep_c
                0x0000000000001518       0x2c zephyr/arch/arch/arm/core/libarch__arm__core.a(prep_c.c.obj)
                0x0000000000001518                z_arm_prep_c
 .text._isr_wrapper
                0x0000000000001544       0x40 zephyr/arch/arch/arm/core/libarch__arm__core.a(isr_wrapper.S.obj)
                0x0000000000001544                _isr_wrapper
 .text._reset_section
                0x0000000000001584       0x30 zephyr/arch/arch/arm/core/cortex_m/libarch__arm__core__cortex_m.a(reset.S.obj)
                0x0000000000001584                z_arm_reset
                0x0000000000001584                __start
 .text.usage_fault.isra.2
                0x00000000000015b4      0x104 zephyr/arch/arch/arm/core/cortex_m/libarch__arm__core__cortex_m.a(fault.c.obj)
 .text.mem_manage_fault.isra.4
                0x00000000000016b8      0x110 zephyr/arch/arch/arm/core/cortex_m/libarch__arm__core__cortex_m.a(fault.c.obj)
 .text.bus_fault.isra.5
                0x00000000000017c8      0x12c zephyr/arch/arch/arm/core/cortex_m/libarch__arm__core__cortex_m.a(fault.c.obj)
 .text.z_arm_fault
                0x00000000000018f4      0x15c zephyr/arch/arch/arm/core/cortex_m/libarch__arm__core__cortex_m.a(fault.c.obj)
                0x00000000000018f4                z_arm_fault
 .text.z_arm_fault_init
                0x0000000000001a50       0x10 zephyr/arch/arch/arm/core/cortex_m/libarch__arm__core__cortex_m.a(fault.c.obj)
                0x0000000000001a50                z_arm_fault_init
 .text.z_arm_int_lib_init
                0x0000000000001a60       0x18 zephyr/arch/arch/arm/core/cortex_m/libarch__arm__core__cortex_m.a(irq_init.c.obj)
                0x0000000000001a60                z_arm_int_lib_init
 .text.z_impl_k_thread_abort
                0x0000000000001a78       0x4c zephyr/arch/arch/arm/core/cortex_m/libarch__arm__core__cortex_m.a(thread_abort.c.obj)
                0x0000000000001a78                z_impl_k_thread_abort
 .text.z_arm_configure_static_mpu_regions
                0x0000000000001ac4       0x38 zephyr/arch/arch/arm/core/cortex_m/mpu/libarch__arm__core__cortex_m__mpu.a(arm_core_mpu.c.obj)
                0x0000000000001ac4                z_arm_configure_static_mpu_regions
 .text.mpu_configure_regions
                0x0000000000001afc       0xd0 zephyr/arch/arch/arm/core/cortex_m/mpu/libarch__arm__core__cortex_m__mpu.a(arm_mpu.c.obj)
 .text.arm_core_mpu_enable
                0x0000000000001bcc       0x14 zephyr/arch/arch/arm/core/cortex_m/mpu/libarch__arm__core__cortex_m__mpu.a(arm_mpu.c.obj)
                0x0000000000001bcc                arm_core_mpu_enable
 .text.arm_core_mpu_disable
                0x0000000000001be0       0x10 zephyr/arch/arch/arm/core/cortex_m/mpu/libarch__arm__core__cortex_m__mpu.a(arm_mpu.c.obj)
                0x0000000000001be0                arm_core_mpu_disable
 .text.arm_mpu_init
                0x0000000000001bf0       0x5c zephyr/arch/arch/arm/core/cortex_m/mpu/libarch__arm__core__cortex_m__mpu.a(arm_mpu.c.obj)
 .text.arm_core_mpu_configure_static_mpu_regions
                0x0000000000001c4c       0x14 zephyr/arch/arch/arm/core/cortex_m/mpu/libarch__arm__core__cortex_m__mpu.a(arm_mpu.c.obj)
                0x0000000000001c4c                arm_core_mpu_configure_static_mpu_regions
 .text.arm_core_mpu_configure_dynamic_mpu_regions
                0x0000000000001c60       0x2c zephyr/arch/arch/arm/core/cortex_m/mpu/libarch__arm__core__cortex_m__mpu.a(arm_mpu.c.obj)
                0x0000000000001c60                arm_core_mpu_configure_dynamic_mpu_regions
 .text.z_prf    0x0000000000001c8c      0x970 zephyr/lib/libc/minimal/liblib__libc__minimal.a(prf.c.obj)
                0x0000000000001c8c                z_prf
 .text.__stdout_hook_install
                0x00000000000025fc        0xc zephyr/lib/libc/minimal/liblib__libc__minimal.a(stdout_console.c.obj)
                0x00000000000025fc                __stdout_hook_install
 .text.snprintf
                0x0000000000002608       0x30 zephyr/lib/libc/minimal/liblib__libc__minimal.a(sprintf.c.obj)
                0x0000000000002608                snprintf
 .text.gpio_nrfx_init
                0x0000000000002638       0x30 zephyr/drivers/gpio/libdrivers__gpio.a(gpio_nrfx.c.obj)
 .text.gpiote_event_handler
                0x0000000000002668      0x148 zephyr/drivers/gpio/libdrivers__gpio.a(gpio_nrfx.c.obj)
 .text.gpiote_pin_int_cfg
                0x00000000000027b0      0x14c zephyr/drivers/gpio/libdrivers__gpio.a(gpio_nrfx.c.obj)
 .text.pwm_nrfx_get_cycles_per_sec
                0x00000000000028fc       0x10 zephyr/drivers/pwm/libdrivers__pwm.a(pwm_nrfx.c.obj)
 .text.pwm_nrfx_init
                0x000000000000290c       0x54 zephyr/drivers/pwm/libdrivers__pwm.a(pwm_nrfx.c.obj)
 .text.pwm_nrfx_pin_set
                0x0000000000002960      0x1dc zephyr/drivers/pwm/libdrivers__pwm.a(pwm_nrfx.c.obj)
 .text.uart_nrfx_err_check
                0x0000000000002b3c       0x14 zephyr/drivers/serial/libdrivers__serial.a(uart_nrfx_uart.c.obj)
 .text.uart_nrfx_configure
                0x0000000000002b50      0x16c zephyr/drivers/serial/libdrivers__serial.a(uart_nrfx_uart.c.obj)
 .text.uart_nrfx_poll_in
                0x0000000000002cbc       0x2c zephyr/drivers/serial/libdrivers__serial.a(uart_nrfx_uart.c.obj)
 .text.uart_nrfx_poll_out
                0x0000000000002ce8       0x34 zephyr/drivers/serial/libdrivers__serial.a(uart_nrfx_uart.c.obj)
 .text.uart_nrfx_init
                0x0000000000002d1c       0x68 zephyr/drivers/serial/libdrivers__serial.a(uart_nrfx_uart.c.obj)
 .text.errata_12
                0x0000000000002d84       0x40 modules/nordic/lib..__modules__hal__nordic.a(system_nrf52.c.obj)
 .text.errata_16
                0x0000000000002dc4       0x34 modules/nordic/lib..__modules__hal__nordic.a(system_nrf52.c.obj)
 .text.SystemInit
                0x0000000000002df8      0x248 modules/nordic/lib..__modules__hal__nordic.a(system_nrf52.c.obj)
                0x0000000000002df8                SystemInit
 .text.nrfx_pwm_init
                0x0000000000003040      0x100 modules/nordic/lib..__modules__hal__nordic.a(nrfx_pwm.c.obj)
                0x0000000000003040                nrfx_pwm_init
 .text.nrfx_pwm_simple_playback
                0x0000000000003140       0x74 modules/nordic/lib..__modules__hal__nordic.a(nrfx_pwm.c.obj)
                0x0000000000003140                nrfx_pwm_simple_playback
 .text.nrfx_pwm_is_stopped
                0x00000000000031b4       0x28 modules/nordic/lib..__modules__hal__nordic.a(nrfx_pwm.c.obj)
                0x00000000000031b4                nrfx_pwm_is_stopped
 .text.z_sys_device_do_config_level
                0x00000000000031dc       0x2c zephyr/kernel/libkernel.a(device.c.obj)
                0x00000000000031dc                z_sys_device_do_config_level
 .text.z_impl_device_get_binding
                0x0000000000003208       0x4c zephyr/kernel/libkernel.a(device.c.obj)
                0x0000000000003208                z_impl_device_get_binding
 .text.k_sys_fatal_error_handler
                0x0000000000003254       0x38 zephyr/kernel/libkernel.a(fatal.c.obj)
                0x0000000000003254                k_sys_fatal_error_handler
 .text.z_fatal_error
                0x000000000000328c       0xa0 zephyr/kernel/libkernel.a(fatal.c.obj)
                0x000000000000328c                z_fatal_error
 .text.idle     0x000000000000332c       0x34 zephyr/kernel/libkernel.a(idle.c.obj)
                0x000000000000332c                idle
 .text.z_bss_zero
                0x0000000000003360       0x14 zephyr/kernel/libkernel.a(init.c.obj)
                0x0000000000003360                z_bss_zero
 .text.z_data_copy
                0x0000000000003374       0x34 zephyr/kernel/libkernel.a(init.c.obj)
                0x0000000000003374                z_data_copy
 .text.bg_thread_main
                0x00000000000033a8       0x30 zephyr/kernel/libkernel.a(init.c.obj)
 .text.z_cstart
                0x00000000000033d8      0x110 zephyr/kernel/libkernel.a(init.c.obj)
                0x00000000000033d8                z_cstart
 .text.init_mem_slab_module
                0x00000000000034e8       0x38 zephyr/kernel/libkernel.a(mem_slab.c.obj)
 .text.k_mem_slab_alloc
                0x0000000000003520       0x58 zephyr/kernel/libkernel.a(mem_slab.c.obj)
                0x0000000000003520                k_mem_slab_alloc
 .text.k_mem_slab_free
                0x0000000000003578       0x5c zephyr/kernel/libkernel.a(mem_slab.c.obj)
                0x0000000000003578                k_mem_slab_free
 .text.resched.part.15
                0x00000000000035d4       0x24 zephyr/kernel/libkernel.a(sched.c.obj)
 .text.z_reset_time_slice
                0x00000000000035f8       0x2c zephyr/kernel/libkernel.a(sched.c.obj)
                0x00000000000035f8                z_reset_time_slice
 .text.k_sched_time_slice_set
                0x0000000000003624       0x58 zephyr/kernel/libkernel.a(sched.c.obj)
                0x0000000000003624                k_sched_time_slice_set
 .text.k_sched_lock
                0x000000000000367c       0x28 zephyr/kernel/libkernel.a(sched.c.obj)
                0x000000000000367c                k_sched_lock
 .text.z_priq_dumb_remove
                0x00000000000036a4       0x2c zephyr/kernel/libkernel.a(sched.c.obj)
                0x00000000000036a4                z_priq_dumb_remove
 .text.update_cache
                0x00000000000036d0       0x3c zephyr/kernel/libkernel.a(sched.c.obj)
 .text.k_sched_unlock
                0x000000000000370c       0x38 zephyr/kernel/libkernel.a(sched.c.obj)
                0x000000000000370c                k_sched_unlock
 .text.z_add_thread_to_ready_q
                0x0000000000003744       0x6c zephyr/kernel/libkernel.a(sched.c.obj)
                0x0000000000003744                z_add_thread_to_ready_q
 .text.z_move_thread_to_end_of_prio_q
                0x00000000000037b0       0x84 zephyr/kernel/libkernel.a(sched.c.obj)
                0x00000000000037b0                z_move_thread_to_end_of_prio_q
 .text.z_time_slice
                0x0000000000003834       0x6c zephyr/kernel/libkernel.a(sched.c.obj)
                0x0000000000003834                z_time_slice
 .text.z_remove_thread_from_ready_q
                0x00000000000038a0       0x4c zephyr/kernel/libkernel.a(sched.c.obj)
                0x00000000000038a0                z_remove_thread_from_ready_q
 .text.pend     0x00000000000038ec       0x84 zephyr/kernel/libkernel.a(sched.c.obj)
 .text.z_pend_curr
                0x0000000000003970       0x28 zephyr/kernel/libkernel.a(sched.c.obj)
                0x0000000000003970                z_pend_curr
 .text.z_tick_sleep.part.18
                0x0000000000003998       0x5c zephyr/kernel/libkernel.a(sched.c.obj)
 .text.z_sched_init
                0x00000000000039f4       0x18 zephyr/kernel/libkernel.a(sched.c.obj)
                0x00000000000039f4                z_sched_init
 .text.z_impl_k_yield
                0x0000000000003a0c       0x98 zephyr/kernel/libkernel.a(sched.c.obj)
                0x0000000000003a0c                z_impl_k_yield
 .text.z_impl_k_current_get
                0x0000000000003aa4        0xc zephyr/kernel/libkernel.a(sched.c.obj)
                0x0000000000003aa4                z_impl_k_current_get
 .text.z_impl_k_sem_give
                0x0000000000003ab0       0x4c zephyr/kernel/libkernel.a(sem.c.obj)
                0x0000000000003ab0                z_impl_k_sem_give
 .text.z_impl_k_sem_take
                0x0000000000003afc       0x48 zephyr/kernel/libkernel.a(sem.c.obj)
                0x0000000000003afc                z_impl_k_sem_take
 .text.z_impl_k_thread_start
                0x0000000000003b44       0x48 zephyr/kernel/libkernel.a(thread.c.obj)
                0x0000000000003b44                z_impl_k_thread_start
 .text.z_setup_new_thread
                0x0000000000003b8c       0x30 zephyr/kernel/libkernel.a(thread.c.obj)
                0x0000000000003b8c                z_setup_new_thread
 .text.z_impl_k_thread_create
                0x0000000000003bbc       0x60 zephyr/kernel/libkernel.a(thread.c.obj)
                0x0000000000003bbc                z_impl_k_thread_create
 .text.z_init_static_threads
                0x0000000000003c1c       0xb4 zephyr/kernel/libkernel.a(thread.c.obj)
                0x0000000000003c1c                z_init_static_threads
 .text.elapsed  0x0000000000003cd0       0x14 zephyr/kernel/libkernel.a(timeout.c.obj)
 .text.remove_timeout
                0x0000000000003ce4       0x28 zephyr/kernel/libkernel.a(timeout.c.obj)
 .text.next_timeout
                0x0000000000003d0c       0x38 zephyr/kernel/libkernel.a(timeout.c.obj)
 .text.z_add_timeout
                0x0000000000003d44       0x84 zephyr/kernel/libkernel.a(timeout.c.obj)
                0x0000000000003d44                z_add_timeout
 .text.z_clock_announce
                0x0000000000003dc8       0xac zephyr/kernel/libkernel.a(timeout.c.obj)
                0x0000000000003dc8                z_clock_announce
 .text.z_tick_get
                0x0000000000003e74       0x3c zephyr/kernel/libkernel.a(timeout.c.obj)
                0x0000000000003e74                z_tick_get
 .text.z_timer_expiration_handler
                0x0000000000003eb0       0x48 zephyr/kernel/libkernel.a(timer.c.obj)
                0x0000000000003eb0                z_timer_expiration_handler
 .text.z_impl_k_timer_start
                0x0000000000003ef8       0x5c zephyr/kernel/libkernel.a(timer.c.obj)
                0x0000000000003ef8                z_impl_k_timer_start
 .text.init_static_pools
                0x0000000000003f54       0x28 zephyr/kernel/libkernel.a(mempool.c.obj)
                0x0000000000003f54                init_static_pools
 .text.es_led_init
                0x0000000000003f7c       0x26 app/libapp.a(es_led.c.obj)
                0x0000000000003f7c                es_led_init
 .text.es_led_on
                0x0000000000003fa2        0x6 app/libapp.a(es_led.c.obj)
                0x0000000000003fa2                es_led_on
 .text.es_button_create
                0x0000000000003fa8       0x48 app/libapp.a(es_button.c.obj)
                0x0000000000003fa8                es_button_create
 .text.z_sys_mem_pool_base_init
                0x0000000000003ff0       0x8c zephyr/libzephyr.a(mempool.c.obj)
                0x0000000000003ff0                z_sys_mem_pool_base_init
 .text.z_thread_entry
                0x000000000000407c       0x14 zephyr/libzephyr.a(thread_entry.c.obj)
                0x000000000000407c                z_thread_entry
 .text.z_arch_printk_char_out
                0x0000000000004090        0x4 zephyr/libzephyr.a(printk.c.obj)
                0x0000000000004090                z_arch_printk_char_out
 .text.print_err
                0x0000000000004094       0x1c zephyr/libzephyr.a(printk.c.obj)
 .text.z_vprintk
                0x00000000000040b0      0x2e0 zephyr/libzephyr.a(printk.c.obj)
                0x00000000000040b0                z_vprintk
 .text.printk   0x0000000000004390       0x1a zephyr/libzephyr.a(printk.c.obj)
                0x0000000000004390                printk
 .text._ConfigAbsSyms
                0x00000000000043aa        0x2 zephyr/libzephyr.a(configs.c.obj)
                0x00000000000043aa                _ConfigAbsSyms
 .text.z_platform_init
                0x00000000000043ac        0x4 zephyr/libzephyr.a(soc.c.obj)
                0x00000000000043ac                z_platform_init
 .text.log_list_init
                0x00000000000043b0        0x8 zephyr/libzephyr.a(log_list.c.obj)
                0x00000000000043b0                log_list_init
 .text.log_list_add_tail
                0x00000000000043b8       0x14 zephyr/libzephyr.a(log_list.c.obj)
                0x00000000000043b8                log_list_add_tail
 .text.log_list_head_peek
                0x00000000000043cc        0x4 zephyr/libzephyr.a(log_list.c.obj)
                0x00000000000043cc                log_list_head_peek
 .text.log_list_head_get
                0x00000000000043d0        0xc zephyr/libzephyr.a(log_list.c.obj)
                0x00000000000043d0                log_list_head_get
 .text.z_log_msg_std_alloc
                0x00000000000043dc       0x12 zephyr/libzephyr.a(log_core.c.obj)
 .text.k_cycle_get_32_wrapper
                0x00000000000043ee        0x4 zephyr/libzephyr.a(log_core.c.obj)
 .text.dummy_timestamp
                0x00000000000043f2        0x4 zephyr/libzephyr.a(log_core.c.obj)
 .text.log_0    0x00000000000043f6       0x1a zephyr/libzephyr.a(log_core.c.obj)
                0x00000000000043f6                log_0
 .text.log_1    0x0000000000004410       0x28 zephyr/libzephyr.a(log_core.c.obj)
                0x0000000000004410                log_1
 .text.log_2    0x0000000000004438       0x30 zephyr/libzephyr.a(log_core.c.obj)
                0x0000000000004438                log_2
 .text.log_3    0x0000000000004468       0x36 zephyr/libzephyr.a(log_core.c.obj)
                0x0000000000004468                log_3
 .text.log_msg_hexdump_data_op
                0x000000000000449e       0xa4 zephyr/libzephyr.a(log_msg.c.obj)
 .text.log_msg_get
                0x0000000000004542       0x1a zephyr/libzephyr.a(log_msg.c.obj)
                0x0000000000004542                log_msg_get
 .text.log_msg_nargs_get
                0x000000000000455c        0x6 zephyr/libzephyr.a(log_msg.c.obj)
                0x000000000000455c                log_msg_nargs_get
 .text.log_msg_arg_get
                0x0000000000004562       0x3a zephyr/libzephyr.a(log_msg.c.obj)
                0x0000000000004562                log_msg_arg_get
 .text.log_msg_put
                0x000000000000459c       0x26 zephyr/libzephyr.a(log_msg.c.obj)
                0x000000000000459c                log_msg_put
 .text.log_msg_str_get
                0x00000000000045c2        0x4 zephyr/libzephyr.a(log_msg.c.obj)
                0x00000000000045c2                log_msg_str_get
 .text.log_msg_hexdump_data_get
                0x00000000000045c6        0xe zephyr/libzephyr.a(log_msg.c.obj)
                0x00000000000045c6                log_msg_hexdump_data_get
 .text.buffer_write
                0x00000000000045d4       0x1a zephyr/libzephyr.a(log_output.c.obj)
 .text.std_print
                0x00000000000045ee      0x2ba zephyr/libzephyr.a(log_output.c.obj)
 .text.log_output_flush
                0x00000000000048a8       0x1a zephyr/libzephyr.a(log_output.c.obj)
                0x00000000000048a8                log_output_flush
 .text.out_func
                0x00000000000048c2       0x22 zephyr/libzephyr.a(log_output.c.obj)
 .text.char_out
                0x00000000000048e4       0x20 zephyr/libzephyr.a(log_backend_uart.c.obj)
 .text.get_status
                0x0000000000004904       0x18 zephyr/libzephyr.a(nrf_power_clock.c.obj)
 .text.clock_stop
                0x000000000000491c       0x6c zephyr/libzephyr.a(nrf_power_clock.c.obj)
 .text.clock_async_start
                0x0000000000004988       0x8e zephyr/libzephyr.a(nrf_power_clock.c.obj)
 .text.clock_start
                0x0000000000004a16        0x6 zephyr/libzephyr.a(nrf_power_clock.c.obj)
 .text.lfclk_init
                0x0000000000004a1c        0xa zephyr/libzephyr.a(nrf_power_clock.c.obj)
 .text.hfclk_init
                0x0000000000004a26       0x2e zephyr/libzephyr.a(nrf_power_clock.c.obj)
 .text.clkstarted_handle
                0x0000000000004a54       0x3a zephyr/libzephyr.a(nrf_power_clock.c.obj)
 .text.z_clock_isr
                0x0000000000004a8e        0x2 zephyr/libzephyr.a(sys_clock_init.c.obj)
                0x0000000000004a8e                z_clock_isr
 .text.z_clock_idle_exit
                0x0000000000004a90        0x2 zephyr/libzephyr.a(sys_clock_init.c.obj)
                0x0000000000004a90                z_clock_idle_exit
 .text.z_irq_spurious
                0x0000000000004a92        0x4 zephyr/arch/arch/arm/core/libarch__arm__core.a(irq_manage.c.obj)
                0x0000000000004a92                z_irq_spurious
 .text.z_do_kernel_oops
                0x0000000000004a96        0x8 zephyr/arch/arch/arm/core/libarch__arm__core.a(fatal.c.obj)
                0x0000000000004a96                z_do_kernel_oops
 .text.z_arm_nmi
                0x0000000000004a9e        0xe zephyr/arch/arch/arm/core/libarch__arm__core.a(nmi.c.obj)
                0x0000000000004a9e                z_arm_nmi
 .text.z_arm_configure_dynamic_mpu_regions
                0x0000000000004aac       0x10 zephyr/arch/arch/arm/core/cortex_m/mpu/libarch__arm__core__cortex_m__mpu.a(arm_core_mpu.c.obj)
                0x0000000000004aac                z_arm_configure_dynamic_mpu_regions
 .text.strncpy  0x0000000000004abc       0x26 zephyr/lib/libc/minimal/liblib__libc__minimal.a(string.c.obj)
                0x0000000000004abc                strncpy
 .text.strchr   0x0000000000004ae2       0x1c zephyr/lib/libc/minimal/liblib__libc__minimal.a(string.c.obj)
                0x0000000000004ae2                strchr
 .text.strcmp   0x0000000000004afe       0x18 zephyr/lib/libc/minimal/liblib__libc__minimal.a(string.c.obj)
                0x0000000000004afe                strcmp
 .text.memcpy   0x0000000000004b16       0x54 zephyr/lib/libc/minimal/liblib__libc__minimal.a(string.c.obj)
                0x0000000000004b16                memcpy
 .text.memset   0x0000000000004b6a       0x44 zephyr/lib/libc/minimal/liblib__libc__minimal.a(string.c.obj)
                0x0000000000004b6a                memset
 .text._to_x    0x0000000000004bae       0x44 zephyr/lib/libc/minimal/liblib__libc__minimal.a(prf.c.obj)
 .text._rlrshift
                0x0000000000004bf2       0x24 zephyr/lib/libc/minimal/liblib__libc__minimal.a(prf.c.obj)
 .text._ldiv5   0x0000000000004c16       0x58 zephyr/lib/libc/minimal/liblib__libc__minimal.a(prf.c.obj)
 .text._get_digit
                0x0000000000004c6e       0x2e zephyr/lib/libc/minimal/liblib__libc__minimal.a(prf.c.obj)
 .text._stdout_hook_default
                0x0000000000004c9c        0x6 zephyr/lib/libc/minimal/liblib__libc__minimal.a(stdout_console.c.obj)
 .text.sprintf_out
                0x0000000000004ca2       0x1a zephyr/lib/libc/minimal/liblib__libc__minimal.a(sprintf.c.obj)
 .text.nrf_gpio_cfg_sense_set
                0x0000000000004cbc       0x20 zephyr/drivers/gpio/libdrivers__gpio.a(gpio_nrfx.c.obj)
 .text.gpio_nrfx_write
                0x0000000000004cdc       0x3c zephyr/drivers/gpio/libdrivers__gpio.a(gpio_nrfx.c.obj)
 .text.gpio_nrfx_read
                0x0000000000004d18       0x30 zephyr/drivers/gpio/libdrivers__gpio.a(gpio_nrfx.c.obj)
 .text.gpio_nrfx_manage_callback
                0x0000000000004d48       0x56 zephyr/drivers/gpio/libdrivers__gpio.a(gpio_nrfx.c.obj)
 .text.gpio_nrfx_config
                0x0000000000004d9e      0x124 zephyr/drivers/gpio/libdrivers__gpio.a(gpio_nrfx.c.obj)
 .text.gpio_nrfx_pin_disable_callback
                0x0000000000004ec2       0x42 zephyr/drivers/gpio/libdrivers__gpio.a(gpio_nrfx.c.obj)
 .text.gpio_nrfx_pin_enable_callback
                0x0000000000004f04       0x40 zephyr/drivers/gpio/libdrivers__gpio.a(gpio_nrfx.c.obj)
 .text.uart_nrfx_config_get
                0x0000000000004f44       0x10 zephyr/drivers/serial/libdrivers__serial.a(uart_nrfx_uart.c.obj)
 .text.nrf_pwm_event_clear
                0x0000000000004f54       0x10 modules/nordic/lib..__modules__hal__nordic.a(nrfx_pwm.c.obj)
 .text.start_playback.isra.2
                0x0000000000004f64       0x4c modules/nordic/lib..__modules__hal__nordic.a(nrfx_pwm.c.obj)
 .text.nrfx_pwm_stop
                0x0000000000004fb0       0x26 modules/nordic/lib..__modules__hal__nordic.a(nrfx_pwm.c.obj)
                0x0000000000004fb0                nrfx_pwm_stop
 .text.z_arch_system_halt
                0x0000000000004fd6       0x12 zephyr/kernel/libkernel.a(fatal.c.obj)
                0x0000000000004fd6                z_arch_system_halt
 .text.z_sys_power_save_idle_exit
                0x0000000000004fe8        0x4 zephyr/kernel/libkernel.a(idle.c.obj)
                0x0000000000004fe8                z_sys_power_save_idle_exit
 .text.k_mem_slab_init
                0x0000000000004fec       0x24 zephyr/kernel/libkernel.a(mem_slab.c.obj)
                0x0000000000004fec                k_mem_slab_init
 .text.z_is_thread_ready
                0x0000000000005010       0x12 zephyr/kernel/libkernel.a(sched.c.obj)
 .text.z_find_first_thread_to_unpend
                0x0000000000005022       0x20 zephyr/kernel/libkernel.a(sched.c.obj)
                0x0000000000005022                z_find_first_thread_to_unpend
 .text.z_unpend_thread_no_timeout
                0x0000000000005042       0x32 zephyr/kernel/libkernel.a(sched.c.obj)
                0x0000000000005042                z_unpend_thread_no_timeout
 .text.z_reschedule
                0x0000000000005074       0x1e zephyr/kernel/libkernel.a(sched.c.obj)
                0x0000000000005074                z_reschedule
 .text.z_reschedule_irqlock
                0x0000000000005092       0x20 zephyr/kernel/libkernel.a(sched.c.obj)
                0x0000000000005092                z_reschedule_irqlock
 .text.z_reschedule_unlocked
                0x00000000000050b2       0x14 zephyr/kernel/libkernel.a(sched.c.obj)
 .text.z_priq_dumb_best
                0x00000000000050c6        0xc zephyr/kernel/libkernel.a(sched.c.obj)
                0x00000000000050c6                z_priq_dumb_best
 .text.z_thread_timeout
                0x00000000000050d2       0x62 zephyr/kernel/libkernel.a(sched.c.obj)
                0x00000000000050d2                z_thread_timeout
 .text.z_unpend_first_thread
                0x0000000000005134       0x5a zephyr/kernel/libkernel.a(sched.c.obj)
                0x0000000000005134                z_unpend_first_thread
 .text.z_impl_k_sleep
                0x000000000000518e       0x3e zephyr/kernel/libkernel.a(sched.c.obj)
                0x000000000000518e                z_impl_k_sleep
 .text.z_is_thread_ready
                0x00000000000051cc       0x12 zephyr/kernel/libkernel.a(thread.c.obj)
 .text.z_impl_k_thread_name_set
                0x00000000000051de        0x6 zephyr/kernel/libkernel.a(thread.c.obj)
                0x00000000000051de                z_impl_k_thread_name_set
 .text.k_thread_name_get
                0x00000000000051e4        0x4 zephyr/kernel/libkernel.a(thread.c.obj)
                0x00000000000051e4                k_thread_name_get
 .text.z_thread_single_abort
                0x00000000000051e8       0x3e zephyr/kernel/libkernel.a(thread.c.obj)
                0x00000000000051e8                z_thread_single_abort
 .text.z_init_thread_base
                0x0000000000005226       0x10 zephyr/kernel/libkernel.a(thread.c.obj)
                0x0000000000005226                z_init_thread_base
 .text.z_abort_timeout
                0x0000000000005236       0x2c zephyr/kernel/libkernel.a(timeout.c.obj)
                0x0000000000005236                z_abort_timeout
 .text.z_get_next_timeout_expiry
                0x0000000000005262       0x20 zephyr/kernel/libkernel.a(timeout.c.obj)
                0x0000000000005262                z_get_next_timeout_expiry
 .text.z_set_timeout_expiry
                0x0000000000005282       0x34 zephyr/kernel/libkernel.a(timeout.c.obj)
                0x0000000000005282                z_set_timeout_expiry
 .text.z_tick_get_32
                0x00000000000052b6        0x8 zephyr/kernel/libkernel.a(timeout.c.obj)
                0x00000000000052b6                z_tick_get_32
 .text.k_timer_init
                0x00000000000052be       0x18 zephyr/kernel/libkernel.a(timer.c.obj)
                0x00000000000052be                k_timer_init
 .text.z_impl_k_timer_stop
                0x00000000000052d6       0x4e zephyr/kernel/libkernel.a(timer.c.obj)
                0x00000000000052d6                z_impl_k_timer_stop
 .text._OffsetAbsSyms
                0x0000000000005324        0x2 zephyr/CMakeFiles/offsets.dir/arch/arm/core/offsets/offsets.c.obj
                0x0000000000005324                _OffsetAbsSyms
 *(SORT_BY_ALIGNMENT(.gnu.linkonce.t.*))
 *(SORT_BY_ALIGNMENT(.glue_7t))
 .glue_7t       0x0000000000005326        0x0 linker stubs
 *(SORT_BY_ALIGNMENT(.glue_7))
 .glue_7        0x0000000000005326        0x0 linker stubs
 *(SORT_BY_ALIGNMENT(.vfp11_veneer))
 .vfp11_veneer  0x0000000000005326        0x0 linker stubs
 *(SORT_BY_ALIGNMENT(.v4_bx))
 .v4_bx         0x0000000000005326        0x0 linker stubs
                0x0000000000005326                _image_text_end = .

.ARM.exidx      0x0000000000005328        0x8
                0x0000000000005328                __exidx_start = .
 *(SORT_BY_ALIGNMENT(.ARM.exidx*) SORT_BY_ALIGNMENT(gnu.linkonce.armexidx.*))
 .ARM.exidx     0x0000000000005328        0x8 /home/tarcisio/zephyr-sdk-0.10.3/arm-zephyr-eabi/bin/../lib/gcc/arm-zephyr-eabi/8.3.0/thumb/v7e-m/nofp/libgcc.a(_udivmoddi4.o)
                0x0000000000005330                __exidx_end = .
                0x0000000000005330                _image_rodata_start = .

sw_isr_table    0x0000000000005330      0x138
                0x0000000000005330                . = ALIGN (0x0)
 *(SORT_BY_ALIGNMENT(.gnu.linkonce.sw_isr_table))
 .gnu.linkonce.sw_isr_table
                0x0000000000005330      0x138 zephyr/libzephyr.a(isr_tables.c.obj)
                0x0000000000005330                _sw_isr_table

app_shmem_regions
                0x0000000000005468        0x0
                0x0000000000005468                __app_shmem_regions_start = .
 *(SORT_BY_NAME(SORT_BY_ALIGNMENT(.app_regions.*)))
                0x0000000000005468                __app_shmem_regions_end = .

devconfig       0x0000000000005468       0x90
                0x0000000000005468                __devconfig_start = .
 *(SORT_BY_ALIGNMENT(.devconfig.*))
 .devconfig.init
                0x0000000000005468        0xc zephyr/libzephyr.a(soc.c.obj)
 .devconfig.init
                0x0000000000005474        0xc zephyr/libzephyr.a(log_core.c.obj)
 .devconfig.init
                0x0000000000005480        0xc zephyr/libzephyr.a(uart_console.c.obj)
 .devconfig.init
                0x000000000000548c       0x18 zephyr/libzephyr.a(nrf_power_clock.c.obj)
 .devconfig.init
                0x00000000000054a4        0xc zephyr/libzephyr.a(sys_clock_init.c.obj)
 .devconfig.init
                0x00000000000054b0        0xc zephyr/arch/arch/arm/core/cortex_m/mpu/libarch__arm__core__cortex_m__mpu.a(arm_mpu.c.obj)
 .devconfig.init
                0x00000000000054bc        0xc zephyr/drivers/gpio/libdrivers__gpio.a(gpio_nrfx.c.obj)
 .devconfig.init
                0x00000000000054c8        0xc zephyr/drivers/pwm/libdrivers__pwm.a(pwm_nrfx.c.obj)
 .devconfig.init
                0x00000000000054d4        0xc zephyr/drivers/serial/libdrivers__serial.a(uart_nrfx_uart.c.obj)
 .devconfig.init
                0x00000000000054e0        0xc zephyr/kernel/libkernel.a(mem_slab.c.obj)
 .devconfig.init
                0x00000000000054ec        0xc zephyr/kernel/libkernel.a(mempool.c.obj)
 *(SORT_BY_NAME(SORT_BY_ALIGNMENT(.devconfig*)))
                0x00000000000054f8                __devconfig_end = .

net_l2          0x00000000000054f8        0x0
                0x00000000000054f8                __net_l2_start = .
 *(SORT_BY_ALIGNMENT(.net_l2.init))
 *(SORT_BY_NAME(SORT_BY_ALIGNMENT(.net_l2.init*)))
                0x00000000000054f8                __net_l2_end = .

_bt_channels_area
                0x00000000000054f8        0x0
                0x00000000000054f8                _bt_l2cap_fixed_chan_list_start = .
 *(SORT_BY_NAME(SORT_BY_ALIGNMENT(._bt_l2cap_fixed_chan.static.*)))
                0x00000000000054f8                _bt_l2cap_fixed_chan_list_end = .

_bt_services_area
                0x00000000000054f8        0x0
                0x00000000000054f8                _bt_gatt_service_static_list_start = .
 *(SORT_BY_NAME(SORT_BY_ALIGNMENT(._bt_gatt_service_static.static.*)))
                0x00000000000054f8                _bt_gatt_service_static_list_end = .

log_const_sections
                0x00000000000054f8       0x38
                0x00000000000054f8                __log_const_start = .
 *(SORT_BY_NAME(SORT_BY_ALIGNMENT(.log_const_*)))
 .log_const_clock_control
                0x00000000000054f8        0x8 zephyr/libzephyr.a(nrf_power_clock.c.obj)
                0x00000000000054f8                log_const_clock_control
 .log_const_log
                0x0000000000005500        0x8 zephyr/libzephyr.a(log_core.c.obj)
                0x0000000000005500                log_const_log
 .log_const_mpu
                0x0000000000005508        0x8 zephyr/arch/arch/arm/core/cortex_m/mpu/libarch__arm__core__cortex_m__mpu.a(arm_core_mpu.c.obj)
                0x0000000000005508                log_const_mpu
 .log_const_os  0x0000000000005510        0x8 zephyr/kernel/libkernel.a(init.c.obj)
                0x0000000000005510                log_const_os
 .log_const_power
                0x0000000000005518        0x8 zephyr/libzephyr.a(power.c.obj)
                0x0000000000005518                log_const_power
 .log_const_pwm_nrfx
                0x0000000000005520        0x8 zephyr/drivers/pwm/libdrivers__pwm.a(pwm_nrfx.c.obj)
                0x0000000000005520                log_const_pwm_nrfx
 .log_const_soc
                0x0000000000005528        0x8 zephyr/libzephyr.a(soc.c.obj)
                0x0000000000005528                log_const_soc
                0x0000000000005530                __log_const_end = .

log_backends_sections
                0x0000000000005530       0x10
                0x0000000000005530                __log_backends_start = .
 *(SORT_BY_ALIGNMENT(._log_backend.*))
 ._log_backend.static.log_backend_uart
                0x0000000000005530       0x10 zephyr/libzephyr.a(log_backend_uart.c.obj)
                0x0000000000005540                __log_backends_end = .

shell_root_cmds_sections
                0x0000000000005540        0x0
                0x0000000000005540                __shell_root_cmds_start = .
 *(SORT_BY_NAME(SORT_BY_ALIGNMENT(.shell_root_cmd_*)))
                0x0000000000005540                __shell_root_cmds_end = .

font_entry_sections
                0x0000000000005540        0x0
                0x0000000000005540                __font_entry_start = .
 *(SORT_BY_NAME(SORT_BY_ALIGNMENT(._cfb_font.*)))
                0x0000000000005540                __font_entry_end = .

rodata          0x0000000000005540      0x88c
 *(SORT_BY_ALIGNMENT(.rodata))
 *(SORT_BY_ALIGNMENT(.rodata.*))
 .rodata.mpu_config
                0x0000000000005540        0x8 zephyr/libzephyr.a(mpu_regions.c.obj)
                0x0000000000005540                mpu_config
 .rodata.mpu_regions
                0x0000000000005548       0x18 zephyr/libzephyr.a(mpu_regions.c.obj)
 .rodata.colors
                0x0000000000005560       0x14 zephyr/libzephyr.a(log_output.c.obj)
 .rodata.severity
                0x0000000000005574       0x14 zephyr/libzephyr.a(log_output.c.obj)
 .rodata.log_backend_uart_api
                0x0000000000005588       0x18 zephyr/libzephyr.a(log_backend_uart.c.obj)
                0x0000000000005588                log_backend_uart_api
 .rodata.log_output
                0x00000000000055a0       0x10 zephyr/libzephyr.a(log_backend_uart.c.obj)
 .rodata.clock_control_api
                0x00000000000055b0       0x14 zephyr/libzephyr.a(nrf_power_clock.c.obj)
 .rodata.hfclk_config
                0x00000000000055c4        0xc zephyr/libzephyr.a(nrf_power_clock.c.obj)
 .rodata.lfclk_config
                0x00000000000055d0        0xc zephyr/libzephyr.a(nrf_power_clock.c.obj)
 .rodata.gpio_nrfx_drv_api_funcs
                0x00000000000055dc       0x1c zephyr/drivers/gpio/libdrivers__gpio.a(gpio_nrfx.c.obj)
 .rodata.gpio_nrfx_p0_cfg
                0x00000000000055f8        0x8 zephyr/drivers/gpio/libdrivers__gpio.a(gpio_nrfx.c.obj)
 .rodata.pwm_nrfx_0z_config
                0x0000000000005600       0x24 zephyr/drivers/pwm/libdrivers__pwm.a(pwm_nrfx.c.obj)
 .rodata.pwm_nrfx_drv_api_funcs
                0x0000000000005624        0x8 zephyr/drivers/pwm/libdrivers__pwm.a(pwm_nrfx.c.obj)
 .rodata.uart_nrfx_uart_driver_api
                0x000000000000562c       0x14 zephyr/drivers/serial/libdrivers__serial.a(uart_nrfx_uart.c.obj)
 .rodata.config_levels.8103
                0x0000000000005640       0x14 zephyr/kernel/libkernel.a(device.c.obj)
 .rodata._k_neg_eagain
                0x0000000000005654        0x4 zephyr/kernel/libkernel.a(errno.c.obj)
                0x0000000000005654                _k_neg_eagain
 .rodata.CSWTCH.8
                0x0000000000005658       0x14 zephyr/kernel/libkernel.a(fatal.c.obj)
 .rodata.button0_callback.str1.1
                0x000000000000566c       0x13 app/libapp.a(main.c.obj)
 .rodata.button1_callback.str1.1
                0x000000000000567f       0x13 app/libapp.a(main.c.obj)
 .rodata.main.str1.1
                0x0000000000005692        0x7 app/libapp.a(main.c.obj)
 .rodata.str1.1
                0x0000000000005699        0x4 zephyr/libzephyr.a(soc.c.obj)
                                          0x5 (size before relaxing)
 .rodata.str1.1
                0x000000000000569d        0xf zephyr/libzephyr.a(mpu_regions.c.obj)
 .rodata.enable_logger.str1.1
                0x00000000000056ac        0x8 zephyr/libzephyr.a(log_core.c.obj)
 .rodata.log_strdup.str1.1
                0x00000000000056b4       0x1a zephyr/libzephyr.a(log_core.c.obj)
 .rodata.str1.1
                0x00000000000056ce        0x4 zephyr/libzephyr.a(log_core.c.obj)
                                          0x5 (size before relaxing)
 .rodata.z_impl_log_process.str1.1
                0x00000000000056d2       0x36 zephyr/libzephyr.a(log_core.c.obj)
 .rodata.hexdump_line_print.str1.1
                0x0000000000005708        0xf zephyr/libzephyr.a(log_output.c.obj)
                                         0x11 (size before relaxing)
 .rodata.log_output_dropped_process.str1.1
                0x0000000000005717        0xf zephyr/libzephyr.a(log_output.c.obj)
                                          0x3 (size before relaxing)
 .rodata.log_output_msg_process.str1.1
                0x0000000000005717        0x2 zephyr/libzephyr.a(log_output.c.obj)
 .rodata.postfix.8856
                0x0000000000005719       0x1c zephyr/libzephyr.a(log_output.c.obj)
 .rodata.postfix_print.str1.1
                0x0000000000005735        0x3 zephyr/libzephyr.a(log_output.c.obj)
                                          0x5 (size before relaxing)
 .rodata.prefix.8855
                0x0000000000005738        0xc zephyr/libzephyr.a(log_output.c.obj)
 .rodata.prefix_print.str1.1
                0x0000000000005744       0x39 zephyr/libzephyr.a(log_output.c.obj)
                                         0x3c (size before relaxing)
 .rodata.str1.1
                0x000000000000577d       0x20 zephyr/libzephyr.a(log_output.c.obj)
 .rodata.log_backend_uart_init.str1.1
                0x000000000000579d        0x7 zephyr/libzephyr.a(log_backend_uart.c.obj)
 .rodata.str1.1
                0x00000000000057a4       0x11 zephyr/libzephyr.a(log_backend_uart.c.obj)
 .rodata.str1.1
                0x00000000000057b5        0x6 zephyr/libzephyr.a(power.c.obj)
 .rodata.str1.1
                0x00000000000057bb        0x1 zephyr/libzephyr.a(uart_console.c.obj)
 .rodata.uart_console_init.str1.1
                0x00000000000057bb        0x7 zephyr/libzephyr.a(uart_console.c.obj)
 .rodata.str1.1
                0x00000000000057bb       0x22 zephyr/libzephyr.a(nrf_power_clock.c.obj)
 .rodata.str1.1
                0x00000000000057dd        0xa zephyr/libzephyr.a(sys_clock_init.c.obj)
 .rodata.z_clock_driver_init.str1.1
                0x00000000000057e7        0xa zephyr/libzephyr.a(nrf_rtc_timer.c.obj)
 .rodata.z_arm_fatal_error.str1.1
                0x00000000000057e7       0x9b zephyr/arch/arch/arm/core/libarch__arm__core.a(fatal.c.obj)
 .rodata.bus_fault.isra.5.str1.1
                0x0000000000005882       0x88 zephyr/arch/arch/arm/core/cortex_m/libarch__arm__core__cortex_m.a(fault.c.obj)
 .rodata.mem_manage_fault.isra.4.str1.1
                0x000000000000590a       0xd8 zephyr/arch/arch/arm/core/cortex_m/libarch__arm__core__cortex_m.a(fault.c.obj)
 .rodata.usage_fault.isra.2.str1.1
                0x00000000000059e2       0xcd zephyr/arch/arch/arm/core/cortex_m/libarch__arm__core__cortex_m.a(fault.c.obj)
 .rodata.z_arm_fault.str1.1
                0x0000000000005aaf       0xce zephyr/arch/arch/arm/core/cortex_m/libarch__arm__core__cortex_m.a(fault.c.obj)
 .rodata.str1.1
                0x0000000000005b7d        0x4 zephyr/arch/arch/arm/core/cortex_m/mpu/libarch__arm__core__cortex_m__mpu.a(arm_core_mpu.c.obj)
 .rodata.mpu_configure_regions.str1.1
                0x0000000000005b81       0x49 zephyr/arch/arch/arm/core/cortex_m/mpu/libarch__arm__core__cortex_m__mpu.a(arm_mpu.c.obj)
 .rodata.str1.1
                0x0000000000005bca        0x1 zephyr/arch/arch/arm/core/cortex_m/mpu/libarch__arm__core__cortex_m__mpu.a(arm_mpu.c.obj)
 .rodata.z_prf.str1.1
                0x0000000000005bca        0xa zephyr/lib/libc/minimal/liblib__libc__minimal.a(prf.c.obj)
 .rodata.str1.1
                0x0000000000005bd4        0x7 zephyr/drivers/gpio/libdrivers__gpio.a(gpio_nrfx.c.obj)
 .rodata.pwm_nrfx_init.str1.1
                0x0000000000005bd4       0x20 zephyr/drivers/pwm/libdrivers__pwm.a(pwm_nrfx.c.obj)
 .rodata.pwm_nrfx_pin_set.str1.1
                0x0000000000005bf4       0xce zephyr/drivers/pwm/libdrivers__pwm.a(pwm_nrfx.c.obj)
 .rodata.str1.1
                0x0000000000005cc2        0xf zephyr/drivers/pwm/libdrivers__pwm.a(pwm_nrfx.c.obj)
 .rodata.str1.1
                0x0000000000005cd1        0x7 zephyr/drivers/serial/libdrivers__serial.a(uart_nrfx_uart.c.obj)
 .rodata.uart_nrfx_uart0_config
                0x0000000000005cd1        0x1 zephyr/drivers/serial/libdrivers__serial.a(uart_nrfx_uart.c.obj)
 .rodata.k_sys_fatal_error_handler.str1.1
                0x0000000000005cd2        0xf zephyr/kernel/libkernel.a(fatal.c.obj)
 .rodata.str1.1
                0x0000000000005ce1       0x4a zephyr/kernel/libkernel.a(fatal.c.obj)
 .rodata.z_fatal_error.str1.1
                0x0000000000005d2b       0x4c zephyr/kernel/libkernel.a(fatal.c.obj)
 .rodata.bg_thread_main.str1.1
                0x0000000000005d77       0x46 zephyr/kernel/libkernel.a(init.c.obj)
 .rodata.str1.1
                0x0000000000005dbd        0x3 zephyr/kernel/libkernel.a(init.c.obj)
 .rodata.z_cstart.str1.1
                0x0000000000005dc0        0xa zephyr/kernel/libkernel.a(init.c.obj)
 .rodata.str1.1
                0x0000000000005dca        0x1 zephyr/kernel/libkernel.a(mem_slab.c.obj)
 .rodata.str1.1
                0x0000000000005dca        0x1 zephyr/kernel/libkernel.a(mempool.c.obj)
 *(SORT_BY_ALIGNMENT(.gnu.linkonce.r.*))
                0x0000000000005dcc                . = ALIGN (0x4)
 *fill*         0x0000000000005dca        0x2 
                0x0000000000005dcc                _image_rodata_end = .
                0x0000000000005de0                . = ALIGN (_region_min_align)
                0x0000000000008000                . = ALIGN ((0x1 << LOG2CEIL ((_image_rodata_end - _image_rom_start))))
                0x0000000000008000                _image_rom_end = .
                0x0000000020000000                . = 0x20000000
                0x0000000020000000                . = ALIGN (_region_min_align)
                0x0000000020000000                _image_ram_start = .

.ramfunc        0x0000000020000000        0x0 load address 0x0000000000005dcc
                0x0000000020000000                . = ALIGN (_region_min_align)
                0x0000000020000000                . = ALIGN ((0x1 << LOG2CEIL (_ramfunc_ram_size)))
                0x0000000020000000                _ramfunc_ram_start = .
 *(SORT_BY_ALIGNMENT(.ramfunc))
 *(SORT_BY_ALIGNMENT(.ramfunc.*))
                0x0000000020000000                . = ALIGN (_region_min_align)
                0x0000000020000000                . = ALIGN ((0x1 << LOG2CEIL (_ramfunc_ram_size)))
                0x0000000020000000                _ramfunc_ram_end = .
                0x0000000000000000                _ramfunc_ram_size = (_ramfunc_ram_end - _ramfunc_ram_start)
                0x0000000000005dcc                _ramfunc_rom_start = LOADADDR (.ramfunc)

bss             0x0000000020000000      0x2c9
                0x0000000020000000                . = ALIGN (0x4)
                0x0000000020000000                __bss_start = .
                0x0000000020000000                __kernel_ram_start = .
 *(SORT_BY_ALIGNMENT(.bss))
 *(SORT_BY_ALIGNMENT(.bss.*))
 .bss.curr_tick
                0x0000000020000000        0x8 zephyr/kernel/libkernel.a(timeout.c.obj)
 .bss.button0   0x0000000020000008       0x14 app/libapp.a(main.c.obj)
                0x0000000020000008                button0
 .bss.button1   0x000000002000001c       0x14 app/libapp.a(main.c.obj)
                0x000000002000001c                button1
 .bss.led0      0x0000000020000030        0xc app/libapp.a(main.c.obj)
                0x0000000020000030                led0
 .bss.led1      0x000000002000003c        0xc app/libapp.a(main.c.obj)
                0x000000002000003c                led1
 .bss.led2      0x0000000020000048        0xc app/libapp.a(main.c.obj)
                0x0000000020000048                led2
 .bss.led3      0x0000000020000054        0xc app/libapp.a(main.c.obj)
                0x0000000020000054                led3
 .bss.buffered_cnt
                0x0000000020000060        0x4 zephyr/libzephyr.a(log_core.c.obj)
 .bss.dropped_cnt
                0x0000000020000064        0x4 zephyr/libzephyr.a(log_core.c.obj)
 .bss.initialized
                0x0000000020000068        0x4 zephyr/libzephyr.a(log_core.c.obj)
 .bss.list      0x000000002000006c        0x8 zephyr/libzephyr.a(log_core.c.obj)
 .bss.log_process_thread_timer
                0x0000000020000074       0x2c zephyr/libzephyr.a(log_core.c.obj)
 .bss.log_strdup_pool
                0x00000000200000a0       0x1c zephyr/libzephyr.a(log_core.c.obj)
                0x00000000200000a0                log_strdup_pool
 .bss.logging_thread
                0x00000000200000bc       0x6c zephyr/libzephyr.a(log_core.c.obj)
                0x00000000200000bc                logging_thread
 .bss.proc_tid  0x0000000020000128        0x4 zephyr/libzephyr.a(log_core.c.obj)
 .bss.log_msg_pool
                0x000000002000012c       0x1c zephyr/libzephyr.a(log_msg.c.obj)
                0x000000002000012c                log_msg_pool
 .bss.freq      0x0000000020000148        0x4 zephyr/libzephyr.a(log_output.c.obj)
 .bss.timestamp_div
                0x000000002000014c        0x4 zephyr/libzephyr.a(log_output.c.obj)
 .bss.backend_cb_log_backend_uart
                0x0000000020000150        0x8 zephyr/libzephyr.a(log_backend_uart.c.obj)
 .bss.log_output_control_block
                0x0000000020000158        0xc zephyr/libzephyr.a(log_backend_uart.c.obj)
 .bss.uart_console_dev
                0x0000000020000164        0x4 zephyr/libzephyr.a(uart_console.c.obj)
 .bss.hfclk     0x0000000020000168        0xc zephyr/libzephyr.a(nrf_power_clock.c.obj)
 .bss.lfclk     0x0000000020000174        0xc zephyr/libzephyr.a(nrf_power_clock.c.obj)
 .bss.last_count
                0x0000000020000180        0x4 zephyr/libzephyr.a(nrf_rtc_timer.c.obj)
 .bss.gpio_nrfx_p0_data
                0x0000000020000184       0x20 zephyr/drivers/gpio/libdrivers__gpio.a(gpio_nrfx.c.obj)
 .bss.m_cb      0x00000000200001a4        0x8 modules/nordic/lib..__modules__hal__nordic.a(nrfx_pwm.c.obj)
 .bss.z_idle_thread
                0x00000000200001ac       0x6c zephyr/kernel/libkernel.a(init.c.obj)
                0x00000000200001ac                z_idle_thread
 .bss.z_main_thread
                0x0000000020000218       0x6c zephyr/kernel/libkernel.a(init.c.obj)
                0x0000000020000218                z_main_thread
 .bss._kernel   0x0000000020000284       0x30 zephyr/kernel/libkernel.a(sched.c.obj)
                0x0000000020000284                _kernel
 .bss.pending_current
                0x00000000200002b4        0x4 zephyr/kernel/libkernel.a(sched.c.obj)
 .bss.slice_max_prio
                0x00000000200002b8        0x4 zephyr/kernel/libkernel.a(sched.c.obj)
 .bss.slice_time
                0x00000000200002bc        0x4 zephyr/kernel/libkernel.a(sched.c.obj)
 .bss.announce_remaining
                0x00000000200002c0        0x4 zephyr/kernel/libkernel.a(timeout.c.obj)
 .bss.backend_attached
                0x00000000200002c4        0x1 zephyr/libzephyr.a(log_core.c.obj)
 .bss.panic_mode
                0x00000000200002c5        0x1 zephyr/libzephyr.a(log_core.c.obj)
 .bss.buf       0x00000000200002c6        0x1 zephyr/libzephyr.a(log_backend_uart.c.obj)
 .bss.static_regions_num
                0x00000000200002c7        0x1 zephyr/arch/arch/arm/core/cortex_m/mpu/libarch__arm__core__cortex_m__mpu.a(arm_mpu.c.obj)
 .bss.gpio_initialized.8918
                0x00000000200002c8        0x1 zephyr/drivers/gpio/libdrivers__gpio.a(gpio_nrfx.c.obj)
 .bss.lock      0x00000000200002c9        0x0 zephyr/kernel/libkernel.a(mem_slab.c.obj)
 .bss.lock      0x00000000200002c9        0x0 zephyr/kernel/libkernel.a(sem.c.obj)
 .bss.lock      0x00000000200002c9        0x0 zephyr/kernel/libkernel.a(thread.c.obj)
 *(SORT_BY_ALIGNMENT(COMMON))
 *(SORT_BY_ALIGNMENT(.kernel_bss.*))
                0x00000000200002cc                __bss_end = ALIGN (0x4)

noinit          0x00000000200002d0     0x14e0
 *(SORT_BY_ALIGNMENT(.noinit))
 *(SORT_BY_ALIGNMENT(.noinit.*))
 .noinit."ZEPHYR_BASE/subsys/logging/log_core.c".1
                0x00000000200002d0      0x300 zephyr/libzephyr.a(log_core.c.obj)
                0x00000000200002d0                logging_stack
 .noinit."ZEPHYR_BASE/kernel/init.c".3
                0x00000000200005d0      0x400 zephyr/kernel/libkernel.a(init.c.obj)
                0x00000000200005d0                z_main_stack
 .noinit."ZEPHYR_BASE/kernel/init.c".4
                0x00000000200009d0      0x140 zephyr/kernel/libkernel.a(init.c.obj)
                0x00000000200009d0                z_idle_stack
 .noinit."ZEPHYR_BASE/kernel/init.c".5
                0x0000000020000b10      0x800 zephyr/kernel/libkernel.a(init.c.obj)
                0x0000000020000b10                _interrupt_stack
 .noinit."ZEPHYR_BASE/subsys/logging/log_core.c".0
                0x0000000020001310       0xa0 zephyr/libzephyr.a(log_core.c.obj)
 .noinit."ZEPHYR_BASE/subsys/logging/log_msg.c".0
                0x00000000200013b0      0x400 zephyr/libzephyr.a(log_msg.c.obj)
 *(SORT_BY_ALIGNMENT(.kernel_noinit.*))

datas           0x00000000200017b0       0x30 load address 0x0000000000005dcc
                0x00000000200017b0                __data_ram_start = .
 *(SORT_BY_ALIGNMENT(.data))
 *(SORT_BY_ALIGNMENT(.data.*))
 .data._char_out
                0x00000000200017b0        0x4 zephyr/libzephyr.a(printk.c.obj)
                0x00000000200017b0                _char_out
 .data.timestamp_func
                0x00000000200017b4        0x4 zephyr/libzephyr.a(log_core.c.obj)
 .data._stdout_hook
                0x00000000200017b8        0x4 zephyr/lib/libc/minimal/liblib__libc__minimal.a(stdout_console.c.obj)
 .data.pwm_nrfx_0_data
                0x00000000200017bc       0x10 zephyr/drivers/pwm/libdrivers__pwm.a(pwm_nrfx.c.obj)
 .data.uart_nrfx_uart0_data
                0x00000000200017cc        0x8 zephyr/drivers/serial/libdrivers__serial.a(uart_nrfx_uart.c.obj)
 .data.SystemCoreClock
                0x00000000200017d4        0x4 modules/nordic/lib..__modules__hal__nordic.a(system_nrf52.c.obj)
                0x00000000200017d4                SystemCoreClock
 .data.timeout_list
                0x00000000200017d8        0x8 zephyr/kernel/libkernel.a(timeout.c.obj)
 *(SORT_BY_ALIGNMENT(.kernel.*))
                0x0000000000005dcc                __data_rom_start = LOADADDR (datas)

initlevel       0x00000000200017e0       0x90 load address 0x0000000000005dfc
                0x00000000200017e0                __device_init_start = .
                0x00000000200017e0                __device_PRE_KERNEL_1_start = .
 *(SORT_BY_NAME(SORT_BY_ALIGNMENT(.init_PRE_KERNEL_1[0-9])))
 .init_PRE_KERNEL_10
                0x00000000200017e0        0xc zephyr/libzephyr.a(soc.c.obj)
 *(SORT_BY_NAME(SORT_BY_ALIGNMENT(.init_PRE_KERNEL_1[1-9][0-9])))
 .init_PRE_KERNEL_130
                0x00000000200017ec        0xc zephyr/kernel/libkernel.a(mem_slab.c.obj)
 .init_PRE_KERNEL_130
                0x00000000200017f8        0xc zephyr/kernel/libkernel.a(mempool.c.obj)
 .init_PRE_KERNEL_140
                0x0000000020001804        0xc zephyr/arch/arch/arm/core/cortex_m/mpu/libarch__arm__core__cortex_m__mpu.a(arm_mpu.c.obj)
 .init_PRE_KERNEL_150
                0x0000000020001810       0x18 zephyr/libzephyr.a(nrf_power_clock.c.obj)
 .init_PRE_KERNEL_150
                0x0000000020001828        0xc zephyr/drivers/serial/libdrivers__serial.a(uart_nrfx_uart.c.obj)
 .init_PRE_KERNEL_160
                0x0000000020001834        0xc zephyr/libzephyr.a(uart_console.c.obj)
                0x0000000020001840                __device_PRE_KERNEL_2_start = .
 *(SORT_BY_NAME(SORT_BY_ALIGNMENT(.init_PRE_KERNEL_2[0-9])))
 .init_PRE_KERNEL_20
                0x0000000020001840        0xc zephyr/libzephyr.a(sys_clock_init.c.obj)
 *(SORT_BY_NAME(SORT_BY_ALIGNMENT(.init_PRE_KERNEL_2[1-9][0-9])))
                0x000000002000184c                __device_POST_KERNEL_start = .
 *(SORT_BY_NAME(SORT_BY_ALIGNMENT(.init_POST_KERNEL[0-9])))
 .init_POST_KERNEL0
                0x000000002000184c        0xc zephyr/libzephyr.a(log_core.c.obj)
 *(SORT_BY_NAME(SORT_BY_ALIGNMENT(.init_POST_KERNEL[1-9][0-9])))
 .init_POST_KERNEL40
                0x0000000020001858        0xc zephyr/drivers/gpio/libdrivers__gpio.a(gpio_nrfx.c.obj)
 .init_POST_KERNEL50
                0x0000000020001864        0xc zephyr/drivers/pwm/libdrivers__pwm.a(pwm_nrfx.c.obj)
                0x0000000020001870                __device_APPLICATION_start = .
 *(SORT_BY_NAME(SORT_BY_ALIGNMENT(.init_APPLICATION[0-9])))
 *(SORT_BY_NAME(SORT_BY_ALIGNMENT(.init_APPLICATION[1-9][0-9])))
                0x0000000020001870                __device_init_end = .

initlevel_error
                0x00000000200017e0        0x0
 *(SORT_BY_NAME(SORT_BY_ALIGNMENT(.init_[_A-Z0-9]*)))
                0x0000000000000001                ASSERT ((SIZEOF (initlevel_error) == 0x0), Undefined initialization levels used.)

initshell       0x0000000020001870        0x0 load address 0x0000000000005e8c
                0x0000000020001870                __shell_module_start = .
 *(SORT_BY_ALIGNMENT(.shell_module_*))
                0x0000000020001870                __shell_module_end = .
                0x0000000020001870                __shell_cmd_start = .
 *(SORT_BY_ALIGNMENT(.shell_cmd_*))
                0x0000000020001870                __shell_cmd_end = .

log_dynamic_sections
                0x0000000020001870        0x0 load address 0x0000000000005e8c
                0x0000000020001870                __log_dynamic_start = .
 *(SORT_BY_NAME(SORT_BY_ALIGNMENT(.log_dynamic_*)))
                0x0000000020001870                __log_dynamic_end = .

_static_thread_area
                0x0000000020001870        0x0 load address 0x0000000000005e8c
                0x0000000020001870                __static_thread_data_list_start = .
 *(SORT_BY_NAME(SORT_BY_ALIGNMENT(.__static_thread_data.static.*)))
                0x0000000020001870                __static_thread_data_list_end = .

_k_timer_area   0x0000000020001870        0x0 load address 0x0000000000005e8c
                0x0000000020001870                _k_timer_list_start = .
 *(SORT_BY_ALIGNMENT(._k_timer.static.*))
                0x0000000020001870                _k_timer_list_end = .

_k_mem_slab_area
                0x0000000020001870        0x0 load address 0x0000000000005e8c
                0x0000000020001870                _k_mem_slab_list_start = .
 *(SORT_BY_ALIGNMENT(._k_mem_slab.static.*))
                0x0000000020001870                _k_mem_slab_list_end = .

_k_mem_pool_area
                0x0000000020001870        0x0 load address 0x0000000000005e8c
                0x0000000020001870                _k_mem_pool_list_start = .
 *(SORT_BY_ALIGNMENT(._k_mem_pool.static.*))
                0x0000000020001870                _k_mem_pool_list_end = .

_k_sem_area     0x0000000020001870       0x10 load address 0x0000000000005e8c
                0x0000000020001870                _k_sem_list_start = .
 *(SORT_BY_ALIGNMENT(._k_sem.static.*))
 ._k_sem.static.log_process_thread_sem
                0x0000000020001870       0x10 zephyr/libzephyr.a(log_core.c.obj)
                0x0000000020001870                log_process_thread_sem
 *(SORT_BY_ALIGNMENT(._sys_sem.static.*))
                0x0000000020001880                _k_sem_list_end = .

_k_mutex_area   0x0000000020001880       0x14 load address 0x0000000000005e9c
                0x0000000020001880                _k_mutex_list_start = .
 *(SORT_BY_ALIGNMENT(._k_mutex.static.*))
 ._k_mutex.static.fdtable_lock
                0x0000000020001880       0x14 zephyr/libzephyr.a(fdtable.c.obj)
                0x0000000020001894                _k_mutex_list_end = .

_k_queue_area   0x0000000020001894        0x0 load address 0x0000000000005eb0
                0x0000000020001894                _k_queue_list_start = .
 *(SORT_BY_ALIGNMENT(._k_queue.static.*))
 *(SORT_BY_ALIGNMENT(._k_fifo.static.*))
 *(SORT_BY_ALIGNMENT(._k_lifo.static.*))
                0x0000000020001894                _k_queue_list_end = .

_k_stack_area   0x0000000020001894        0x0 load address 0x0000000000005eb0
                0x0000000020001894                _k_stack_list_start = .
 *(SORT_BY_ALIGNMENT(._k_stack.static.*))
                0x0000000020001894                _k_stack_list_end = .

_k_msgq_area    0x0000000020001894        0x0 load address 0x0000000000005eb0
                0x0000000020001894                _k_msgq_list_start = .
 *(SORT_BY_ALIGNMENT(._k_msgq.static.*))
                0x0000000020001894                _k_msgq_list_end = .

_k_mbox_area    0x0000000020001894        0x0 load address 0x0000000000005eb0
                0x0000000020001894                _k_mbox_list_start = .
 *(SORT_BY_ALIGNMENT(._k_mbox.static.*))
                0x0000000020001894                _k_mbox_list_end = .

_k_pipe_area    0x0000000020001894        0x0 load address 0x0000000000005eb0
                0x0000000020001894                _k_pipe_list_start = .
 *(SORT_BY_ALIGNMENT(._k_pipe.static.*))
                0x0000000020001894                _k_pipe_list_end = .

_net_buf_pool_area
                0x0000000020001894        0x0 load address 0x0000000000005eb0
                0x0000000020001894                _net_buf_pool_list = .
 *(SORT_BY_NAME(SORT_BY_ALIGNMENT(._net_buf_pool.static.*)))

net_if          0x0000000020001894        0x0 load address 0x0000000000005eb0
                0x0000000020001894                __net_if_start = .
 *(SORT_BY_ALIGNMENT(.net_if.*))
 *(SORT_BY_NAME(SORT_BY_ALIGNMENT(.net_if.*)))
                0x0000000020001894                __net_if_end = .

net_if_dev      0x0000000020001894        0x0 load address 0x0000000000005eb0
                0x0000000020001894                __net_if_dev_start = .
 *(SORT_BY_ALIGNMENT(.net_if_dev.*))
 *(SORT_BY_NAME(SORT_BY_ALIGNMENT(.net_if_dev.*)))
                0x0000000020001894                __net_if_dev_end = .

net_l2_data     0x0000000020001894        0x0 load address 0x0000000000005eb0
                0x0000000020001894                __net_l2_data_start = .
 *(SORT_BY_ALIGNMENT(.net_l2.data))
 *(SORT_BY_NAME(SORT_BY_ALIGNMENT(.net_l2.data*)))
                0x0000000020001894                __net_l2_data_end = .

priv_stacks_noinit
                0x0000000020001894        0x0 load address 0x0000000000005eb0
                0x0000000020001894                z_priv_stacks_ram_start = .
 *(SORT_BY_ALIGNMENT(.priv_stacks.noinit))
                0x0000000020001894                z_priv_stacks_ram_end = .
                0x0000000020001894                __data_ram_end = .
                0x0000000020001894                _image_ram_end = .
                0x0000000020001894                _end = .
                0x0000000020010000                __kernel_ram_end = 0x20010000
                0x0000000000010000                __kernel_ram_size = (__kernel_ram_end - __kernel_ram_start)

.intList        0x0000000020010000       0x38
 *(SORT_BY_ALIGNMENT(.irq_info))
 .irq_info      0x0000000020010000        0x8 zephyr/libzephyr.a(isr_tables.c.obj)
                0x0000000020010000                _iheader
 *(SORT_BY_ALIGNMENT(.intList))
 .intList       0x0000000020010008       0x10 zephyr/libzephyr.a(nrf_power_clock.c.obj)
 .intList       0x0000000020010018       0x10 zephyr/libzephyr.a(nrf_rtc_timer.c.obj)
 .intList       0x0000000020010028       0x10 zephyr/drivers/gpio/libdrivers__gpio.a(gpio_nrfx.c.obj)

.stab
 *(SORT_BY_ALIGNMENT(.stab))

.stabstr
 *(SORT_BY_ALIGNMENT(.stabstr))

.stab.excl
 *(SORT_BY_ALIGNMENT(.stab.excl))

.stab.exclstr
 *(SORT_BY_ALIGNMENT(.stab.exclstr))

.stab.index
 *(SORT_BY_ALIGNMENT(.stab.index))

.stab.indexstr
 *(SORT_BY_ALIGNMENT(.stab.indexstr))

.gnu.build.attributes
 *(SORT_BY_ALIGNMENT(.gnu.build.attributes) SORT_BY_ALIGNMENT(.gnu.build.attributes.*))

.comment        0x0000000000000000       0x2b
 *(SORT_BY_ALIGNMENT(.comment))
 .comment       0x0000000000000000       0x2b app/libapp.a(main.c.obj)
                                         0x2c (size before relaxing)
 .comment       0x000000000000002b       0x2c app/libapp.a(es_led.c.obj)
 .comment       0x000000000000002b       0x2c app/libapp.a(es_button.c.obj)
 .comment       0x000000000000002b       0x2c zephyr/libzephyr.a(isr_tables.c.obj)
 .comment       0x000000000000002b       0x2c zephyr/libzephyr.a(fdtable.c.obj)
 .comment       0x000000000000002b       0x2c zephyr/libzephyr.a(mempool.c.obj)
 .comment       0x000000000000002b       0x2c zephyr/libzephyr.a(thread_entry.c.obj)
 .comment       0x000000000000002b       0x2c zephyr/libzephyr.a(printk.c.obj)
 .comment       0x000000000000002b       0x2c zephyr/libzephyr.a(configs.c.obj)
 .comment       0x000000000000002b       0x2c zephyr/libzephyr.a(soc.c.obj)
 .comment       0x000000000000002b       0x2c zephyr/libzephyr.a(mpu_regions.c.obj)
 .comment       0x000000000000002b       0x2c zephyr/libzephyr.a(log_list.c.obj)
 .comment       0x000000000000002b       0x2c zephyr/libzephyr.a(log_core.c.obj)
 .comment       0x000000000000002b       0x2c zephyr/libzephyr.a(log_msg.c.obj)
 .comment       0x000000000000002b       0x2c zephyr/libzephyr.a(log_output.c.obj)
 .comment       0x000000000000002b       0x2c zephyr/libzephyr.a(log_backend_uart.c.obj)
 .comment       0x000000000000002b       0x2c zephyr/libzephyr.a(power.c.obj)
 .comment       0x000000000000002b       0x2c zephyr/libzephyr.a(uart_console.c.obj)
 .comment       0x000000000000002b       0x2c zephyr/libzephyr.a(nrf_power_clock.c.obj)
 .comment       0x000000000000002b       0x2c zephyr/libzephyr.a(sys_clock_init.c.obj)
 .comment       0x000000000000002b       0x2c zephyr/libzephyr.a(nrf_rtc_timer.c.obj)
 .comment       0x000000000000002b       0x2c zephyr/arch/arch/arm/core/libarch__arm__core.a(swap.c.obj)
 .comment       0x000000000000002b       0x2c zephyr/arch/arch/arm/core/libarch__arm__core.a(irq_manage.c.obj)
 .comment       0x000000000000002b       0x2c zephyr/arch/arch/arm/core/libarch__arm__core.a(thread.c.obj)
 .comment       0x000000000000002b       0x2c zephyr/arch/arch/arm/core/libarch__arm__core.a(fatal.c.obj)
 .comment       0x000000000000002b       0x2c zephyr/arch/arch/arm/core/libarch__arm__core.a(nmi.c.obj)
 .comment       0x000000000000002b       0x2c zephyr/arch/arch/arm/core/libarch__arm__core.a(prep_c.c.obj)
 .comment       0x000000000000002b       0x2c zephyr/arch/arch/arm/core/cortex_m/libarch__arm__core__cortex_m.a(fault.c.obj)
 .comment       0x000000000000002b       0x2c zephyr/arch/arch/arm/core/cortex_m/libarch__arm__core__cortex_m.a(irq_init.c.obj)
 .comment       0x000000000000002b       0x2c zephyr/arch/arch/arm/core/cortex_m/libarch__arm__core__cortex_m.a(thread_abort.c.obj)
 .comment       0x000000000000002b       0x2c zephyr/arch/arch/arm/core/cortex_m/mpu/libarch__arm__core__cortex_m__mpu.a(arm_core_mpu.c.obj)
 .comment       0x000000000000002b       0x2c zephyr/arch/arch/arm/core/cortex_m/mpu/libarch__arm__core__cortex_m__mpu.a(arm_mpu.c.obj)
 .comment       0x000000000000002b       0x2c zephyr/lib/libc/minimal/liblib__libc__minimal.a(string.c.obj)
 .comment       0x000000000000002b       0x2c zephyr/lib/libc/minimal/liblib__libc__minimal.a(prf.c.obj)
 .comment       0x000000000000002b       0x2c zephyr/lib/libc/minimal/liblib__libc__minimal.a(stdout_console.c.obj)
 .comment       0x000000000000002b       0x2c zephyr/lib/libc/minimal/liblib__libc__minimal.a(sprintf.c.obj)
 .comment       0x000000000000002b       0x2c zephyr/drivers/gpio/libdrivers__gpio.a(gpio_nrfx.c.obj)
 .comment       0x000000000000002b       0x2c zephyr/drivers/pwm/libdrivers__pwm.a(pwm_nrfx.c.obj)
 .comment       0x000000000000002b       0x2c zephyr/drivers/serial/libdrivers__serial.a(uart_nrfx_uart.c.obj)
 .comment       0x000000000000002b       0x2c modules/nordic/lib..__modules__hal__nordic.a(system_nrf52.c.obj)
 .comment       0x000000000000002b       0x2c modules/nordic/lib..__modules__hal__nordic.a(nrfx_pwm.c.obj)
 .comment       0x000000000000002b       0x2c zephyr/kernel/libkernel.a(device.c.obj)
 .comment       0x000000000000002b       0x2c zephyr/kernel/libkernel.a(errno.c.obj)
 .comment       0x000000000000002b       0x2c zephyr/kernel/libkernel.a(fatal.c.obj)
 .comment       0x000000000000002b       0x2c zephyr/kernel/libkernel.a(idle.c.obj)
 .comment       0x000000000000002b       0x2c zephyr/kernel/libkernel.a(init.c.obj)
 .comment       0x000000000000002b       0x2c zephyr/kernel/libkernel.a(mem_slab.c.obj)
 .comment       0x000000000000002b       0x2c zephyr/kernel/libkernel.a(sched.c.obj)
 .comment       0x000000000000002b       0x2c zephyr/kernel/libkernel.a(sem.c.obj)
 .comment       0x000000000000002b       0x2c zephyr/kernel/libkernel.a(thread.c.obj)
 .comment       0x000000000000002b       0x2c zephyr/kernel/libkernel.a(timeout.c.obj)
 .comment       0x000000000000002b       0x2c zephyr/kernel/libkernel.a(timer.c.obj)
 .comment       0x000000000000002b       0x2c zephyr/kernel/libkernel.a(mempool.c.obj)
 .comment       0x000000000000002b       0x2c zephyr/CMakeFiles/offsets.dir/arch/arm/core/offsets/offsets.c.obj
 .comment       0x000000000000002b       0x2c /home/tarcisio/zephyr-sdk-0.10.3/arm-zephyr-eabi/bin/../lib/gcc/arm-zephyr-eabi/8.3.0/thumb/v7e-m/nofp/libgcc.a(_udivmoddi4.o)

.debug
 *(SORT_BY_ALIGNMENT(.debug))

.line
 *(SORT_BY_ALIGNMENT(.line))

.debug_srcinfo
 *(SORT_BY_ALIGNMENT(.debug_srcinfo))

.debug_sfnames
 *(SORT_BY_ALIGNMENT(.debug_sfnames))

.debug_aranges  0x0000000000000000     0x11a8
 *(SORT_BY_ALIGNMENT(.debug_aranges))
 .debug_aranges
                0x0000000000000000       0x20 zephyr/arch/arch/arm/core/libarch__arm__core.a(exc_exit.S.obj)
 .debug_aranges
                0x0000000000000020       0x28 zephyr/arch/arch/arm/core/libarch__arm__core.a(swap_helper.S.obj)
 .debug_aranges
                0x0000000000000048       0x30 zephyr/arch/arch/arm/core/libarch__arm__core.a(cpu_idle.S.obj)
 .debug_aranges
                0x0000000000000078       0x20 zephyr/arch/arch/arm/core/libarch__arm__core.a(fault_s.S.obj)
 .debug_aranges
                0x0000000000000098       0x20 zephyr/arch/arch/arm/core/libarch__arm__core.a(nmi_on_reset.S.obj)
 .debug_aranges
                0x00000000000000b8       0x20 zephyr/arch/arch/arm/core/libarch__arm__core.a(isr_wrapper.S.obj)
 .debug_aranges
                0x00000000000000d8       0x20 zephyr/arch/arch/arm/core/cortex_m/libarch__arm__core__cortex_m.a(reset.S.obj)
 .debug_aranges
                0x00000000000000f8       0x20 /home/tarcisio/zephyr-sdk-0.10.3/arm-zephyr-eabi/bin/../lib/gcc/arm-zephyr-eabi/8.3.0/thumb/v7e-m/nofp/libgcc.a(_aeabi_ldivmod.o)
 .debug_aranges
                0x0000000000000118       0x20 /home/tarcisio/zephyr-sdk-0.10.3/arm-zephyr-eabi/bin/../lib/gcc/arm-zephyr-eabi/8.3.0/thumb/v7e-m/nofp/libgcc.a(_dvmd_tls.o)
 .debug_aranges
                0x0000000000000138       0x30 app/libapp.a(main.c.obj)
 .debug_aranges
                0x0000000000000168       0x30 app/libapp.a(es_led.c.obj)
 .debug_aranges
                0x0000000000000198       0x20 app/libapp.a(es_button.c.obj)
 .debug_aranges
                0x00000000000001b8       0x18 zephyr/libzephyr.a(isr_tables.c.obj)
 .debug_aranges
                0x00000000000001d0       0x50 zephyr/libzephyr.a(fdtable.c.obj)
 .debug_aranges
                0x0000000000000220       0x68 zephyr/libzephyr.a(mempool.c.obj)
 .debug_aranges
                0x0000000000000288       0x20 zephyr/libzephyr.a(thread_entry.c.obj)
 .debug_aranges
                0x00000000000002a8       0x80 zephyr/libzephyr.a(printk.c.obj)
 .debug_aranges
                0x0000000000000328       0x20 zephyr/libzephyr.a(configs.c.obj)
 .debug_aranges
                0x0000000000000348       0x38 zephyr/libzephyr.a(soc.c.obj)
 .debug_aranges
                0x0000000000000380       0x18 zephyr/libzephyr.a(mpu_regions.c.obj)
 .debug_aranges
                0x0000000000000398       0x38 zephyr/libzephyr.a(log_list.c.obj)
 .debug_aranges
                0x00000000000003d0      0x158 zephyr/libzephyr.a(log_core.c.obj)
 .debug_aranges
                0x0000000000000528       0x88 zephyr/libzephyr.a(log_msg.c.obj)
 .debug_aranges
                0x00000000000005b0       0x80 zephyr/libzephyr.a(log_output.c.obj)
 .debug_aranges
                0x0000000000000630       0x40 zephyr/libzephyr.a(log_backend_uart.c.obj)
 .debug_aranges
                0x0000000000000670       0x40 zephyr/libzephyr.a(power.c.obj)
 .debug_aranges
                0x00000000000006b0       0x30 zephyr/libzephyr.a(uart_console.c.obj)
 .debug_aranges
                0x00000000000006e0       0x60 zephyr/libzephyr.a(nrf_power_clock.c.obj)
 .debug_aranges
                0x0000000000000740       0x40 zephyr/libzephyr.a(sys_clock_init.c.obj)
 .debug_aranges
                0x0000000000000780       0x40 zephyr/libzephyr.a(nrf_rtc_timer.c.obj)
 .debug_aranges
                0x00000000000007c0       0x20 zephyr/arch/arch/arm/core/libarch__arm__core.a(swap.c.obj)
 .debug_aranges
                0x00000000000007e0       0x50 zephyr/arch/arch/arm/core/libarch__arm__core.a(irq_manage.c.obj)
 .debug_aranges
                0x0000000000000830       0x28 zephyr/arch/arch/arm/core/libarch__arm__core.a(thread.c.obj)
 .debug_aranges
                0x0000000000000858       0x30 zephyr/arch/arch/arm/core/libarch__arm__core.a(fatal.c.obj)
 .debug_aranges
                0x0000000000000888       0x20 zephyr/arch/arch/arm/core/libarch__arm__core.a(nmi.c.obj)
 .debug_aranges
                0x00000000000008a8       0x20 zephyr/arch/arch/arm/core/libarch__arm__core.a(prep_c.c.obj)
 .debug_aranges
                0x00000000000008c8       0x40 zephyr/arch/arch/arm/core/cortex_m/libarch__arm__core__cortex_m.a(fault.c.obj)
 .debug_aranges
                0x0000000000000908       0x20 zephyr/arch/arch/arm/core/cortex_m/libarch__arm__core__cortex_m.a(irq_init.c.obj)
 .debug_aranges
                0x0000000000000928       0x20 zephyr/arch/arch/arm/core/cortex_m/libarch__arm__core__cortex_m.a(thread_abort.c.obj)
 .debug_aranges
                0x0000000000000948       0x28 zephyr/arch/arch/arm/core/cortex_m/mpu/libarch__arm__core__cortex_m__mpu.a(arm_core_mpu.c.obj)
 .debug_aranges
                0x0000000000000970       0x48 zephyr/arch/arch/arm/core/cortex_m/mpu/libarch__arm__core__cortex_m__mpu.a(arm_mpu.c.obj)
 .debug_aranges
                0x00000000000009b8       0x90 zephyr/lib/libc/minimal/liblib__libc__minimal.a(string.c.obj)
 .debug_aranges
                0x0000000000000a48       0x40 zephyr/lib/libc/minimal/liblib__libc__minimal.a(prf.c.obj)
 .debug_aranges
                0x0000000000000a88       0x58 zephyr/lib/libc/minimal/liblib__libc__minimal.a(stdout_console.c.obj)
 .debug_aranges
                0x0000000000000ae0       0x40 zephyr/lib/libc/minimal/liblib__libc__minimal.a(sprintf.c.obj)
 .debug_aranges
                0x0000000000000b20       0x68 zephyr/drivers/gpio/libdrivers__gpio.a(gpio_nrfx.c.obj)
 .debug_aranges
                0x0000000000000b88       0x30 zephyr/drivers/pwm/libdrivers__pwm.a(pwm_nrfx.c.obj)
 .debug_aranges
                0x0000000000000bb8       0x48 zephyr/drivers/serial/libdrivers__serial.a(uart_nrfx_uart.c.obj)
 .debug_aranges
                0x0000000000000c00       0x38 modules/nordic/lib..__modules__hal__nordic.a(system_nrf52.c.obj)
 .debug_aranges
                0x0000000000000c38       0x60 modules/nordic/lib..__modules__hal__nordic.a(nrfx_pwm.c.obj)
 .debug_aranges
                0x0000000000000c98       0x30 zephyr/kernel/libkernel.a(device.c.obj)
 .debug_aranges
                0x0000000000000cc8       0x20 zephyr/kernel/libkernel.a(errno.c.obj)
 .debug_aranges
                0x0000000000000ce8       0x38 zephyr/kernel/libkernel.a(fatal.c.obj)
 .debug_aranges
                0x0000000000000d20       0x28 zephyr/kernel/libkernel.a(idle.c.obj)
 .debug_aranges
                0x0000000000000d48       0x48 zephyr/kernel/libkernel.a(init.c.obj)
 .debug_aranges
                0x0000000000000d90       0x38 zephyr/kernel/libkernel.a(mem_slab.c.obj)
 .debug_aranges
                0x0000000000000dc8      0x190 zephyr/kernel/libkernel.a(sched.c.obj)
 .debug_aranges
                0x0000000000000f58       0x30 zephyr/kernel/libkernel.a(sem.c.obj)
 .debug_aranges
                0x0000000000000f88       0xd0 zephyr/kernel/libkernel.a(thread.c.obj)
 .debug_aranges
                0x0000000000001058       0x78 zephyr/kernel/libkernel.a(timeout.c.obj)
 .debug_aranges
                0x00000000000010d0       0x48 zephyr/kernel/libkernel.a(timer.c.obj)
 .debug_aranges
                0x0000000000001118       0x50 zephyr/kernel/libkernel.a(mempool.c.obj)
 .debug_aranges
                0x0000000000001168       0x20 zephyr/CMakeFiles/offsets.dir/arch/arm/core/offsets/offsets.c.obj
 .debug_aranges
                0x0000000000001188       0x20 /home/tarcisio/zephyr-sdk-0.10.3/arm-zephyr-eabi/bin/../lib/gcc/arm-zephyr-eabi/8.3.0/thumb/v7e-m/nofp/libgcc.a(_udivmoddi4.o)

.debug_pubnames
 *(SORT_BY_ALIGNMENT(.debug_pubnames))

.debug_info     0x0000000000000000    0x4203c
 *(SORT_BY_ALIGNMENT(.debug_info) SORT_BY_ALIGNMENT(.gnu.linkonce.wi.*))
 .debug_info    0x0000000000000000      0xc9e app/libapp.a(main.c.obj)
 .debug_info    0x0000000000000c9e      0xcf4 app/libapp.a(es_led.c.obj)
 .debug_info    0x0000000000001992      0xef8 app/libapp.a(es_button.c.obj)
 .debug_info    0x000000000000288a      0x214 zephyr/libzephyr.a(isr_tables.c.obj)
 .debug_info    0x0000000000002a9e      0xdad zephyr/libzephyr.a(fdtable.c.obj)
 .debug_info    0x000000000000384b     0x1d28 zephyr/libzephyr.a(mempool.c.obj)
 .debug_info    0x0000000000005573      0x8a5 zephyr/libzephyr.a(thread_entry.c.obj)
 .debug_info    0x0000000000005e18     0x1246 zephyr/libzephyr.a(printk.c.obj)
 .debug_info    0x000000000000705e       0x38 zephyr/libzephyr.a(configs.c.obj)
 .debug_info    0x0000000000007096     0x1438 zephyr/libzephyr.a(soc.c.obj)
 .debug_info    0x00000000000084ce      0x1eb zephyr/libzephyr.a(mpu_regions.c.obj)
 .debug_info    0x00000000000086b9      0x4cc zephyr/libzephyr.a(log_list.c.obj)
 .debug_info    0x0000000000008b85     0x3b3a zephyr/libzephyr.a(log_core.c.obj)
 .debug_info    0x000000000000c6bf     0x1ad8 zephyr/libzephyr.a(log_msg.c.obj)
 .debug_info    0x000000000000e197     0x27ea zephyr/libzephyr.a(log_output.c.obj)
 .debug_info    0x0000000000010981     0x1526 zephyr/libzephyr.a(log_backend_uart.c.obj)
 .debug_info    0x0000000000011ea7      0xb4d zephyr/libzephyr.a(power.c.obj)
 .debug_info    0x00000000000129f4      0xc41 zephyr/libzephyr.a(uart_console.c.obj)
 .debug_info    0x0000000000013635     0x20c2 zephyr/libzephyr.a(nrf_power_clock.c.obj)
 .debug_info    0x00000000000156f7      0x9b9 zephyr/libzephyr.a(sys_clock_init.c.obj)
 .debug_info    0x00000000000160b0     0x1cbc zephyr/libzephyr.a(nrf_rtc_timer.c.obj)
 .debug_info    0x0000000000017d6c       0x26 zephyr/arch/arch/arm/core/libarch__arm__core.a(exc_exit.S.obj)
 .debug_info    0x0000000000017d92      0xb5c zephyr/arch/arch/arm/core/libarch__arm__core.a(swap.c.obj)
 .debug_info    0x00000000000188ee       0x22 zephyr/arch/arch/arm/core/libarch__arm__core.a(swap_helper.S.obj)
 .debug_info    0x0000000000018910      0xfcc zephyr/arch/arch/arm/core/libarch__arm__core.a(irq_manage.c.obj)
 .debug_info    0x00000000000198dc      0xd4d zephyr/arch/arch/arm/core/libarch__arm__core.a(thread.c.obj)
 .debug_info    0x000000000001a629       0x22 zephyr/arch/arch/arm/core/libarch__arm__core.a(cpu_idle.S.obj)
 .debug_info    0x000000000001a64b       0x26 zephyr/arch/arch/arm/core/libarch__arm__core.a(fault_s.S.obj)
 .debug_info    0x000000000001a671     0x1020 zephyr/arch/arch/arm/core/libarch__arm__core.a(fatal.c.obj)
 .debug_info    0x000000000001b691      0x797 zephyr/arch/arch/arm/core/libarch__arm__core.a(nmi.c.obj)
 .debug_info    0x000000000001be28       0x26 zephyr/arch/arch/arm/core/libarch__arm__core.a(nmi_on_reset.S.obj)
 .debug_info    0x000000000001be4e      0xbf3 zephyr/arch/arch/arm/core/libarch__arm__core.a(prep_c.c.obj)
 .debug_info    0x000000000001ca41       0x26 zephyr/arch/arch/arm/core/libarch__arm__core.a(isr_wrapper.S.obj)
 .debug_info    0x000000000001ca67       0x26 zephyr/arch/arch/arm/core/cortex_m/libarch__arm__core__cortex_m.a(reset.S.obj)
 .debug_info    0x000000000001ca8d     0x1eac zephyr/arch/arch/arm/core/cortex_m/libarch__arm__core__cortex_m.a(fault.c.obj)
 .debug_info    0x000000000001e939      0x661 zephyr/arch/arch/arm/core/cortex_m/libarch__arm__core__cortex_m.a(irq_init.c.obj)
 .debug_info    0x000000000001ef9a      0xc38 zephyr/arch/arch/arm/core/cortex_m/libarch__arm__core__cortex_m.a(thread_abort.c.obj)
 .debug_info    0x000000000001fbd2      0xd67 zephyr/arch/arch/arm/core/cortex_m/mpu/libarch__arm__core__cortex_m__mpu.a(arm_core_mpu.c.obj)
 .debug_info    0x0000000000020939     0x1720 zephyr/arch/arch/arm/core/cortex_m/mpu/libarch__arm__core__cortex_m__mpu.a(arm_mpu.c.obj)
 .debug_info    0x0000000000022059      0x70f zephyr/lib/libc/minimal/liblib__libc__minimal.a(string.c.obj)
 .debug_info    0x0000000000022768      0xedf zephyr/lib/libc/minimal/liblib__libc__minimal.a(prf.c.obj)
 .debug_info    0x0000000000023647      0x691 zephyr/lib/libc/minimal/liblib__libc__minimal.a(stdout_console.c.obj)
 .debug_info    0x0000000000023cd8      0x3d4 zephyr/lib/libc/minimal/liblib__libc__minimal.a(sprintf.c.obj)
 .debug_info    0x00000000000240ac     0x2b87 zephyr/drivers/gpio/libdrivers__gpio.a(gpio_nrfx.c.obj)
 .debug_info    0x0000000000026c33     0x1e23 zephyr/drivers/pwm/libdrivers__pwm.a(pwm_nrfx.c.obj)
 .debug_info    0x0000000000028a56     0x1f08 zephyr/drivers/serial/libdrivers__serial.a(uart_nrfx_uart.c.obj)
 .debug_info    0x000000000002a95e     0x11b4 modules/nordic/lib..__modules__hal__nordic.a(system_nrf52.c.obj)
 .debug_info    0x000000000002bb12     0x23c5 modules/nordic/lib..__modules__hal__nordic.a(nrfx_pwm.c.obj)
 .debug_info    0x000000000002ded7      0x9a5 zephyr/kernel/libkernel.a(device.c.obj)
 .debug_info    0x000000000002e87c      0x9b4 zephyr/kernel/libkernel.a(errno.c.obj)
 .debug_info    0x000000000002f230     0x14a6 zephyr/kernel/libkernel.a(fatal.c.obj)
 .debug_info    0x00000000000306d6      0xb7c zephyr/kernel/libkernel.a(idle.c.obj)
 .debug_info    0x0000000000031252     0x1e4a zephyr/kernel/libkernel.a(init.c.obj)
 .debug_info    0x000000000003309c     0x123c zephyr/kernel/libkernel.a(mem_slab.c.obj)
 .debug_info    0x00000000000342d8     0x49b9 zephyr/kernel/libkernel.a(sched.c.obj)
 .debug_info    0x0000000000038c91     0x102c zephyr/kernel/libkernel.a(sem.c.obj)
 .debug_info    0x0000000000039cbd     0x1f00 zephyr/kernel/libkernel.a(thread.c.obj)
 .debug_info    0x000000000003bbbd     0x1b57 zephyr/kernel/libkernel.a(timeout.c.obj)
 .debug_info    0x000000000003d714     0x15ad zephyr/kernel/libkernel.a(timer.c.obj)
 .debug_info    0x000000000003ecc1     0x1292 zephyr/kernel/libkernel.a(mempool.c.obj)
 .debug_info    0x000000000003ff53      0x929 zephyr/CMakeFiles/offsets.dir/arch/arm/core/offsets/offsets.c.obj
 .debug_info    0x000000000004087c       0x26 /home/tarcisio/zephyr-sdk-0.10.3/arm-zephyr-eabi/bin/../lib/gcc/arm-zephyr-eabi/8.3.0/thumb/v7e-m/nofp/libgcc.a(_aeabi_ldivmod.o)
 .debug_info    0x00000000000408a2     0x1774 /home/tarcisio/zephyr-sdk-0.10.3/arm-zephyr-eabi/bin/../lib/gcc/arm-zephyr-eabi/8.3.0/thumb/v7e-m/nofp/libgcc.a(_udivmoddi4.o)
 .debug_info    0x0000000000042016       0x26 /home/tarcisio/zephyr-sdk-0.10.3/arm-zephyr-eabi/bin/../lib/gcc/arm-zephyr-eabi/8.3.0/thumb/v7e-m/nofp/libgcc.a(_dvmd_tls.o)

.debug_abbrev   0x0000000000000000     0xc691
 *(SORT_BY_ALIGNMENT(.debug_abbrev))
 .debug_abbrev  0x0000000000000000      0x286 app/libapp.a(main.c.obj)
 .debug_abbrev  0x0000000000000286      0x2f1 app/libapp.a(es_led.c.obj)