Archive member included to satisfy reference by file (symbol)

app/libapp.a(main.c.obj)      (--whole-archive)
app/libapp.a(es_led.c.obj)    (--whole-archive)
app/libapp.a(es_button.c.obj)
                              (--whole-archive)
zephyr/libzephyr.a(crc32_sw.c.obj)
                              (--whole-archive)
zephyr/libzephyr.a(crc16_sw.c.obj)
                              (--whole-archive)
zephyr/libzephyr.a(crc8_sw.c.obj)
                              (--whole-archive)
zephyr/libzephyr.a(crc7_sw.c.obj)
                              (--whole-archive)
zephyr/libzephyr.a(dec.c.obj)
                              (--whole-archive)
zephyr/libzephyr.a(fdtable.c.obj)
                              (--whole-archive)
zephyr/libzephyr.a(hex.c.obj)
                              (--whole-archive)
zephyr/libzephyr.a(mempool.c.obj)
                              (--whole-archive)
zephyr/libzephyr.a(rb.c.obj)  (--whole-archive)
zephyr/libzephyr.a(sem.c.obj)
                              (--whole-archive)
zephyr/libzephyr.a(thread_entry.c.obj)
                              (--whole-archive)
zephyr/libzephyr.a(timeutil.c.obj)
                              (--whole-archive)
zephyr/libzephyr.a(work_q.c.obj)
                              (--whole-archive)
zephyr/libzephyr.a(printk.c.obj)
                              (--whole-archive)
zephyr/libzephyr.a(configs.c.obj)
                              (--whole-archive)
zephyr/libzephyr.a(validate_base_addresses.c.obj)
                              (--whole-archive)
zephyr/libzephyr.a(power.c.obj)
                              (--whole-archive)
zephyr/libzephyr.a(policy_residency.c.obj)
                              (--whole-archive)
zephyr/libzephyr.a(uart_console.c.obj)
                              (--whole-archive)
zephyr/libzephyr.a(nrf_power_clock.c.obj)
                              (--whole-archive)
zephyr/libzephyr.a(sys_clock_init.c.obj)
                              (--whole-archive)
zephyr/libzephyr.a(nrf_rtc_timer.c.obj)
                              (--whole-archive)
zephyr/arch/common/libarch__common.a(isr_tables.c.obj)
                              (--whole-archive)
zephyr/arch/common/libarch__common.a(sw_isr_common.c.obj)
                              (--whole-archive)
zephyr/arch/arch/arm/core/libarch__arm__core.a(exc_exit.S.obj)
                              (--whole-archive)
zephyr/arch/arch/arm/core/libarch__arm__core.a(swap.c.obj)
                              (--whole-archive)
zephyr/arch/arch/arm/core/libarch__arm__core.a(swap_helper.S.obj)
                              (--whole-archive)
zephyr/arch/arch/arm/core/libarch__arm__core.a(irq_manage.c.obj)
                              (--whole-archive)
zephyr/arch/arch/arm/core/libarch__arm__core.a(thread.c.obj)
                              (--whole-archive)
zephyr/arch/arch/arm/core/libarch__arm__core.a(cpu_idle.S.obj)
                              (--whole-archive)
zephyr/arch/arch/arm/core/libarch__arm__core.a(fault_s.S.obj)
                              (--whole-archive)
zephyr/arch/arch/arm/core/libarch__arm__core.a(fatal.c.obj)
                              (--whole-archive)
zephyr/arch/arch/arm/core/libarch__arm__core.a(nmi.c.obj)
                              (--whole-archive)
zephyr/arch/arch/arm/core/libarch__arm__core.a(nmi_on_reset.S.obj)
                              (--whole-archive)
zephyr/arch/arch/arm/core/libarch__arm__core.a(prep_c.c.obj)
                              (--whole-archive)
zephyr/arch/arch/arm/core/libarch__arm__core.a(isr_wrapper.S.obj)
                              (--whole-archive)
zephyr/arch/arch/arm/core/cortex_m/libarch__arm__core__cortex_m.a(vector_table.S.obj)
                              (--whole-archive)
zephyr/arch/arch/arm/core/cortex_m/libarch__arm__core__cortex_m.a(reset.S.obj)
                              (--whole-archive)
zephyr/arch/arch/arm/core/cortex_m/libarch__arm__core__cortex_m.a(fault.c.obj)
                              (--whole-archive)
zephyr/arch/arch/arm/core/cortex_m/libarch__arm__core__cortex_m.a(scb.c.obj)
                              (--whole-archive)
zephyr/arch/arch/arm/core/cortex_m/libarch__arm__core__cortex_m.a(irq_init.c.obj)
                              (--whole-archive)
zephyr/arch/arch/arm/core/cortex_m/libarch__arm__core__cortex_m.a(thread_abort.c.obj)
                              (--whole-archive)
zephyr/arch/arch/arm/core/cortex_m/mpu/libarch__arm__core__cortex_m__mpu.a(arm_core_mpu.c.obj)
                              (--whole-archive)
zephyr/arch/arch/arm/core/cortex_m/mpu/libarch__arm__core__cortex_m__mpu.a(arm_mpu.c.obj)
                              (--whole-archive)
zephyr/lib/libc/minimal/liblib__libc__minimal.a(atoi.c.obj)
                              (--whole-archive)
zephyr/lib/libc/minimal/liblib__libc__minimal.a(strtol.c.obj)
                              (--whole-archive)
zephyr/lib/libc/minimal/liblib__libc__minimal.a(strtoul.c.obj)
                              (--whole-archive)
[...]
Memory Configuration

Name             Origin             Length             Attributes
FLASH            0x0000000000000000 0x0000000000080000 xr
SRAM             0x0000000020000000 0x0000000000010000 xw
IDT_LIST         0x0000000020010000 0x0000000000000800 xw
*default*        0x0000000000000000 0xffffffffffffffff

Linker script and memory map

LOAD zephyr/CMakeFiles/zephyr_final.dir/misc/empty_file.c.obj
LOAD zephyr/CMakeFiles/zephyr_final.dir/isr_tables.c.obj
                0x0000000000000020                _region_min_align = 0x20

.rel.plt        0x0000000000000000        0x0
 *(SORT_BY_ALIGNMENT(.rel.plt))
                [!provide]                        PROVIDE (__rel_iplt_start = .)
 *(SORT_BY_ALIGNMENT(.rel.iplt))
 .rel.iplt      0x0000000000000000        0x0 zephyr/CMakeFiles/zephyr_final.dir/isr_tables.c.obj
                [!provide]                        PROVIDE (__rel_iplt_end = .)

.rela.plt       0x0000000000000000        0x0
 *(SORT_BY_ALIGNMENT(.rela.plt))
                [!provide]                        PROVIDE (__rela_iplt_start = .)
 *(SORT_BY_ALIGNMENT(.rela.iplt))
                [!provide]                        PROVIDE (__rela_iplt_end = .)

.rel.dyn
 *(SORT_BY_ALIGNMENT(.rel.*))

.rela.dyn
 *(SORT_BY_ALIGNMENT(.rela.*))

/DISCARD/
 *(SORT_BY_ALIGNMENT(.plt))
 *(SORT_BY_ALIGNMENT(.iplt))
 *(SORT_BY_ALIGNMENT(.got.plt))
 *(SORT_BY_ALIGNMENT(.igot.plt))
 *(SORT_BY_ALIGNMENT(.got))
 *(SORT_BY_ALIGNMENT(.igot))
 *(SORT_BY_ALIGNMENT(.irq_info))
 *(SORT_BY_ALIGNMENT(.intList))
 *(SORT_BY_ALIGNMENT(.note.GNU-stack))
                0x0000000000000000                _image_rom_start = 0x0

text            0x0000000000000000       0xdc
                0x0000000000000000                . = 0x0
                0x0000000000000000                _vector_start = .
 *(SORT_BY_ALIGNMENT(.exc_vector_table))
 *(SORT_BY_ALIGNMENT(.exc_vector_table.*))
 .exc_vector_table._vector_table_section
                0x0000000000000000       0x40 zephyr/arch/arch/arm/core/cortex_m/libarch__arm__core__cortex_m.a(vector_table.S.obj)
                0x0000000000000000                _vector_table
 *(SORT_BY_ALIGNMENT(.gnu.linkonce.irq_vector_table))
 .gnu.linkonce.irq_vector_table
                0x0000000000000040       0x9c zephyr/CMakeFiles/zephyr_final.dir/isr_tables.c.obj
                0x0000000000000040                _irq_vector_table
 *(SORT_BY_ALIGNMENT(.vectors))
 *(SORT_BY_ALIGNMENT(.openocd_dbg))
 *(SORT_BY_ALIGNMENT(.openocd_dbg.*))
                0x00000000000000dc                _vector_end = .

_TEXT_SECTION_NAME_2
                0x00000000000000dc     0x2d86
                0x00000000000000dc                _image_text_start = .
 *(SORT_BY_ALIGNMENT(.text))
 .text          0x00000000000000dc       0x30 /home/tarcisio/zephyr-sdk-0.10.3/arm-zephyr-eabi/bin/../lib/gcc/arm-zephyr-eabi/8.3.0/thumb/v7e-m/nofp/libgcc.a(_aeabi_uldivmod.o)
                0x00000000000000dc                __aeabi_uldivmod
 .text          0x000000000000010c        0x4 /home/tarcisio/zephyr-sdk-0.10.3/arm-zephyr-eabi/bin/../lib/gcc/arm-zephyr-eabi/8.3.0/thumb/v7e-m/nofp/libgcc.a(_dvmd_tls.o)
                0x000000000000010c                __aeabi_ldiv0
                0x000000000000010c                __aeabi_idiv0
 .text          0x0000000000000110      0x2b4 /home/tarcisio/zephyr-sdk-0.10.3/arm-zephyr-eabi/bin/../lib/gcc/arm-zephyr-eabi/8.3.0/thumb/v7e-m/nofp/libgcc.a(_udivmoddi4.o)
                0x0000000000000110                __udivmoddi4
 *(SORT_BY_ALIGNMENT(.text.*))
 .text.button0_callback
                0x00000000000003c4       0x24 app/libapp.a(main.c.obj)
                0x00000000000003c4                button0_callback
 .text.button1_callback
                0x00000000000003e8       0x24 app/libapp.a(main.c.obj)
                0x00000000000003e8                button1_callback
 .text.button2_callback
                0x000000000000040c       0x24 app/libapp.a(main.c.obj)
                0x000000000000040c                button2_callback
 .text.button3_callback
                0x0000000000000430       0x24 app/libapp.a(main.c.obj)
                0x0000000000000430                button3_callback
 .text.main     0x0000000000000454      0x290 app/libapp.a(main.c.obj)
                0x0000000000000454                main
 .text.char_out
                0x00000000000006e4       0x10 zephyr/libzephyr.a(printk.c.obj)
 .text._printk_dec_ulong
                0x00000000000006f4       0x98 zephyr/libzephyr.a(printk.c.obj)
 .text.__printk_hook_install
                0x000000000000078c        0xc zephyr/libzephyr.a(printk.c.obj)
                0x000000000000078c                __printk_hook_install
 .text.vprintk  0x0000000000000798       0x1c zephyr/libzephyr.a(printk.c.obj)
                0x0000000000000798                vprintk
 .text.console_out
                0x00000000000007b4       0x28 zephyr/libzephyr.a(uart_console.c.obj)
 .text.uart_console_hook_install
                0x00000000000007dc       0x18 zephyr/libzephyr.a(uart_console.c.obj)
                0x00000000000007dc                uart_console_hook_install
 .text.uart_console_init
                0x00000000000007f4       0x1c zephyr/libzephyr.a(uart_console.c.obj)
 .text.nrf_power_clock_isr
                0x0000000000000810       0x68 zephyr/libzephyr.a(nrf_power_clock.c.obj)
                0x0000000000000810                nrf_power_clock_isr
 .text.rtc1_nrf_isr
                0x0000000000000878       0x40 zephyr/libzephyr.a(nrf_rtc_timer.c.obj)
                0x0000000000000878                rtc1_nrf_isr
 .text.z_clock_driver_init
                0x00000000000008b8       0x84 zephyr/libzephyr.a(nrf_rtc_timer.c.obj)
                0x00000000000008b8                z_clock_driver_init
 .text.z_clock_set_timeout
                0x000000000000093c       0xac zephyr/libzephyr.a(nrf_rtc_timer.c.obj)
                0x000000000000093c                z_clock_set_timeout
 .text.z_clock_elapsed
                0x00000000000009e8       0x34 zephyr/libzephyr.a(nrf_rtc_timer.c.obj)
                0x00000000000009e8                z_clock_elapsed
 .text._HandlerModeExit
                0x0000000000000a1c       0x1c zephyr/arch/arch/arm/core/libarch__arm__core.a(exc_exit.S.obj)
                0x0000000000000a1c                z_arm_exc_exit
                0x0000000000000a1c                z_arm_int_exit
 .text.arch_swap
                0x0000000000000a38       0x34 zephyr/arch/arch/arm/core/libarch__arm__core.a(swap.c.obj)
                0x0000000000000a38                arch_swap
 .text.z_arm_pendsv
                0x0000000000000a6c       0x54 zephyr/arch/arch/arm/core/libarch__arm__core.a(swap_helper.S.obj)
                0x0000000000000a6c                z_arm_pendsv
 .text.z_arm_svc
                0x0000000000000ac0       0x20 zephyr/arch/arch/arm/core/libarch__arm__core.a(swap_helper.S.obj)
                0x0000000000000ac0                z_arm_svc
 .text.arch_irq_enable
                0x0000000000000ae0       0x20 zephyr/arch/arch/arm/core/libarch__arm__core.a(irq_manage.c.obj)
                0x0000000000000ae0                arch_irq_enable
 .text.z_arm_irq_priority_set
                0x0000000000000b00       0x30 zephyr/arch/arch/arm/core/libarch__arm__core.a(irq_manage.c.obj)
                0x0000000000000b00                z_arm_irq_priority_set
 .text.arch_new_thread
                0x0000000000000b30       0x44 zephyr/arch/arch/arm/core/libarch__arm__core.a(thread.c.obj)
                0x0000000000000b30                arch_new_thread
 .text.arch_switch_to_main_thread
                0x0000000000000b74       0x3c zephyr/arch/arch/arm/core/libarch__arm__core.a(thread.c.obj)
                0x0000000000000b74                arch_switch_to_main_thread
 .text.z_arm_cpu_idle_init
                0x0000000000000bb0        0xc zephyr/arch/arch/arm/core/libarch__arm__core.a(cpu_idle.S.obj)
                0x0000000000000bb0                z_arm_cpu_idle_init
 .text.arch_cpu_idle
                0x0000000000000bbc        0xc zephyr/arch/arch/arm/core/libarch__arm__core.a(cpu_idle.S.obj)
                0x0000000000000bbc                arch_cpu_idle
 .text.__fault  0x0000000000000bc8       0x14 zephyr/arch/arch/arm/core/libarch__arm__core.a(fault_s.S.obj)
                0x0000000000000bc8                z_arm_bus_fault
                0x0000000000000bc8                z_arm_usage_fault
                0x0000000000000bc8                z_arm_mpu_fault
                0x0000000000000bc8                z_arm_reserved
                0x0000000000000bc8                z_arm_debug_monitor
                0x0000000000000bc8                z_arm_hard_fault
 .text.z_SysNmiOnReset
                0x0000000000000bdc        0x8 zephyr/arch/arch/arm/core/libarch__arm__core.a(nmi_on_reset.S.obj)
                0x0000000000000bdc                z_SysNmiOnReset
 .text.z_arm_prep_c
                0x0000000000000be4       0x2c zephyr/arch/arch/arm/core/libarch__arm__core.a(prep_c.c.obj)
                0x0000000000000be4                z_arm_prep_c
 .text._isr_wrapper
                0x0000000000000c10       0x40 zephyr/arch/arch/arm/core/libarch__arm__core.a(isr_wrapper.S.obj)
                0x0000000000000c10                _isr_wrapper
 .text._reset_section
                0x0000000000000c50       0x30 zephyr/arch/arch/arm/core/cortex_m/libarch__arm__core__cortex_m.a(reset.S.obj)
                0x0000000000000c50                z_arm_reset
                0x0000000000000c50                __start
 .text.mem_manage_fault.isra.2
                0x0000000000000c80       0x38 zephyr/arch/arch/arm/core/cortex_m/libarch__arm__core__cortex_m.a(fault.c.obj)
 .text.bus_fault.isra.3
                0x0000000000000cb8       0x3c zephyr/arch/arch/arm/core/cortex_m/libarch__arm__core__cortex_m.a(fault.c.obj)
 .text.usage_fault.isra.4
                0x0000000000000cf4       0x24 zephyr/arch/arch/arm/core/cortex_m/libarch__arm__core__cortex_m.a(fault.c.obj)
 .text.z_arm_fault
                0x0000000000000d18       0xe8 zephyr/arch/arch/arm/core/cortex_m/libarch__arm__core__cortex_m.a(fault.c.obj)
                0x0000000000000d18                z_arm_fault
 .text.z_arm_fault_init
                0x0000000000000e00       0x10 zephyr/arch/arch/arm/core/cortex_m/libarch__arm__core__cortex_m.a(fault.c.obj)
                0x0000000000000e00                z_arm_fault_init
 .text.z_arm_int_lib_init
                0x0000000000000e10       0x18 zephyr/arch/arch/arm/core/cortex_m/libarch__arm__core__cortex_m.a(irq_init.c.obj)
                0x0000000000000e10                z_arm_int_lib_init
 .text.z_impl_k_thread_abort
                0x0000000000000e28       0x4c zephyr/arch/arch/arm/core/cortex_m/libarch__arm__core__cortex_m.a(thread_abort.c.obj)
                0x0000000000000e28                z_impl_k_thread_abort
 .text.z_arm_configure_static_mpu_regions
                0x0000000000000e74       0x38 zephyr/arch/arch/arm/core/cortex_m/mpu/libarch__arm__core__cortex_m__mpu.a(arm_core_mpu.c.obj)
                0x0000000000000e74                z_arm_configure_static_mpu_regions
 .text.mpu_configure_regions
                0x0000000000000eac       0x88 zephyr/arch/arch/arm/core/cortex_m/mpu/libarch__arm__core__cortex_m__mpu.a(arm_mpu.c.obj)
 .text.arm_core_mpu_enable
                0x0000000000000f34       0x14 zephyr/arch/arch/arm/core/cortex_m/mpu/libarch__arm__core__cortex_m__mpu.a(arm_mpu.c.obj)
                0x0000000000000f34                arm_core_mpu_enable
 .text.arm_core_mpu_disable
                0x0000000000000f48       0x10 zephyr/arch/arch/arm/core/cortex_m/mpu/libarch__arm__core__cortex_m__mpu.a(arm_mpu.c.obj)
                0x0000000000000f48                arm_core_mpu_disable
 .text.arm_mpu_init
                0x0000000000000f58       0x5c zephyr/arch/arch/arm/core/cortex_m/mpu/libarch__arm__core__cortex_m__mpu.a(arm_mpu.c.obj)
 .text.arm_core_mpu_configure_static_mpu_regions
                0x0000000000000fb4       0x14 zephyr/arch/arch/arm/core/cortex_m/mpu/libarch__arm__core__cortex_m__mpu.a(arm_mpu.c.obj)
                0x0000000000000fb4                arm_core_mpu_configure_static_mpu_regions
 .text.arm_core_mpu_configure_dynamic_mpu_regions
                0x0000000000000fc8       0x2c zephyr/arch/arch/arm/core/cortex_m/mpu/libarch__arm__core__cortex_m__mpu.a(arm_mpu.c.obj)
                0x0000000000000fc8                arm_core_mpu_configure_dynamic_mpu_regions
 .text.__stdout_hook_install
                0x0000000000000ff4        0xc zephyr/lib/libc/minimal/liblib__libc__minimal.a(stdout_console.c.obj)
                0x0000000000000ff4                __stdout_hook_install
 .text.nordicsemi_nrf52_init
                0x0000000000001000       0x30 zephyr/soc/arm/nordic_nrf/nrf52/libsoc__arm__nordic_nrf__nrf52.a(soc.c.obj)
 .text.gpio_nrfx_init
                0x0000000000001030       0x30 zephyr/drivers/gpio/libdrivers__gpio.a(gpio_nrfx.c.obj)
 .text.gpiote_pin_int_cfg
                0x0000000000001060      0x160 zephyr/drivers/gpio/libdrivers__gpio.a(gpio_nrfx.c.obj)
 .text.gpiote_event_handler
                0x00000000000011c0      0x160 zephyr/drivers/gpio/libdrivers__gpio.a(gpio_nrfx.c.obj)
 .text.uart_nrfx_err_check
                0x0000000000001320       0x10 zephyr/drivers/serial/libdrivers__serial.a(uart_nrfx_uart.c.obj)
 .text.uart_nrfx_configure
                0x0000000000001330      0x16c zephyr/drivers/serial/libdrivers__serial.a(uart_nrfx_uart.c.obj)
 .text.uart_nrfx_poll_in
                0x000000000000149c       0x2c zephyr/drivers/serial/libdrivers__serial.a(uart_nrfx_uart.c.obj)
 .text.uart_nrfx_poll_out
                0x00000000000014c8       0x34 zephyr/drivers/serial/libdrivers__serial.a(uart_nrfx_uart.c.obj)
 .text.uart_nrfx_init
                0x00000000000014fc       0x68 zephyr/drivers/serial/libdrivers__serial.a(uart_nrfx_uart.c.obj)
 .text.errata_12
                0x0000000000001564       0x1c zephyr/modules/nordic/lib..__modules__hal__nordic.a(system_nrf52.c.obj)
 .text.errata_16
                0x0000000000001580       0x2c zephyr/modules/nordic/lib..__modules__hal__nordic.a(system_nrf52.c.obj)
 .text.SystemInit
                0x00000000000015ac      0x254 zephyr/modules/nordic/lib..__modules__hal__nordic.a(system_nrf52.c.obj)
                0x00000000000015ac                SystemInit
 .text.z_sys_device_do_config_level
                0x0000000000001800       0x34 zephyr/kernel/libkernel.a(device.c.obj)
                0x0000000000001800                z_sys_device_do_config_level
 .text.z_impl_device_get_binding
                0x0000000000001834       0x4c zephyr/kernel/libkernel.a(device.c.obj)
                0x0000000000001834                z_impl_device_get_binding
 .text.idle     0x0000000000001880       0x34 zephyr/kernel/libkernel.a(idle.c.obj)
                0x0000000000001880                idle
 .text.z_bss_zero
                0x00000000000018b4       0x14 zephyr/kernel/libkernel.a(init.c.obj)
                0x00000000000018b4                z_bss_zero
 .text.z_data_copy
                0x00000000000018c8       0x34 zephyr/kernel/libkernel.a(init.c.obj)
                0x00000000000018c8                z_data_copy
 .text.bg_thread_main
                0x00000000000018fc       0x3c zephyr/kernel/libkernel.a(init.c.obj)
 .text.z_cstart
                0x0000000000001938      0x10c zephyr/kernel/libkernel.a(init.c.obj)
                0x0000000000001938                z_cstart
 .text.z_reset_time_slice
                0x0000000000001a44       0x2c zephyr/kernel/libkernel.a(sched.c.obj)
                0x0000000000001a44                z_reset_time_slice
 .text.k_sched_time_slice_set
                0x0000000000001a70       0x58 zephyr/kernel/libkernel.a(sched.c.obj)
                0x0000000000001a70                k_sched_time_slice_set
 .text.k_sched_lock
                0x0000000000001ac8       0x28 zephyr/kernel/libkernel.a(sched.c.obj)
                0x0000000000001ac8                k_sched_lock
 .text.z_priq_dumb_remove
                0x0000000000001af0       0x2c zephyr/kernel/libkernel.a(sched.c.obj)
                0x0000000000001af0                z_priq_dumb_remove
 .text.update_cache
                0x0000000000001b1c       0x3c zephyr/kernel/libkernel.a(sched.c.obj)
 .text.k_sched_unlock
                0x0000000000001b58       0x38 zephyr/kernel/libkernel.a(sched.c.obj)
                0x0000000000001b58                k_sched_unlock
 .text.z_add_thread_to_ready_q
                0x0000000000001b90       0x6c zephyr/kernel/libkernel.a(sched.c.obj)
                0x0000000000001b90                z_add_thread_to_ready_q
 .text.z_move_thread_to_end_of_prio_q
                0x0000000000001bfc       0x84 zephyr/kernel/libkernel.a(sched.c.obj)
                0x0000000000001bfc                z_move_thread_to_end_of_prio_q
 .text.z_time_slice
                0x0000000000001c80       0x6c zephyr/kernel/libkernel.a(sched.c.obj)
                0x0000000000001c80                z_time_slice
 .text.z_remove_thread_from_ready_q
                0x0000000000001cec       0x4c zephyr/kernel/libkernel.a(sched.c.obj)
                0x0000000000001cec                z_remove_thread_from_ready_q
 .text.z_tick_sleep.part.19
                0x0000000000001d38       0x5c zephyr/kernel/libkernel.a(sched.c.obj)
 .text.z_sched_init
                0x0000000000001d94       0x18 zephyr/kernel/libkernel.a(sched.c.obj)
                0x0000000000001d94                z_sched_init
 .text.z_impl_k_yield
                0x0000000000001dac       0x98 zephyr/kernel/libkernel.a(sched.c.obj)
                0x0000000000001dac                z_impl_k_yield
 .text.z_impl_k_sleep
                0x0000000000001e44       0x50 zephyr/kernel/libkernel.a(sched.c.obj)
                0x0000000000001e44                z_impl_k_sleep
 .text.z_impl_k_current_get
                0x0000000000001e94        0xc zephyr/kernel/libkernel.a(sched.c.obj)
                0x0000000000001e94                z_impl_k_current_get
 .text.z_impl_k_thread_start
                0x0000000000001ea0       0x48 zephyr/kernel/libkernel.a(thread.c.obj)
                0x0000000000001ea0                z_impl_k_thread_start
 .text.z_setup_new_thread
                0x0000000000001ee8       0x30 zephyr/kernel/libkernel.a(thread.c.obj)
                0x0000000000001ee8                z_setup_new_thread
 .text.z_thread_single_suspend
                0x0000000000001f18       0x48 zephyr/kernel/libkernel.a(thread.c.obj)
                0x0000000000001f18                z_thread_single_suspend
 .text.z_impl_k_thread_suspend
                0x0000000000001f60       0x40 zephyr/kernel/libkernel.a(thread.c.obj)
                0x0000000000001f60                z_impl_k_thread_suspend
 .text.z_init_static_threads
                0x0000000000001fa0       0xb4 zephyr/kernel/libkernel.a(thread.c.obj)
                0x0000000000001fa0                z_init_static_threads
 .text.elapsed  0x0000000000002054       0x14 zephyr/kernel/libkernel.a(timeout.c.obj)
 .text.remove_timeout
                0x0000000000002068       0x28 zephyr/kernel/libkernel.a(timeout.c.obj)
 .text.next_timeout
                0x0000000000002090       0x38 zephyr/kernel/libkernel.a(timeout.c.obj)
 .text.z_add_timeout
                0x00000000000020c8       0x84 zephyr/kernel/libkernel.a(timeout.c.obj)
                0x00000000000020c8                z_add_timeout
 .text.z_clock_announce
                0x000000000000214c       0xac zephyr/kernel/libkernel.a(timeout.c.obj)
                0x000000000000214c                z_clock_announce
 .text.z_tick_get
                0x00000000000021f8       0x3c zephyr/kernel/libkernel.a(timeout.c.obj)
                0x00000000000021f8                z_tick_get
 .text.init_static_pools
                0x0000000000002234       0x28 zephyr/kernel/libkernel.a(mempool.c.obj)
                0x0000000000002234                init_static_pools
 .text.k_sleep.constprop.0
                0x000000000000225c        0x8 app/libapp.a(main.c.obj)
 .text.gpio_write.constprop.0
                0x0000000000002264       0x12 app/libapp.a(es_led.c.obj)
 .text.led_init
                0x0000000000002276       0x22 app/libapp.a(es_led.c.obj)
                0x0000000000002276                led_init
 .text.set_all_led
                0x0000000000002298       0x40 app/libapp.a(es_led.c.obj)
                0x0000000000002298                set_all_led
 .text.turn_leds
                0x00000000000022d8       0x50 app/libapp.a(es_led.c.obj)
                0x00000000000022d8                turn_leds
 .text.button_create
                0x0000000000002328       0x48 app/libapp.a(es_button.c.obj)
                0x0000000000002328                button_create
 .text.z_sys_mem_pool_base_init
                0x0000000000002370       0x8c zephyr/libzephyr.a(mempool.c.obj)
                0x0000000000002370                z_sys_mem_pool_base_init
 .text.z_thread_entry
                0x00000000000023fc       0x14 zephyr/libzephyr.a(thread_entry.c.obj)
                0x00000000000023fc                z_thread_entry
 .text.arch_printk_char_out
                0x0000000000002410        0x4 zephyr/libzephyr.a(printk.c.obj)
                0x0000000000002410                arch_printk_char_out
 .text.print_err
                0x0000000000002414       0x1c zephyr/libzephyr.a(printk.c.obj)
 .text.z_vprintk
                0x0000000000002430      0x2e0 zephyr/libzephyr.a(printk.c.obj)
                0x0000000000002430                z_vprintk
 .text.printk   0x0000000000002710       0x1a zephyr/libzephyr.a(printk.c.obj)
                0x0000000000002710                printk
 .text._ConfigAbsSyms
                0x000000000000272a        0x2 zephyr/libzephyr.a(configs.c.obj)
                0x000000000000272a                _ConfigAbsSyms
 .text.get_status
                0x000000000000272c       0x14 zephyr/libzephyr.a(nrf_power_clock.c.obj)
 .text.lfclk_init
                0x0000000000002740        0xa zephyr/libzephyr.a(nrf_power_clock.c.obj)
 .text.clkstarted_handle
                0x000000000000274a       0x40 zephyr/libzephyr.a(nrf_power_clock.c.obj)
 .text.clock_async_start
                0x000000000000278a       0xb2 zephyr/libzephyr.a(nrf_power_clock.c.obj)
 .text.clock_start
                0x000000000000283c        0x6 zephyr/libzephyr.a(nrf_power_clock.c.obj)
 .text.hfclk_init
                0x0000000000002842       0x2e zephyr/libzephyr.a(nrf_power_clock.c.obj)
 .text.clock_stop
                0x0000000000002870       0x68 zephyr/libzephyr.a(nrf_power_clock.c.obj)
 .text.z_clock_isr
                0x00000000000028d8        0x2 zephyr/libzephyr.a(sys_clock_init.c.obj)
                0x00000000000028d8                z_clock_isr
 .text.z_clock_idle_exit
                0x00000000000028da        0x2 zephyr/libzephyr.a(sys_clock_init.c.obj)
                0x00000000000028da                z_clock_idle_exit
 .text.z_irq_spurious
                0x00000000000028dc        0x4 zephyr/arch/arch/arm/core/libarch__arm__core.a(irq_manage.c.obj)
                0x00000000000028dc                z_irq_spurious
 .text.z_arm_fatal_error
                0x00000000000028e0        0x4 zephyr/arch/arch/arm/core/libarch__arm__core.a(fatal.c.obj)
                0x00000000000028e0                z_arm_fatal_error
 .text.z_do_kernel_oops
                0x00000000000028e4        0x8 zephyr/arch/arch/arm/core/libarch__arm__core.a(fatal.c.obj)
                0x00000000000028e4                z_do_kernel_oops
 .text.z_arm_nmi
                0x00000000000028ec        0xe zephyr/arch/arch/arm/core/libarch__arm__core.a(nmi.c.obj)
                0x00000000000028ec                z_arm_nmi
 .text.z_arm_configure_dynamic_mpu_regions
                0x00000000000028fa       0x10 zephyr/arch/arch/arm/core/cortex_m/mpu/libarch__arm__core__cortex_m__mpu.a(arm_core_mpu.c.obj)
                0x00000000000028fa                z_arm_configure_dynamic_mpu_regions
 .text.strcmp   0x000000000000290a       0x18 zephyr/lib/libc/minimal/liblib__libc__minimal.a(string.c.obj)
                0x000000000000290a                strcmp
 .text.memcpy   0x0000000000002922       0x54 zephyr/lib/libc/minimal/liblib__libc__minimal.a(string.c.obj)
                0x0000000000002922                memcpy
 .text.memset   0x0000000000002976       0x44 zephyr/lib/libc/minimal/liblib__libc__minimal.a(string.c.obj)
                0x0000000000002976                memset
 .text._stdout_hook_default
                0x00000000000029ba        0x6 zephyr/lib/libc/minimal/liblib__libc__minimal.a(stdout_console.c.obj)
 .text.z_platform_init
                0x00000000000029c0        0x4 zephyr/soc/arm/nordic_nrf/nrf52/libsoc__arm__nordic_nrf__nrf52.a(soc.c.obj)
                0x00000000000029c0                z_platform_init
 .text.gpio_nrfx_write
                0x00000000000029c4       0x3c zephyr/drivers/gpio/libdrivers__gpio.a(gpio_nrfx.c.obj)
 .text.gpio_nrfx_read
                0x0000000000002a00       0x30 zephyr/drivers/gpio/libdrivers__gpio.a(gpio_nrfx.c.obj)
 .text.gpio_nrfx_manage_callback
                0x0000000000002a30       0x56 zephyr/drivers/gpio/libdrivers__gpio.a(gpio_nrfx.c.obj)
 .text.gpio_nrfx_config
                0x0000000000002a86      0x124 zephyr/drivers/gpio/libdrivers__gpio.a(gpio_nrfx.c.obj)
 .text.gpio_nrfx_pin_disable_callback
                0x0000000000002baa       0x42 zephyr/drivers/gpio/libdrivers__gpio.a(gpio_nrfx.c.obj)
 .text.gpio_nrfx_pin_enable_callback
                0x0000000000002bec       0x40 zephyr/drivers/gpio/libdrivers__gpio.a(gpio_nrfx.c.obj)
 .text.uart_nrfx_config_get
                0x0000000000002c2c       0x10 zephyr/drivers/serial/libdrivers__serial.a(uart_nrfx_uart.c.obj)
 .text.arch_system_halt
                0x0000000000002c3c       0x12 zephyr/kernel/libkernel.a(fatal.c.obj)
                0x0000000000002c3c                arch_system_halt
 .text.k_sys_fatal_error_handler
                0x0000000000002c4e        0x6 zephyr/kernel/libkernel.a(fatal.c.obj)
                0x0000000000002c4e                k_sys_fatal_error_handler
 .text.z_fatal_error
                0x0000000000002c54       0x1e zephyr/kernel/libkernel.a(fatal.c.obj)
                0x0000000000002c54                z_fatal_error
 .text.z_sys_power_save_idle_exit
                0x0000000000002c72        0x4 zephyr/kernel/libkernel.a(idle.c.obj)
                0x0000000000002c72                z_sys_power_save_idle_exit
 .text.z_is_thread_ready
                0x0000000000002c76       0x12 zephyr/kernel/libkernel.a(sched.c.obj)
 .text.z_unpend_thread_no_timeout
                0x0000000000002c88       0x32 zephyr/kernel/libkernel.a(sched.c.obj)
                0x0000000000002c88                z_unpend_thread_no_timeout
 .text.z_reschedule
                0x0000000000002cba       0x16 zephyr/kernel/libkernel.a(sched.c.obj)
                0x0000000000002cba                z_reschedule
 .text.z_reschedule_irqlock
                0x0000000000002cd0       0x18 zephyr/kernel/libkernel.a(sched.c.obj)
                0x0000000000002cd0                z_reschedule_irqlock
 .text.z_reschedule_unlocked
                0x0000000000002ce8       0x14 zephyr/kernel/libkernel.a(sched.c.obj)
 .text.z_priq_dumb_best
                0x0000000000002cfc        0xc zephyr/kernel/libkernel.a(sched.c.obj)
                0x0000000000002cfc                z_priq_dumb_best
 .text.z_thread_timeout
                0x0000000000002d08       0x62 zephyr/kernel/libkernel.a(sched.c.obj)
                0x0000000000002d08                z_thread_timeout
 .text.z_is_thread_ready
                0x0000000000002d6a       0x12 zephyr/kernel/libkernel.a(thread.c.obj)
 .text.z_new_thread_init
                0x0000000000002d7c       0x1e zephyr/kernel/libkernel.a(thread.c.obj)
                0x0000000000002d7c                z_new_thread_init
 .text.z_thread_single_abort
                0x0000000000002d9a       0x3e zephyr/kernel/libkernel.a(thread.c.obj)
                0x0000000000002d9a                z_thread_single_abort
 .text.z_abort_timeout
                0x0000000000002dd8       0x2c zephyr/kernel/libkernel.a(timeout.c.obj)
                0x0000000000002dd8                z_abort_timeout
 .text.z_get_next_timeout_expiry
                0x0000000000002e04       0x20 zephyr/kernel/libkernel.a(timeout.c.obj)
                0x0000000000002e04                z_get_next_timeout_expiry
 .text.z_set_timeout_expiry
                0x0000000000002e24       0x34 zephyr/kernel/libkernel.a(timeout.c.obj)
                0x0000000000002e24                z_set_timeout_expiry
 .text.z_tick_get_32
                0x0000000000002e58        0x8 zephyr/kernel/libkernel.a(timeout.c.obj)
                0x0000000000002e58                z_tick_get_32
 .text._OffsetAbsSyms
                0x0000000000002e60        0x2 zephyr/CMakeFiles/offsets.dir/arch/arm/core/offsets/offsets.c.obj
                0x0000000000002e60                _OffsetAbsSyms
 *(SORT_BY_ALIGNMENT(.gnu.linkonce.t.*))
 *(SORT_BY_ALIGNMENT(.glue_7t))
 .glue_7t       0x0000000000002e62        0x0 linker stubs
 *(SORT_BY_ALIGNMENT(.glue_7))
 .glue_7        0x0000000000002e62        0x0 linker stubs
 *(SORT_BY_ALIGNMENT(.vfp11_veneer))
 .vfp11_veneer  0x0000000000002e62        0x0 linker stubs
 *(SORT_BY_ALIGNMENT(.v4_bx))
 .v4_bx         0x0000000000002e62        0x0 linker stubs
                0x0000000000002e62                _image_text_end = .

.ARM.exidx      0x0000000000002e64        0x8
                0x0000000000002e64                __exidx_start = .
 *(SORT_BY_ALIGNMENT(.ARM.exidx*) SORT_BY_ALIGNMENT(gnu.linkonce.armexidx.*))
 .ARM.exidx     0x0000000000002e64        0x8 /home/tarcisio/zephyr-sdk-0.10.3/arm-zephyr-eabi/bin/../lib/gcc/arm-zephyr-eabi/8.3.0/thumb/v7e-m/nofp/libgcc.a(_udivmoddi4.o)
                0x0000000000002e6c                __exidx_end = .
                0x0000000000002e6c                _image_rodata_start = .

sw_isr_table    0x0000000000002e6c      0x138
                0x0000000000002e6c                . = ALIGN (0x0)
 *(SORT_BY_ALIGNMENT(.gnu.linkonce.sw_isr_table))
 .gnu.linkonce.sw_isr_table
                0x0000000000002e6c      0x138 zephyr/CMakeFiles/zephyr_final.dir/isr_tables.c.obj
                0x0000000000002e6c                _sw_isr_table

app_shmem_regions
                0x0000000000002fa4        0x0
                0x0000000000002fa4                __app_shmem_regions_start = .
 *(SORT_BY_NAME(SORT_BY_ALIGNMENT(.app_regions.*)))
                0x0000000000002fa4                __app_shmem_regions_end = .

devconfig       0x0000000000002fa4       0x6c
                0x0000000000002fa4                __devconfig_start = .
 *(SORT_BY_ALIGNMENT(.devconfig.*))
 .devconfig.init
                0x0000000000002fa4        0xc zephyr/libzephyr.a(uart_console.c.obj)
 .devconfig.init
                0x0000000000002fb0       0x18 zephyr/libzephyr.a(nrf_power_clock.c.obj)
 .devconfig.init
                0x0000000000002fc8        0xc zephyr/libzephyr.a(sys_clock_init.c.obj)
 .devconfig.init
                0x0000000000002fd4        0xc zephyr/arch/arch/arm/core/cortex_m/mpu/libarch__arm__core__cortex_m__mpu.a(arm_mpu.c.obj)
 .devconfig.init
                0x0000000000002fe0        0xc zephyr/soc/arm/nordic_nrf/nrf52/libsoc__arm__nordic_nrf__nrf52.a(soc.c.obj)
 .devconfig.init
                0x0000000000002fec        0xc zephyr/drivers/gpio/libdrivers__gpio.a(gpio_nrfx.c.obj)
 .devconfig.init
                0x0000000000002ff8        0xc zephyr/drivers/serial/libdrivers__serial.a(uart_nrfx_uart.c.obj)
 .devconfig.init
                0x0000000000003004        0xc zephyr/kernel/libkernel.a(mempool.c.obj)
 *(SORT_BY_NAME(SORT_BY_ALIGNMENT(.devconfig*)))
                0x0000000000003010                __devconfig_end = .

net_l2          0x0000000000003010        0x0
                0x0000000000003010                __net_l2_start = .
 *(SORT_BY_ALIGNMENT(.net_l2.init))
 *(SORT_BY_NAME(SORT_BY_ALIGNMENT(.net_l2.init*)))
                0x0000000000003010                __net_l2_end = .

_bt_channels_area
                0x0000000000003010        0x0
                0x0000000000003010                _bt_l2cap_fixed_chan_list_start = .
 *(SORT_BY_NAME(SORT_BY_ALIGNMENT(._bt_l2cap_fixed_chan.static.*)))
                0x0000000000003010                _bt_l2cap_fixed_chan_list_end = .

_bt_services_area
                0x0000000000003010        0x0
                0x0000000000003010                _bt_gatt_service_static_list_start = .
 *(SORT_BY_NAME(SORT_BY_ALIGNMENT(._bt_gatt_service_static.static.*)))
                0x0000000000003010                _bt_gatt_service_static_list_end = .

log_const_sections
                0x0000000000003010        0x0
                0x0000000000003010                __log_const_start = .
 *(SORT_BY_NAME(SORT_BY_ALIGNMENT(.log_const_*)))
                0x0000000000003010                __log_const_end = .

log_backends_sections
                0x0000000000003010        0x0
                0x0000000000003010                __log_backends_start = .
 *(SORT_BY_ALIGNMENT(._log_backend.*))
                0x0000000000003010                __log_backends_end = .

shell_root_cmds_sections
                0x0000000000003010        0x0
                0x0000000000003010                __shell_root_cmds_start = .
 *(SORT_BY_NAME(SORT_BY_ALIGNMENT(.shell_root_cmd_*)))
                0x0000000000003010                __shell_root_cmds_end = .

font_entry_sections
                0x0000000000003010        0x0
                0x0000000000003010                __font_entry_start = .
 *(SORT_BY_NAME(SORT_BY_ALIGNMENT(._cfb_font.*)))
                0x0000000000003010                __font_entry_end = .

rodata          0x0000000000003010      0x294
 *(SORT_BY_ALIGNMENT(.rodata))
 *(SORT_BY_ALIGNMENT(.rodata.*))
 .rodata.clock_control_api
                0x0000000000003010       0x14 zephyr/libzephyr.a(nrf_power_clock.c.obj)
 .rodata.hfclk_config
                0x0000000000003024        0xc zephyr/libzephyr.a(nrf_power_clock.c.obj)
 .rodata.lfclk_config
                0x0000000000003030        0xc zephyr/libzephyr.a(nrf_power_clock.c.obj)
 .rodata.mpu_config
                0x000000000000303c        0x8 zephyr/soc/arm/common/cortex_m/libsoc__arm__common__cortex_m.a(arm_mpu_regions.c.obj)
                0x000000000000303c                mpu_config
 .rodata.mpu_regions
                0x0000000000003044       0x18 zephyr/soc/arm/common/cortex_m/libsoc__arm__common__cortex_m.a(arm_mpu_regions.c.obj)
 .rodata.gpio_nrfx_drv_api_funcs
                0x000000000000305c       0x1c zephyr/drivers/gpio/libdrivers__gpio.a(gpio_nrfx.c.obj)
 .rodata.gpio_nrfx_p0_cfg
                0x0000000000003078        0x8 zephyr/drivers/gpio/libdrivers__gpio.a(gpio_nrfx.c.obj)
 .rodata.uart_nrfx_uart_driver_api
                0x0000000000003080       0x14 zephyr/drivers/serial/libdrivers__serial.a(uart_nrfx_uart.c.obj)
 .rodata.config_levels.8412
                0x0000000000003094       0x14 zephyr/kernel/libkernel.a(device.c.obj)
 .rodata._k_neg_eagain
                0x00000000000030a8        0x4 zephyr/kernel/libkernel.a(errno.c.obj)
                0x00000000000030a8                _k_neg_eagain
 .rodata.button0_callback.str1.1
                0x00000000000030ac       0x13 app/libapp.a(main.c.obj)
 .rodata.button1_callback.str1.1
                0x00000000000030bf       0x13 app/libapp.a(main.c.obj)
 .rodata.button2_callback.str1.1
                0x00000000000030d2       0x13 app/libapp.a(main.c.obj)
 .rodata.button3_callback.str1.1
                0x00000000000030e5       0x13 app/libapp.a(main.c.obj)
 .rodata.main.str1.1
                0x00000000000030f8      0x11d app/libapp.a(main.c.obj)
 .rodata.str1.1
                0x0000000000003215      0x11d zephyr/libzephyr.a(uart_console.c.obj)
                                          0x1 (size before relaxing)
 .rodata.uart_console_init.str1.1
                0x0000000000003215        0x7 zephyr/libzephyr.a(uart_console.c.obj)
 .rodata.str1.1
                0x000000000000321c       0x14 zephyr/libzephyr.a(nrf_power_clock.c.obj)
 .rodata.str1.1
                0x0000000000003230        0xa zephyr/libzephyr.a(sys_clock_init.c.obj)
 .rodata.z_clock_driver_init.str1.1
                0x000000000000323a        0xa zephyr/libzephyr.a(nrf_rtc_timer.c.obj)
 .rodata.str1.1
                0x000000000000323a        0x1 zephyr/arch/arch/arm/core/cortex_m/mpu/libarch__arm__core__cortex_m__mpu.a(arm_mpu.c.obj)
 .rodata.str1.1
                0x000000000000323a        0xf zephyr/soc/arm/common/cortex_m/libsoc__arm__common__cortex_m.a(arm_mpu_regions.c.obj)
 .rodata.str1.1
                0x0000000000003249        0x1 zephyr/soc/arm/nordic_nrf/nrf52/libsoc__arm__nordic_nrf__nrf52.a(soc.c.obj)
 .rodata.str1.1
                0x0000000000003249        0x7 zephyr/drivers/gpio/libdrivers__gpio.a(gpio_nrfx.c.obj)
 .rodata.str1.1
                0x0000000000003249        0x7 zephyr/drivers/serial/libdrivers__serial.a(uart_nrfx_uart.c.obj)
 .rodata.uart_nrfx_uart0_config
                0x0000000000003249        0x1 zephyr/drivers/serial/libdrivers__serial.a(uart_nrfx_uart.c.obj)
 .rodata.CSWTCH.0
                0x000000000000324a        0x4 zephyr/modules/nordic/lib..__modules__hal__nordic.a(system_nrf52.c.obj)
 .rodata.CSWTCH.4
                0x000000000000324e        0x4 zephyr/modules/nordic/lib..__modules__hal__nordic.a(system_nrf52.c.obj)
 .rodata.bg_thread_main.str1.1
                0x0000000000003252       0x47 zephyr/kernel/libkernel.a(init.c.obj)
                                         0x48 (size before relaxing)
 .rodata.z_cstart.str1.1
                0x0000000000003299        0xa zephyr/kernel/libkernel.a(init.c.obj)
 .rodata.str1.1
                0x00000000000032a3        0x1 zephyr/kernel/libkernel.a(mempool.c.obj)
 *(SORT_BY_ALIGNMENT(.gnu.linkonce.r.*))
                0x0000000000003334                . = ALIGN (0x4)
 *fill*         0x00000000000032a3        0x1 
                0x00000000000032a4                _image_rodata_end = .
                0x00000000000032c0                . = ALIGN (_region_min_align)
                0x0000000000004000                . = ALIGN ((0x1 << LOG2CEIL ((_image_rodata_end - _image_rom_start))))
                0x0000000000004000                _image_rom_end = .
                0x0000000020000000                . = 0x20000000
                0x0000000020000000                . = ALIGN (_region_min_align)
                0x0000000020000000                _image_ram_start = .

.ramfunc        0x0000000020000000        0x0 load address 0x00000000000032a4
                0x0000000020000000                . = ALIGN (_region_min_align)
                0x0000000020000000                . = ALIGN ((0x1 << LOG2CEIL (_ramfunc_ram_size)))
                0x0000000020000000                _ramfunc_ram_start = .
 *(SORT_BY_ALIGNMENT(.ramfunc))
 *(SORT_BY_ALIGNMENT(.ramfunc.*))
                0x0000000020000000                . = ALIGN (_region_min_align)
                0x0000000020000000                . = ALIGN ((0x1 << LOG2CEIL (_ramfunc_ram_size)))
                0x0000000020000000                _ramfunc_ram_end = .
                0x0000000000000000                _ramfunc_ram_size = (_ramfunc_ram_end - _ramfunc_ram_start)
                0x00000000000032a4                _ramfunc_rom_start = LOADADDR (.ramfunc)

bss             0x0000000020000000      0x1f3
                0x0000000020000000                . = ALIGN (0x4)
                0x0000000020000000                __bss_start = .
                0x0000000020000000                __kernel_ram_start = .
 *(SORT_BY_ALIGNMENT(.bss))
 *(SORT_BY_ALIGNMENT(.bss.*))
 .bss.curr_tick
                0x0000000020000000        0x8 zephyr/kernel/libkernel.a(timeout.c.obj)
 .bss.activate_sequence0
                0x0000000020000008        0x4 app/libapp.a(main.c.obj)
                0x0000000020000008                activate_sequence0
 .bss.activate_sequence1
                0x000000002000000c        0x4 app/libapp.a(main.c.obj)
                0x000000002000000c                activate_sequence1
 .bss.activate_sequence2
                0x0000000020000010        0x4 app/libapp.a(main.c.obj)
                0x0000000020000010                activate_sequence2
 .bss.activate_sequence3
                0x0000000020000014        0x4 app/libapp.a(main.c.obj)
                0x0000000020000014                activate_sequence3
 .bss.button0   0x0000000020000018       0x14 app/libapp.a(main.c.obj)
                0x0000000020000018                button0
 .bss.button1   0x000000002000002c       0x14 app/libapp.a(main.c.obj)
                0x000000002000002c                button1
 .bss.button2   0x0000000020000040       0x14 app/libapp.a(main.c.obj)
                0x0000000020000040                button2
 .bss.button3   0x0000000020000054       0x14 app/libapp.a(main.c.obj)
                0x0000000020000054                button3
 .bss.led0      0x0000000020000068        0xc app/libapp.a(main.c.obj)
                0x0000000020000068                led0
 .bss.led1      0x0000000020000074        0xc app/libapp.a(main.c.obj)
                0x0000000020000074                led1
 .bss.led2      0x0000000020000080        0xc app/libapp.a(main.c.obj)
                0x0000000020000080                led2
 .bss.led3      0x000000002000008c        0xc app/libapp.a(main.c.obj)
                0x000000002000008c                led3
 .bss.uart_console_dev
                0x0000000020000098        0x4 zephyr/libzephyr.a(uart_console.c.obj)
 .bss.hfclk     0x000000002000009c        0xc zephyr/libzephyr.a(nrf_power_clock.c.obj)
 .bss.lfclk     0x00000000200000a8        0xc zephyr/libzephyr.a(nrf_power_clock.c.obj)
 .bss.last_count
                0x00000000200000b4        0x4 zephyr/libzephyr.a(nrf_rtc_timer.c.obj)
 .bss.gpio_nrfx_p0_data
                0x00000000200000b8       0x20 zephyr/drivers/gpio/libdrivers__gpio.a(gpio_nrfx.c.obj)
 .bss.z_idle_thread
                0x00000000200000d8       0x6c zephyr/kernel/libkernel.a(init.c.obj)
                0x00000000200000d8                z_idle_thread
 .bss.z_main_thread
                0x0000000020000144       0x6c zephyr/kernel/libkernel.a(init.c.obj)
                0x0000000020000144                z_main_thread
 .bss._kernel   0x00000000200001b0       0x30 zephyr/kernel/libkernel.a(sched.c.obj)
                0x00000000200001b0                _kernel
 .bss.pending_current
                0x00000000200001e0        0x4 zephyr/kernel/libkernel.a(sched.c.obj)
 .bss.slice_max_prio
                0x00000000200001e4        0x4 zephyr/kernel/libkernel.a(sched.c.obj)
 .bss.slice_time
                0x00000000200001e8        0x4 zephyr/kernel/libkernel.a(sched.c.obj)
 .bss.announce_remaining
                0x00000000200001ec        0x4 zephyr/kernel/libkernel.a(timeout.c.obj)
 .bss.static_regions_num
                0x00000000200001f0        0x1 zephyr/arch/arch/arm/core/cortex_m/mpu/libarch__arm__core__cortex_m__mpu.a(arm_mpu.c.obj)
 .bss.gpio_initialized.9265
                0x00000000200001f1        0x1 zephyr/drivers/gpio/libdrivers__gpio.a(gpio_nrfx.c.obj)
 .bss.z_sys_device_level
                0x00000000200001f2        0x1 zephyr/kernel/libkernel.a(device.c.obj)
                0x00000000200001f2                z_sys_device_level
 .bss.lock      0x00000000200001f3        0x0 zephyr/kernel/libkernel.a(thread.c.obj)
 *(SORT_BY_ALIGNMENT(COMMON))
 *(SORT_BY_ALIGNMENT(.kernel_bss.*))
                0x00000000200001f4                __bss_end = ALIGN (0x4)

noinit          0x00000000200001f8      0xd40
 *(SORT_BY_ALIGNMENT(.noinit))
 *(SORT_BY_ALIGNMENT(.noinit.*))
 .noinit."ZEPHYR_BASE/kernel/init.c".3
                0x00000000200001f8      0x400 zephyr/kernel/libkernel.a(init.c.obj)
                0x00000000200001f8                z_main_stack
 .noinit."ZEPHYR_BASE/kernel/init.c".4
                0x00000000200005f8      0x140 zephyr/kernel/libkernel.a(init.c.obj)
                0x00000000200005f8                z_idle_stack
 .noinit."ZEPHYR_BASE/kernel/init.c".5
                0x0000000020000738      0x800 zephyr/kernel/libkernel.a(init.c.obj)
                0x0000000020000738                _interrupt_stack
 *(SORT_BY_ALIGNMENT(.kernel_noinit.*))

datas           0x0000000020000f38       0x1d load address 0x00000000000032a4
                0x0000000020000f38                __data_ram_start = .
 *(SORT_BY_ALIGNMENT(.data))
 *(SORT_BY_ALIGNMENT(.data.*))
 .data._char_out
                0x0000000020000f38        0x4 zephyr/libzephyr.a(printk.c.obj)
                0x0000000020000f38                _char_out
 .data._stdout_hook
                0x0000000020000f3c        0x4 zephyr/lib/libc/minimal/liblib__libc__minimal.a(stdout_console.c.obj)
 .data.uart_nrfx_uart0_data
                0x0000000020000f40        0x8 zephyr/drivers/serial/libdrivers__serial.a(uart_nrfx_uart.c.obj)
 .data.SystemCoreClock
                0x0000000020000f48        0x4 zephyr/modules/nordic/lib..__modules__hal__nordic.a(system_nrf52.c.obj)
                0x0000000020000f48                SystemCoreClock
 .data.timeout_list
                0x0000000020000f4c        0x8 zephyr/kernel/libkernel.a(timeout.c.obj)
 .data.sequence
                0x0000000020000f54        0x1 app/libapp.a(main.c.obj)
                0x0000000020000f54                sequence
 *(SORT_BY_ALIGNMENT(.kernel.*))
                0x00000000000032a4                __data_rom_start = LOADADDR (datas)

initlevel       0x0000000020000f58       0x6c load address 0x00000000000032c4
                0x0000000020000f58                __device_init_start = .
                0x0000000020000f58                __device_PRE_KERNEL_1_start = .
 *(SORT_BY_NAME(SORT_BY_ALIGNMENT(.init_PRE_KERNEL_1[0-9])))
 .init_PRE_KERNEL_10
                0x0000000020000f58        0xc zephyr/soc/arm/nordic_nrf/nrf52/libsoc__arm__nordic_nrf__nrf52.a(soc.c.obj)
 *(SORT_BY_NAME(SORT_BY_ALIGNMENT(.init_PRE_KERNEL_1[1-9][0-9])))
 .init_PRE_KERNEL_130
                0x0000000020000f64        0xc zephyr/kernel/libkernel.a(mempool.c.obj)
 .init_PRE_KERNEL_140
                0x0000000020000f70        0xc zephyr/arch/arch/arm/core/cortex_m/mpu/libarch__arm__core__cortex_m__mpu.a(arm_mpu.c.obj)
 .init_PRE_KERNEL_150
                0x0000000020000f7c       0x18 zephyr/libzephyr.a(nrf_power_clock.c.obj)
 .init_PRE_KERNEL_150
                0x0000000020000f94        0xc zephyr/drivers/serial/libdrivers__serial.a(uart_nrfx_uart.c.obj)
 .init_PRE_KERNEL_160
                0x0000000020000fa0        0xc zephyr/libzephyr.a(uart_console.c.obj)
                0x0000000020000fac                __device_PRE_KERNEL_2_start = .
 *(SORT_BY_NAME(SORT_BY_ALIGNMENT(.init_PRE_KERNEL_2[0-9])))
 .init_PRE_KERNEL_20
                0x0000000020000fac        0xc zephyr/libzephyr.a(sys_clock_init.c.obj)
 *(SORT_BY_NAME(SORT_BY_ALIGNMENT(.init_PRE_KERNEL_2[1-9][0-9])))
                0x0000000020000fb8                __device_POST_KERNEL_start = .
 *(SORT_BY_NAME(SORT_BY_ALIGNMENT(.init_POST_KERNEL[0-9])))
 *(SORT_BY_NAME(SORT_BY_ALIGNMENT(.init_POST_KERNEL[1-9][0-9])))
 .init_POST_KERNEL40
                0x0000000020000fb8        0xc zephyr/drivers/gpio/libdrivers__gpio.a(gpio_nrfx.c.obj)
                0x0000000020000fc4                __device_APPLICATION_start = .
 *(SORT_BY_NAME(SORT_BY_ALIGNMENT(.init_APPLICATION[0-9])))
 *(SORT_BY_NAME(SORT_BY_ALIGNMENT(.init_APPLICATION[1-9][0-9])))
                0x0000000020000fc4                __device_init_end = .

initlevel_error
                0x0000000020000f55        0x0
 *(SORT_BY_NAME(SORT_BY_ALIGNMENT(.init_[_A-Z0-9]*)))
                0x0000000000000001                ASSERT ((SIZEOF (initlevel_error) == 0x0), Undefined initialization levels used.)

initshell       0x0000000020000fc4        0x0 load address 0x0000000000003330
                0x0000000020000fc4                __shell_module_start = .
 *(SORT_BY_ALIGNMENT(.shell_module_*))
                0x0000000020000fc4                __shell_module_end = .
                0x0000000020000fc4                __shell_cmd_start = .
 *(SORT_BY_ALIGNMENT(.shell_cmd_*))
                0x0000000020000fc4                __shell_cmd_end = .

log_dynamic_sections
                0x0000000020000fc4        0x0 load address 0x0000000000003330
                0x0000000020000fc4                __log_dynamic_start = .
 *(SORT_BY_NAME(SORT_BY_ALIGNMENT(.log_dynamic_*)))
                0x0000000020000fc4                __log_dynamic_end = .

_static_thread_area
                0x0000000020000fc4        0x0 load address 0x0000000000003330
                0x0000000020000fc4                __static_thread_data_list_start = .
 *(SORT_BY_NAME(SORT_BY_ALIGNMENT(.__static_thread_data.static.*)))
                0x0000000020000fc4                __static_thread_data_list_end = .

_k_timer_area   0x0000000020000fc4        0x0 load address 0x0000000000003330
                0x0000000020000fc4                _k_timer_list_start = .
 *(SORT_BY_ALIGNMENT(._k_timer.static.*))
                0x0000000020000fc4                _k_timer_list_end = .

_k_mem_slab_area
                0x0000000020000fc4        0x0 load address 0x0000000000003330
                0x0000000020000fc4                _k_mem_slab_list_start = .
 *(SORT_BY_ALIGNMENT(._k_mem_slab.static.*))
                0x0000000020000fc4                _k_mem_slab_list_end = .

_k_mem_pool_area
                0x0000000020000fc4        0x0 load address 0x0000000000003330
                0x0000000020000fc4                _k_mem_pool_list_start = .
 *(SORT_BY_ALIGNMENT(._k_mem_pool.static.*))
                0x0000000020000fc4                _k_mem_pool_list_end = .

_k_sem_area     0x0000000020000fc4        0x0 load address 0x0000000000003330
                0x0000000020000fc4                _k_sem_list_start = .
 *(SORT_BY_ALIGNMENT(._k_sem.static.*))
 *(SORT_BY_ALIGNMENT(._sys_sem.static.*))
                0x0000000020000fc4                _k_sem_list_end = .

_k_mutex_area   0x0000000020000fc4       0x14 load address 0x0000000000003330
                0x0000000020000fc4                _k_mutex_list_start = .
 *(SORT_BY_ALIGNMENT(._k_mutex.static.*))
 ._k_mutex.static.fdtable_lock
                0x0000000020000fc4       0x14 zephyr/libzephyr.a(fdtable.c.obj)
                0x0000000020000fd8                _k_mutex_list_end = .

_k_queue_area   0x0000000020000fd8        0x0 load address 0x0000000000003344
                0x0000000020000fd8                _k_queue_list_start = .
 *(SORT_BY_ALIGNMENT(._k_queue.static.*))
 *(SORT_BY_ALIGNMENT(._k_fifo.static.*))
 *(SORT_BY_ALIGNMENT(._k_lifo.static.*))
                0x0000000020000fd8                _k_queue_list_end = .

_k_stack_area   0x0000000020000fd8        0x0 load address 0x0000000000003344
                0x0000000020000fd8                _k_stack_list_start = .
 *(SORT_BY_ALIGNMENT(._k_stack.static.*))
                0x0000000020000fd8                _k_stack_list_end = .

_k_msgq_area    0x0000000020000fd8        0x0 load address 0x0000000000003344
                0x0000000020000fd8                _k_msgq_list_start = .
 *(SORT_BY_ALIGNMENT(._k_msgq.static.*))
                0x0000000020000fd8                _k_msgq_list_end = .

_k_mbox_area    0x0000000020000fd8        0x0 load address 0x0000000000003344
                0x0000000020000fd8                _k_mbox_list_start = .
 *(SORT_BY_ALIGNMENT(._k_mbox.static.*))
                0x0000000020000fd8                _k_mbox_list_end = .

_k_pipe_area    0x0000000020000fd8        0x0 load address 0x0000000000003344
                0x0000000020000fd8                _k_pipe_list_start = .
 *(SORT_BY_ALIGNMENT(._k_pipe.static.*))
                0x0000000020000fd8                _k_pipe_list_end = .

_net_buf_pool_area
                0x0000000020000fd8        0x0 load address 0x0000000000003344
                0x0000000020000fd8                _net_buf_pool_list = .
 *(SORT_BY_NAME(SORT_BY_ALIGNMENT(._net_buf_pool.static.*)))

net_if          0x0000000020000fd8        0x0 load address 0x0000000000003344
                0x0000000020000fd8                __net_if_start = .
 *(SORT_BY_ALIGNMENT(.net_if.*))
 *(SORT_BY_NAME(SORT_BY_ALIGNMENT(.net_if.*)))
                0x0000000020000fd8                __net_if_end = .

net_if_dev      0x0000000020000fd8        0x0 load address 0x0000000000003344
                0x0000000020000fd8                __net_if_dev_start = .
 *(SORT_BY_ALIGNMENT(.net_if_dev.*))
 *(SORT_BY_NAME(SORT_BY_ALIGNMENT(.net_if_dev.*)))
                0x0000000020000fd8                __net_if_dev_end = .

net_l2_data     0x0000000020000fd8        0x0 load address 0x0000000000003344
                0x0000000020000fd8                __net_l2_data_start = .
 *(SORT_BY_ALIGNMENT(.net_l2.data))
 *(SORT_BY_NAME(SORT_BY_ALIGNMENT(.net_l2.data*)))
                0x0000000020000fd8                __net_l2_data_end = .

priv_stacks_noinit
                0x0000000020000fd8        0x0 load address 0x0000000000003344
                0x0000000020000fd8                z_priv_stacks_ram_start = .
 *(SORT_BY_ALIGNMENT(.priv_stacks.noinit))
                0x0000000020000fd8                z_priv_stacks_ram_end = .
                0x0000000020000fd8                __data_ram_end = .
                0x0000000020000fd8                _image_ram_end = .
                0x0000000020000fd8                _end = .
                0x0000000020010000                __kernel_ram_end = 0x20010000
                0x0000000000010000                __kernel_ram_size = (__kernel_ram_end - __kernel_ram_start)

.stab
 *(SORT_BY_ALIGNMENT(.stab))

.stabstr
 *(SORT_BY_ALIGNMENT(.stabstr))

.stab.excl
 *(SORT_BY_ALIGNMENT(.stab.excl))

.stab.exclstr
 *(SORT_BY_ALIGNMENT(.stab.exclstr))

.stab.index
 *(SORT_BY_ALIGNMENT(.stab.index))

.stab.indexstr
 *(SORT_BY_ALIGNMENT(.stab.indexstr))

.gnu.build.attributes
 *(SORT_BY_ALIGNMENT(.gnu.build.attributes) SORT_BY_ALIGNMENT(.gnu.build.attributes.*))

.comment        0x0000000000000000       0x2b
 *(SORT_BY_ALIGNMENT(.comment))
 .comment       0x0000000000000000       0x2b zephyr/CMakeFiles/zephyr_final.dir/isr_tables.c.obj
                                         0x2c (size before relaxing)
 .comment       0x000000000000002b       0x2c app/libapp.a(main.c.obj)
 .comment       0x000000000000002b       0x2c app/libapp.a(es_led.c.obj)
 .comment       0x000000000000002b       0x2c app/libapp.a(es_button.c.obj)
 .comment       0x000000000000002b       0x2c zephyr/libzephyr.a(fdtable.c.obj)
 .comment       0x000000000000002b       0x2c zephyr/libzephyr.a(mempool.c.obj)
 .comment       0x000000000000002b       0x2c zephyr/libzephyr.a(thread_entry.c.obj)
 .comment       0x000000000000002b       0x2c zephyr/libzephyr.a(printk.c.obj)
 .comment       0x000000000000002b       0x2c zephyr/libzephyr.a(configs.c.obj)
 .comment       0x000000000000002b       0x2c zephyr/libzephyr.a(uart_console.c.obj)
 .comment       0x000000000000002b       0x2c zephyr/libzephyr.a(nrf_power_clock.c.obj)
 .comment       0x000000000000002b       0x2c zephyr/libzephyr.a(sys_clock_init.c.obj)
 .comment       0x000000000000002b       0x2c zephyr/libzephyr.a(nrf_rtc_timer.c.obj)
 .comment       0x000000000000002b       0x2c zephyr/arch/common/libarch__common.a(isr_tables.c.obj)
 .comment       0x000000000000002b       0x2c zephyr/arch/arch/arm/core/libarch__arm__core.a(swap.c.obj)
 .comment       0x000000000000002b       0x2c zephyr/arch/arch/arm/core/libarch__arm__core.a(irq_manage.c.obj)
 .comment       0x000000000000002b       0x2c zephyr/arch/arch/arm/core/libarch__arm__core.a(thread.c.obj)
 .comment       0x000000000000002b       0x2c zephyr/arch/arch/arm/core/libarch__arm__core.a(fatal.c.obj)
 .comment       0x000000000000002b       0x2c zephyr/arch/arch/arm/core/libarch__arm__core.a(nmi.c.obj)
 .comment       0x000000000000002b       0x2c zephyr/arch/arch/arm/core/libarch__arm__core.a(prep_c.c.obj)
 .comment       0x000000000000002b       0x2c zephyr/arch/arch/arm/core/cortex_m/libarch__arm__core__cortex_m.a(fault.c.obj)
 .comment       0x000000000000002b       0x2c zephyr/arch/arch/arm/core/cortex_m/libarch__arm__core__cortex_m.a(irq_init.c.obj)
 .comment       0x000000000000002b       0x2c zephyr/arch/arch/arm/core/cortex_m/libarch__arm__core__cortex_m.a(thread_abort.c.obj)
 .comment       0x000000000000002b       0x2c zephyr/arch/arch/arm/core/cortex_m/mpu/libarch__arm__core__cortex_m__mpu.a(arm_core_mpu.c.obj)
 .comment       0x000000000000002b       0x2c zephyr/arch/arch/arm/core/cortex_m/mpu/libarch__arm__core__cortex_m__mpu.a(arm_mpu.c.obj)
 .comment       0x000000000000002b       0x2c zephyr/lib/libc/minimal/liblib__libc__minimal.a(string.c.obj)
 .comment       0x000000000000002b       0x2c zephyr/lib/libc/minimal/liblib__libc__minimal.a(stdout_console.c.obj)
 .comment       0x000000000000002b       0x2c zephyr/soc/arm/common/cortex_m/libsoc__arm__common__cortex_m.a(arm_mpu_regions.c.obj)
 .comment       0x000000000000002b       0x2c zephyr/soc/arm/nordic_nrf/nrf52/libsoc__arm__nordic_nrf__nrf52.a(soc.c.obj)
 .comment       0x000000000000002b       0x2c zephyr/drivers/gpio/libdrivers__gpio.a(gpio_nrfx.c.obj)
 .comment       0x000000000000002b       0x2c zephyr/drivers/serial/libdrivers__serial.a(uart_nrfx_uart.c.obj)
 .comment       0x000000000000002b       0x2c zephyr/modules/nordic/lib..__modules__hal__nordic.a(system_nrf52.c.obj)
 .comment       0x000000000000002b       0x2c zephyr/kernel/libkernel.a(device.c.obj)
 .comment       0x000000000000002b       0x2c zephyr/kernel/libkernel.a(errno.c.obj)
 .comment       0x000000000000002b       0x2c zephyr/kernel/libkernel.a(fatal.c.obj)
 .comment       0x000000000000002b       0x2c zephyr/kernel/libkernel.a(idle.c.obj)
 .comment       0x000000000000002b       0x2c zephyr/kernel/libkernel.a(init.c.obj)
 .comment       0x000000000000002b       0x2c zephyr/kernel/libkernel.a(sched.c.obj)
 .comment       0x000000000000002b       0x2c zephyr/kernel/libkernel.a(thread.c.obj)
 .comment       0x000000000000002b       0x2c zephyr/kernel/libkernel.a(timeout.c.obj)
 .comment       0x000000000000002b       0x2c zephyr/kernel/libkernel.a(mempool.c.obj)
 .comment       0x000000000000002b       0x2c zephyr/CMakeFiles/offsets.dir/arch/arm/core/offsets/offsets.c.obj
 .comment       0x000000000000002b       0x2c /home/tarcisio/zephyr-sdk-0.10.3/arm-zephyr-eabi/bin/../lib/gcc/arm-zephyr-eabi/8.3.0/thumb/v7e-m/nofp/libgcc.a(_udivmoddi4.o)

.debug
 *(SORT_BY_ALIGNMENT(.debug))

.line
 *(SORT_BY_ALIGNMENT(.line))

.debug_srcinfo
 *(SORT_BY_ALIGNMENT(.debug_srcinfo))

.debug_sfnames
 *(SORT_BY_ALIGNMENT(.debug_sfnames))

.debug_aranges  0x0000000000000000      0xcf8
 *(SORT_BY_ALIGNMENT(.debug_aranges))
 .debug_aranges
                0x0000000000000000       0x20 zephyr/arch/arch/arm/core/libarch__arm__core.a(exc_exit.S.obj)
 .debug_aranges
                0x0000000000000020       0x28 zephyr/arch/arch/arm/core/libarch__arm__core.a(swap_helper.S.obj)
 .debug_aranges
                0x0000000000000048       0x30 zephyr/arch/arch/arm/core/libarch__arm__core.a(cpu_idle.S.obj)
 .debug_aranges
                0x0000000000000078       0x20 zephyr/arch/arch/arm/core/libarch__arm__core.a(fault_s.S.obj)
 .debug_aranges
                0x0000000000000098       0x20 zephyr/arch/arch/arm/core/libarch__arm__core.a(nmi_on_reset.S.obj)
 .debug_aranges
                0x00000000000000b8       0x20 zephyr/arch/arch/arm/core/libarch__arm__core.a(isr_wrapper.S.obj)
 .debug_aranges
                0x00000000000000d8       0x20 zephyr/arch/arch/arm/core/cortex_m/libarch__arm__core__cortex_m.a(reset.S.obj)
 .debug_aranges
                0x00000000000000f8       0x20 /home/tarcisio/zephyr-sdk-0.10.3/arm-zephyr-eabi/bin/../lib/gcc/arm-zephyr-eabi/8.3.0/thumb/v7e-m/nofp/libgcc.a(_aeabi_uldivmod.o)
 .debug_aranges
                0x0000000000000118       0x20 /home/tarcisio/zephyr-sdk-0.10.3/arm-zephyr-eabi/bin/../lib/gcc/arm-zephyr-eabi/8.3.0/thumb/v7e-m/nofp/libgcc.a(_dvmd_tls.o)
 .debug_aranges
                0x0000000000000138       0x18 zephyr/CMakeFiles/zephyr_final.dir/isr_tables.c.obj
 .debug_aranges
                0x0000000000000150       0x48 app/libapp.a(main.c.obj)
 .debug_aranges
                0x0000000000000198       0x40 app/libapp.a(es_led.c.obj)
 .debug_aranges
                0x00000000000001d8       0x20 app/libapp.a(es_button.c.obj)
 .debug_aranges
                0x00000000000001f8       0x50 zephyr/libzephyr.a(fdtable.c.obj)
 .debug_aranges
                0x0000000000000248       0x68 zephyr/libzephyr.a(mempool.c.obj)
 .debug_aranges
                0x00000000000002b0       0x20 zephyr/libzephyr.a(thread_entry.c.obj)
 .debug_aranges
                0x00000000000002d0       0x80 zephyr/libzephyr.a(printk.c.obj)
 .debug_aranges
                0x0000000000000350       0x20 zephyr/libzephyr.a(configs.c.obj)
 .debug_aranges
                0x0000000000000370       0x30 zephyr/libzephyr.a(uart_console.c.obj)
 .debug_aranges
                0x00000000000003a0       0x58 zephyr/libzephyr.a(nrf_power_clock.c.obj)
 .debug_aranges
                0x00000000000003f8       0x40 zephyr/libzephyr.a(sys_clock_init.c.obj)
 .debug_aranges
                0x0000000000000438       0x40 zephyr/libzephyr.a(nrf_rtc_timer.c.obj)
 .debug_aranges
                0x0000000000000478       0x18 zephyr/arch/common/libarch__common.a(isr_tables.c.obj)
 .debug_aranges
                0x0000000000000490       0x20 zephyr/arch/arch/arm/core/libarch__arm__core.a(swap.c.obj)
 .debug_aranges
                0x00000000000004b0       0x48 zephyr/arch/arch/arm/core/libarch__arm__core.a(irq_manage.c.obj)
 .debug_aranges
                0x00000000000004f8       0x28 zephyr/arch/arch/arm/core/libarch__arm__core.a(thread.c.obj)
 .debug_aranges
                0x0000000000000520       0x30 zephyr/arch/arch/arm/core/libarch__arm__core.a(fatal.c.obj)
 .debug_aranges
                0x0000000000000550       0x20 zephyr/arch/arch/arm/core/libarch__arm__core.a(nmi.c.obj)
 .debug_aranges
                0x0000000000000570       0x20 zephyr/arch/arch/arm/core/libarch__arm__core.a(prep_c.c.obj)
 .debug_aranges
                0x0000000000000590       0x40 zephyr/arch/arch/arm/core/cortex_m/libarch__arm__core__cortex_m.a(fault.c.obj)
 .debug_aranges
                0x00000000000005d0       0x20 zephyr/arch/arch/arm/core/cortex_m/libarch__arm__core__cortex_m.a(irq_init.c.obj)
 .debug_aranges
                0x00000000000005f0       0x20 zephyr/arch/arch/arm/core/cortex_m/libarch__arm__core__cortex_m.a(thread_abort.c.obj)
 .debug_aranges
                0x0000000000000610       0x28 zephyr/arch/arch/arm/core/cortex_m/mpu/libarch__arm__core__cortex_m__mpu.a(arm_core_mpu.c.obj)
 .debug_aranges
                0x0000000000000638       0x48 zephyr/arch/arch/arm/core/cortex_m/mpu/libarch__arm__core__cortex_m__mpu.a(arm_mpu.c.obj)
 .debug_aranges
                0x0000000000000680       0x90 zephyr/lib/libc/minimal/liblib__libc__minimal.a(string.c.obj)
 .debug_aranges
                0x0000000000000710       0x58 zephyr/lib/libc/minimal/liblib__libc__minimal.a(stdout_console.c.obj)
 .debug_aranges
                0x0000000000000768       0x18 zephyr/soc/arm/common/cortex_m/libsoc__arm__common__cortex_m.a(arm_mpu_regions.c.obj)
 .debug_aranges
                0x0000000000000780       0x38 zephyr/soc/arm/nordic_nrf/nrf52/libsoc__arm__nordic_nrf__nrf52.a(soc.c.obj)
 .debug_aranges
                0x00000000000007b8       0x60 zephyr/drivers/gpio/libdrivers__gpio.a(gpio_nrfx.c.obj)
 .debug_aranges
                0x0000000000000818       0x48 zephyr/drivers/serial/libdrivers__serial.a(uart_nrfx_uart.c.obj)
 .debug_aranges
                0x0000000000000860       0x38 zephyr/modules/nordic/lib..__modules__hal__nordic.a(system_nrf52.c.obj)
 .debug_aranges
                0x0000000000000898       0x30 zephyr/kernel/libkernel.a(device.c.obj)
 .debug_aranges
                0x00000000000008c8       0x20 zephyr/kernel/libkernel.a(errno.c.obj)
 .debug_aranges
                0x00000000000008e8       0x38 zephyr/kernel/libkernel.a(fatal.c.obj)
 .debug_aranges
                0x0000000000000920       0x28 zephyr/kernel/libkernel.a(idle.c.obj)
 .debug_aranges
                0x0000000000000948       0x48 zephyr/kernel/libkernel.a(init.c.obj)
 .debug_aranges
                0x0000000000000990      0x188 zephyr/kernel/libkernel.a(sched.c.obj)
 .debug_aranges
                0x0000000000000b18       0xd8 zephyr/kernel/libkernel.a(thread.c.obj)
 .debug_aranges
                0x0000000000000bf0       0x78 zephyr/kernel/libkernel.a(timeout.c.obj)
 .debug_aranges
                0x0000000000000c68       0x50 zephyr/kernel/libkernel.a(mempool.c.obj)
 .debug_aranges
                0x0000000000000cb8       0x20 zephyr/CMakeFiles/offsets.dir/arch/arm/core/offsets/offsets.c.obj
 .debug_aranges
                0x0000000000000cd8       0x20 /home/tarcisio/zephyr-sdk-0.10.3/arm-zephyr-eabi/bin/../lib/gcc/arm-zephyr-eabi/8.3.0/thumb/v7e-m/nofp/libgcc.a(_udivmoddi4.o)

.debug_pubnames
 *(SORT_BY_ALIGNMENT(.debug_pubnames))

.debug_info     0x0000000000000000    0x306ad
 *(SORT_BY_ALIGNMENT(.debug_info) SORT_BY_ALIGNMENT(.gnu.linkonce.wi.*))
 .debug_info    0x0000000000000000      0x1da zephyr/CMakeFiles/zephyr_final.dir/isr_tables.c.obj
 .debug_info    0x00000000000001da     0x128b app/libapp.a(main.c.obj)
 .debug_info    0x0000000000001465     0x1107 app/libapp.a(es_led.c.obj)
 .debug_info    0x000000000000256c     0x102a app/libapp.a(es_button.c.obj)
 .debug_info    0x0000000000003596      0xed9 zephyr/libzephyr.a(fdtable.c.obj)
 .debug_info    0x000000000000446f     0x1c9a zephyr/libzephyr.a(mempool.c.obj)
 .debug_info    0x0000000000006109      0x9d0 zephyr/libzephyr.a(thread_entry.c.obj)
 .debug_info    0x0000000000006ad9     0x1373 zephyr/libzephyr.a(printk.c.obj)
 .debug_info    0x0000000000007e4c       0x38 zephyr/libzephyr.a(configs.c.obj)
 .debug_info    0x0000000000007e84      0xd7f zephyr/libzephyr.a(uart_console.c.obj)
 .debug_info    0x0000000000008c03     0x231e zephyr/libzephyr.a(nrf_power_clock.c.obj)
 .debug_info    0x000000000000af21      0xaf7 zephyr/libzephyr.a(sys_clock_init.c.obj)
 .debug_info    0x000000000000ba18     0x1e11 zephyr/libzephyr.a(nrf_rtc_timer.c.obj)
 .debug_info    0x000000000000d829      0x214 zephyr/arch/common/libarch__common.a(isr_tables.c.obj)
 .debug_info    0x000000000000da3d       0x26 zephyr/arch/arch/arm/core/libarch__arm__core.a(exc_exit.S.obj)
 .debug_info    0x000000000000da63      0xb5c zephyr/arch/arch/arm/core/libarch__arm__core.a(swap.c.obj)
 .debug_info    0x000000000000e5bf       0x22 zephyr/arch/arch/arm/core/libarch__arm__core.a(swap_helper.S.obj)
 .debug_info    0x000000000000e5e1      0xf2b zephyr/arch/arch/arm/core/libarch__arm__core.a(irq_manage.c.obj)
 .debug_info    0x000000000000f50c      0xcb8 zephyr/arch/arch/arm/core/libarch__arm__core.a(thread.c.obj)
 .debug_info    0x00000000000101c4       0x22 zephyr/arch/arch/arm/core/libarch__arm__core.a(cpu_idle.S.obj)
 .debug_info    0x00000000000101e6       0x26 zephyr/arch/arch/arm/core/libarch__arm__core.a(fault_s.S.obj)
 .debug_info    0x000000000001020c      0xdfc zephyr/arch/arch/arm/core/libarch__arm__core.a(fatal.c.obj)
 .debug_info    0x0000000000011008      0x8c9 zephyr/arch/arch/arm/core/libarch__arm__core.a(nmi.c.obj)
 .debug_info    0x00000000000118d1       0x26 zephyr/arch/arch/arm/core/libarch__arm__core.a(nmi_on_reset.S.obj)
 .debug_info    0x00000000000118f7      0xd43 zephyr/arch/arch/arm/core/libarch__arm__core.a(prep_c.c.obj)
 .debug_info    0x000000000001263a       0x26 zephyr/arch/arch/arm/core/libarch__arm__core.a(isr_wrapper.S.obj)
 .debug_info    0x0000000000012660       0x26 zephyr/arch/arch/arm/core/cortex_m/libarch__arm__core__cortex_m.a(reset.S.obj)
 .debug_info    0x0000000000012686     0x17bb zephyr/arch/arch/arm/core/cortex_m/libarch__arm__core__cortex_m.a(fault.c.obj)
 .debug_info    0x0000000000013e41      0x661 zephyr/arch/arch/arm/core/cortex_m/libarch__arm__core__cortex_m.a(irq_init.c.obj)
 .debug_info    0x00000000000144a2      0xc38 zephyr/arch/arch/arm/core/cortex_m/libarch__arm__core__cortex_m.a(thread_abort.c.obj)
 .debug_info    0x00000000000150da      0xc75 zephyr/arch/arch/arm/core/cortex_m/mpu/libarch__arm__core__cortex_m__mpu.a(arm_core_mpu.c.obj)
 .debug_info    0x0000000000015d4f     0x1553 zephyr/arch/arch/arm/core/cortex_m/mpu/libarch__arm__core__cortex_m__mpu.a(arm_mpu.c.obj)
 .debug_info    0x00000000000172a2      0x70f zephyr/lib/libc/minimal/liblib__libc__minimal.a(string.c.obj)
 .debug_info    0x00000000000179b1      0x691 zephyr/lib/libc/minimal/liblib__libc__minimal.a(stdout_console.c.obj)
 .debug_info    0x0000000000018042      0x1eb zephyr/soc/arm/common/cortex_m/libsoc__arm__common__cortex_m.a(arm_mpu_regions.c.obj)
 .debug_info    0x000000000001822d     0x1432 zephyr/soc/arm/nordic_nrf/nrf52/libsoc__arm__nordic_nrf__nrf52.a(soc.c.obj)
 .debug_info    0x000000000001965f     0x2ee9 zephyr/drivers/gpio/libdrivers__gpio.a(gpio_nrfx.c.obj)
 .debug_info    0x000000000001c548     0x200f zephyr/drivers/serial/libdrivers__serial.a(uart_nrfx_uart.c.obj)
 .debug_info    0x000000000001e557     0x1376 zephyr/modules/nordic/lib..__modules__hal__nordic.a(system_nrf52.c.obj)
 .debug_info    0x000000000001f8cd      0xb53 zephyr/kernel/libkernel.a(device.c.obj)
 .debug_info    0x0000000000020420      0x925 zephyr/kernel/libkernel.a(errno.c.obj)
 .debug_info    0x0000000000020d45     0x13b1 zephyr/kernel/libkernel.a(fatal.c.obj)
 .debug_info    0x00000000000220f6      0xaec zephyr/kernel/libkernel.a(idle.c.obj)
 .debug_info    0x0000000000022be2     0x1e72 zephyr/kernel/libkernel.a(init.c.obj)
 .debug_info    0x0000000000024a54     0x4c29 zephyr/kernel/libkernel.a(sched.c.obj)
 .debug_info    0x000000000002967d     0x2079 zephyr/kernel/libkernel.a(thread.c.obj)
 .debug_info    0x000000000002b6f6     0x1c84 zephyr/kernel/libkernel.a(timeout.c.obj)
 .debug_info    0x000000000002d37a     0x129e zephyr/kernel/libkernel.a(mempool.c.obj)
 .debug_info    0x000000000002e618      0x8d5 zephyr/CMakeFiles/offsets.dir/arch/arm/core/offsets/offsets.c.obj
 .debug_info    0x000000000002eeed       0x26 /home/tarcisio/zephyr-sdk-0.10.3/arm-zephyr-eabi/bin/../lib/gcc/arm-zephyr-eabi/8.3.0/thumb/v7e-m/nofp/libgcc.a(_aeabi_uldivmod.o)
 .debug_info    0x000000000002ef13     0x1774 /home/tarcisio/zephyr-sdk-0.10.3/arm-zephyr-eabi/bin/../lib/gcc/arm-zephyr-eabi/8.3.0/thumb/v7e-m/nofp/libgcc.a(_udivmoddi4.o)
 .debug_info    0x0000000000030687       0x26 /home/tarcisio/zephyr-sdk-0.10.3/arm-zephyr-eabi/bin/../lib/gcc/arm-zephyr-eabi/8.3.0/thumb/v7e-m/nofp/libgcc.a(_dvmd_tls.o)

.debug_abbrev   0x0000000000000000     0x8cba
 *(SORT_BY_ALIGNMENT(.debug_abbrev))
 .debug_abbrev  0x0000000000000000       0xf5 zephyr/CMakeFiles/zephyr_final.dir/isr_tables.c.obj
 .debug_abbrev  0x00000000000000f5      0x28d app/libapp.a(main.c.obj)
 .debug_abbrev  0x0000000000000382      0x31b app/libapp.a(es_led.c.obj)
 .debug_abbrev  0x000000000000069d      0x314 app/libapp.a(es_button.c.obj)
 .debug_abbrev  0x00000000000009b1      0x404 zephyr/libzephyr.a(fdtable.c.obj)
 .debug_abbrev  0x0000000000000db5      0x557 zephyr/libzephyr.a(mempool.c.obj)
 .debug_abbrev  0x000000000000130c      0x25e zephyr/libzephyr.a(thread_entry.c.obj)
 .debug_abbrev  0x000000000000156a      0x4f8 zephyr/libzephyr.a(printk.c.obj)
 .debug_abbrev  0x0000000000001a62       0x2e zephyr/libzephyr.a(configs.c.obj)
 .debug_abbrev  0x0000000000001a90      0x39d zephyr/libzephyr.a(uart_console.c.obj)
 .debug_abbrev  0x0000000000001e2d      0x5be zephyr/libzephyr.a(nrf_power_clock.c.obj)
 .debug_abbrev  0x00000000000023eb      0x270 zephyr/libzephyr.a(sys_clock_init.c.obj)
 .debug_abbrev  0x000000000000265b      0x4c2 zephyr/libzephyr.a(nrf_rtc_timer.c.obj)
 .debug_abbrev  0x0000000000002b1d       0xf5 zephyr/arch/common/libarch__common.a(isr_tables.c.obj)
 .debug_abbrev  0x0000000000002c12       0x14 zephyr/arch/arch/arm/core/libarch__arm__core.a(exc_exit.S.obj)
 .debug_abbrev  0x0000000000002c26      0x22c zephyr/arch/arch/arm/core/libarch__arm__core.a(swap.c.obj)
 .debug_abbrev  0x0000000000002e52       0x12 zephyr/arch/arch/arm/core/libarch__arm__core.a(swap_helper.S.obj)
 .debug_abbrev  0x0000000000002e64      0x346 zephyr/arch/arch/arm/core/libarch__arm__core.a(irq_manage.c.obj)
 .debug_abbrev  0x00000000000031aa      0x299 zephyr/arch/arch/arm/core/libarch__arm__core.a(thread.c.obj)
 .debug_abbrev  0x0000000000003443       0x12 zephyr/arch/arch/arm/core/libarch__arm__core.a(cpu_idle.S.obj)
 .debug_abbrev  0x0000000000003455       0x14 zephyr/arch/arch/arm/core/libarch__arm__core.a(fault_s.S.obj)
 .debug_abbrev  0x0000000000003469      0x378 zephyr/arch/arch/arm/core/libarch__arm__core.a(fatal.c.obj)
 .debug_abbrev  0x00000000000037e1      0x1c1 zephyr/arch/arch/arm/core/libarch__arm__core.a(nmi.c.obj)
 .debug_abbrev  0x00000000000039a2       0x14 zephyr/arch/arch/arm/core/libarch__arm__core.a(nmi_on_reset.S.obj)
 .debug_abbrev  0x00000000000039b6      0x240 zephyr/arch/arch/arm/core/libarch__arm__core.a(prep_c.c.obj)
 .debug_abbrev  0x0000000000003bf6       0x14 zephyr/arch/arch/arm/core/libarch__arm__core.a(isr_wrapper.S.obj)
 .debug_abbrev  0x0000000000003c0a       0x14 zephyr/arch/arch/arm/core/cortex_m/libarch__arm__core__cortex_m.a(reset.S.obj)
 .debug_abbrev  0x0000000000003c1e      0x450 zephyr/arch/arch/arm/core/cortex_m/libarch__arm__core__cortex_m.a(fault.c.obj)
 .debug_abbrev  0x000000000000406e      0x1e6 zephyr/arch/arch/arm/core/cortex_m/libarch__arm__core__cortex_m.a(irq_init.c.obj)
 .debug_abbrev  0x0000000000004254      0x2d1 zephyr/arch/arch/arm/core/cortex_m/libarch__arm__core__cortex_m.a(thread_abort.c.obj)
 .debug_abbrev  0x0000000000004525      0x1fc zephyr/arch/arch/arm/core/cortex_m/mpu/libarch__arm__core__cortex_m__mpu.a(arm_core_mpu.c.obj)
 .debug_abbrev  0x0000000000004721      0x4e5 zephyr/arch/arch/arm/core/cortex_m/mpu/libarch__arm__core__cortex_m__mpu.a(arm_mpu.c.obj)
 .debug_abbrev  0x0000000000004c06      0x1a4 zephyr/lib/libc/minimal/liblib__libc__minimal.a(string.c.obj)
 .debug_abbrev  0x0000000000004daa      0x25a zephyr/lib/libc/minimal/liblib__libc__minimal.a(stdout_console.c.obj)
 .debug_abbrev  0x0000000000005004       0xf3 zephyr/soc/arm/common/cortex_m/libsoc__arm__common__cortex_m.a(arm_mpu_regions.c.obj)
 .debug_abbrev  0x00000000000050f7      0x40e zephyr/soc/arm/nordic_nrf/nrf52/libsoc__arm__nordic_nrf__nrf52.a(soc.c.obj)
 .debug_abbrev  0x0000000000005505      0x599 zephyr/drivers/gpio/libdrivers__gpio.a(gpio_nrfx.c.obj)
 .debug_abbrev  0x0000000000005a9e      0x4ca zephyr/drivers/serial/libdrivers__serial.a(uart_nrfx_uart.c.obj)
 .debug_abbrev  0x0000000000005f68      0x286 zephyr/modules/nordic/lib..__modules__hal__nordic.a(system_nrf52.c.obj)
 .debug_abbrev  0x00000000000061ee      0x2db zephyr/kernel/libkernel.a(device.c.obj)
 .debug_abbrev  0x00000000000064c9      0x1c6 zephyr/kernel/libkernel.a(errno.c.obj)
 .debug_abbrev  0x000000000000668f      0x3ca zephyr/kernel/libkernel.a(fatal.c.obj)
 .debug_abbrev  0x0000000000006a59      0x2f2 zephyr/kernel/libkernel.a(idle.c.obj)
 .debug_abbrev  0x0000000000006d4b      0x5d0 zephyr/kernel/libkernel.a(init.c.obj)
 .debug_abbrev  0x000000000000731b      0x68e zephyr/kernel/libkernel.a(sched.c.obj)
 .debug_abbrev  0x00000000000079a9      0x5f9 zephyr/kernel/libkernel.a(thread.c.obj)
 .debug_abbrev  0x0000000000007fa2      0x488 zephyr/kernel/libkernel.a(timeout.c.obj)
 .debug_abbrev  0x000000000000842a      0x422 zephyr/kernel/libkernel.a(mempool.c.obj)
 .debug_abbrev  0x000000000000884c      0x1b2 zephyr/CMakeFiles/offsets.dir/arch/arm/core/offsets/offsets.c.obj
 .debug_abbrev  0x00000000000089fe       0x14 /home/tarcisio/zephyr-sdk-0.10.3/arm-zephyr-eabi/bin/../lib/gcc/arm-zephyr-eabi/8.3.0/thumb/v7e-m/nofp/libgcc.a(_aeabi_uldivmod.o)
 .debug_abbrev  0x0000000000008a12      0x294 /home/tarcisio/zephyr-sdk-0.10.3/arm-zephyr-eabi/bin/../lib/gcc/arm-zephyr-eabi/8.3.0/thumb/v7e-m/nofp/libgcc.a(_udivmoddi4.o)
 .debug_abbrev  0x0000000000008ca6       0x14 /home/tarcisio/zephyr-sdk-0.10.3/arm-zephyr-eabi/bin/../lib/gcc/arm-zephyr-eabi/8.3.0/thumb/v7e-m/nofp/libgcc.a(_dvmd_tls.o)

.debug_line     0x0000000000000000    0x11350
 *(SORT_BY_ALIGNMENT(.debug_line) SORT_BY_ALIGNMENT(.debug_line.*) SORT_BY_ALIGNMENT(.debug_line_end))
 .debug_line    0x0000000000000000      0x168 zephyr/CMakeFiles/zephyr_final.dir/isr_tables.c.obj
 .debug_line    0x0000000000000168      0x5d7 app/libapp.a(main.c.obj)
 .debug_line    0x000000000000073f      0x568 app/libapp.a(es_led.c.obj)
 .debug_line    0x0000000000000ca7      0x505 app/libapp.a(es_button.c.obj)
 .debug_line    0x00000000000011ac      0x580 zephyr/libzephyr.a(fdtable.c.obj)
 .debug_line    0x000000000000172c      0xc00 zephyr/libzephyr.a(mempool.c.obj)
 .debug_line    0x000000000000232c      0x320 zephyr/libzephyr.a(thread_entry.c.obj)
 .debug_line    0x000000000000264c      0x8be zephyr/libzephyr.a(printk.c.obj)
 .debug_line    0x0000000000002f0a      0x12f zephyr/libzephyr.a(configs.c.obj)
 .debug_line    0x0000000000003039      0x404 zephyr/libzephyr.a(uart_console.c.obj)
 .debug_line    0x000000000000343d      0xa81 zephyr/libzephyr.a(nrf_power_clock.c.obj)
 .debug_line    0x0000000000003ebe      0x32a zephyr/libzephyr.a(sys_clock_init.c.obj)
 .debug_line    0x00000000000041e8      0x9eb zephyr/libzephyr.a(nrf_rtc_timer.c.obj)
 .debug_line    0x0000000000004bd3      0x191 zephyr/arch/common/libarch__common.a(isr_tables.c.obj)
 .debug_line    0x0000000000004d64       0x7d zephyr/arch/arch/arm/core/libarch__arm__core.a(exc_exit.S.obj)
 .debug_line    0x0000000000004de1      0x355 zephyr/arch/arch/arm/core/libarch__arm__core.a(swap.c.obj)
 .debug_line    0x0000000000005136       0xc3 zephyr/arch/arch/arm/core/libarch__arm__core.a(swap_helper.S.obj)
 .debug_line    0x00000000000051f9      0x443 zephyr/arch/arch/arm/core/libarch__arm__core.a(irq_manage.c.obj)
 .debug_line    0x000000000000563c      0x42c zephyr/arch/arch/arm/core/libarch__arm__core.a(thread.c.obj)
 .debug_line    0x0000000000005a68       0x9b zephyr/arch/arch/arm/core/libarch__arm__core.a(cpu_idle.S.obj)
 .debug_line    0x0000000000005b03       0x73 zephyr/arch/arch/arm/core/libarch__arm__core.a(fault_s.S.obj)
 .debug_line    0x0000000000005b76      0x394 zephyr/arch/arch/arm/core/libarch__arm__core.a(fatal.c.obj)
 .debug_line    0x0000000000005f0a      0x2c6 zephyr/arch/arch/arm/core/libarch__arm__core.a(nmi.c.obj)
 .debug_line    0x00000000000061d0       0x71 zephyr/arch/arch/arm/core/libarch__arm__core.a(nmi_on_reset.S.obj)
 .debug_line    0x0000000000006241      0x399 zephyr/arch/arch/arm/core/libarch__arm__core.a(prep_c.c.obj)
 .debug_line    0x00000000000065da       0x9a zephyr/arch/arch/arm/core/libarch__arm__core.a(isr_wrapper.S.obj)
 .debug_line    0x0000000000006674       0x83 zephyr/arch/arch/arm/core/cortex_m/libarch__arm__core__cortex_m.a(reset.S.obj)
 .debug_line    0x00000000000066f7      0x780 zephyr/arch/arch/arm/core/cortex_m/libarch__arm__core__cortex_m.a(fault.c.obj)
 .debug_line    0x0000000000006e77      0x236 zephyr/arch/arch/arm/core/cortex_m/libarch__arm__core__cortex_m.a(irq_init.c.obj)
 .debug_line    0x00000000000070ad      0x3c4 zephyr/arch/arch/arm/core/cortex_m/libarch__arm__core__cortex_m.a(thread_abort.c.obj)
 .debug_line    0x0000000000007471      0x392 zephyr/arch/arch/arm/core/cortex_m/mpu/libarch__arm__core__cortex_m__mpu.a(arm_core_mpu.c.obj)
 .debug_line    0x0000000000007803      0x77c zephyr/arch/arch/arm/core/cortex_m/mpu/libarch__arm__core__cortex_m__mpu.a(arm_mpu.c.obj)
 .debug_line    0x0000000000007f7f      0x55e zephyr/lib/libc/minimal/liblib__libc__minimal.a(string.c.obj)
 .debug_line    0x00000000000084dd      0x2ef zephyr/lib/libc/minimal/liblib__libc__minimal.a(stdout_console.c.obj)
 .debug_line    0x00000000000087cc      0x1a2 zephyr/soc/arm/common/cortex_m/libsoc__arm__common__cortex_m.a(arm_mpu_regions.c.obj)
 .debug_line    0x000000000000896e      0x4ec zephyr/soc/arm/nordic_nrf/nrf52/libsoc__arm__nordic_nrf__nrf52.a(soc.c.obj)
 .debug_line    0x0000000000008e5a     0x1044 zephyr/drivers/gpio/libdrivers__gpio.a(gpio_nrfx.c.obj)
 .debug_line    0x0000000000009e9e      0x88d zephyr/drivers/serial/libdrivers__serial.a(uart_nrfx_uart.c.obj)
 .debug_line    0x000000000000a72b      0x52c zephyr/modules/nordic/lib..__modules__hal__nordic.a(system_nrf52.c.obj)
 .debug_line    0x000000000000ac57      0x3aa zephyr/kernel/libkernel.a(device.c.obj)
 .debug_line    0x000000000000b001      0x2e6 zephyr/kernel/libkernel.a(errno.c.obj)
 .debug_line    0x000000000000b2e7      0x4ef zephyr/kernel/libkernel.a(fatal.c.obj)
 .debug_line    0x000000000000b7d6      0x427 zephyr/kernel/libkernel.a(idle.c.obj)
 .debug_line    0x000000000000bbfd      0x8a4 zephyr/kernel/libkernel.a(init.c.obj)
 .debug_line    0x000000000000c4a1     0x226e zephyr/kernel/libkernel.a(sched.c.obj)
 .debug_line    0x000000000000e70f      0xc4a zephyr/kernel/libkernel.a(thread.c.obj)
 .debug_line    0x000000000000f359      0xc85 zephyr/kernel/libkernel.a(timeout.c.obj)
 .debug_line    0x000000000000ffde      0x669 zephyr/kernel/libkernel.a(mempool.c.obj)
 .debug_line    0x0000000000010647      0x349 zephyr/CMakeFiles/offsets.dir/arch/arm/core/offsets/offsets.c.obj
 .debug_line    0x0000000000010990       0xb7 /home/tarcisio/zephyr-sdk-0.10.3/arm-zephyr-eabi/bin/../lib/gcc/arm-zephyr-eabi/8.3.0/thumb/v7e-m/nofp/libgcc.a(_aeabi_uldivmod.o)
 .debug_line    0x0000000000010a47      0x852 /home/tarcisio/zephyr-sdk-0.10.3/arm-zephyr-eabi/bin/../lib/gcc/arm-zephyr-eabi/8.3.0/thumb/v7e-m/nofp/libgcc.a(_udivmoddi4.o)
 .debug_line    0x0000000000011299       0xb7 /home/tarcisio/zephyr-sdk-0.10.3/arm-zephyr-eabi/bin/../lib/gcc/arm-zephyr-eabi/8.3.0/thumb/v7e-m/nofp/libgcc.a(_dvmd_tls.o)

.debug_frame    0x0000000000000000     0x1aac
 *(SORT_BY_ALIGNMENT(.debug_frame))
 .debug_frame   0x0000000000000000       0x98 app/libapp.a(main.c.obj)
 .debug_frame   0x0000000000000098       0xb0 app/libapp.a(es_led.c.obj)
 .debug_frame   0x0000000000000148       0x30 app/libapp.a(es_button.c.obj)
 .debug_frame   0x0000000000000178       0xb4 zephyr/libzephyr.a(fdtable.c.obj)
 .debug_frame   0x000000000000022c      0x154 zephyr/libzephyr.a(mempool.c.obj)
 .debug_frame   0x0000000000000380       0x28 zephyr/libzephyr.a(thread_entry.c.obj)
 .debug_frame   0x00000000000003a8      0x19c zephyr/libzephyr.a(printk.c.obj)
 .debug_frame   0x0000000000000544       0x20 zephyr/libzephyr.a(configs.c.obj)
 .debug_frame   0x0000000000000564       0x60 zephyr/libzephyr.a(uart_console.c.obj)
 .debug_frame   0x00000000000005c4       0xdc zephyr/libzephyr.a(nrf_power_clock.c.obj)
 .debug_frame   0x00000000000006a0       0x70 zephyr/libzephyr.a(sys_clock_init.c.obj)
 .debug_frame   0x0000000000000710       0x84 zephyr/libzephyr.a(nrf_rtc_timer.c.obj)
 .debug_frame   0x0000000000000794       0x20 zephyr/arch/arch/arm/core/libarch__arm__core.a(swap.c.obj)
 .debug_frame   0x00000000000007b4       0x78 zephyr/arch/arch/arm/core/libarch__arm__core.a(irq_manage.c.obj)
 .debug_frame   0x000000000000082c       0x50 zephyr/arch/arch/arm/core/libarch__arm__core.a(thread.c.obj)
 .debug_frame   0x000000000000087c       0x48 zephyr/arch/arch/arm/core/libarch__arm__core.a(fatal.c.obj)
 .debug_frame   0x00000000000008c4       0x2c zephyr/arch/arch/arm/core/libarch__arm__core.a(nmi.c.obj)
 .debug_frame   0x00000000000008f0       0x28 zephyr/arch/arch/arm/core/libarch__arm__core.a(prep_c.c.obj)
 .debug_frame   0x0000000000000918       0x78 zephyr/arch/arch/arm/core/cortex_m/libarch__arm__core__cortex_m.a(fault.c.obj)
 .debug_frame   0x0000000000000990       0x20 zephyr/arch/arch/arm/core/cortex_m/libarch__arm__core__cortex_m.a(irq_init.c.obj)
 .debug_frame   0x00000000000009b0       0x34 zephyr/arch/arch/arm/core/cortex_m/libarch__arm__core__cortex_m.a(thread_abort.c.obj)
 .debug_frame   0x00000000000009e4       0x40 zephyr/arch/arch/arm/core/cortex_m/mpu/libarch__arm__core__cortex_m__mpu.a(arm_core_mpu.c.obj)
 .debug_frame   0x0000000000000a24       0x98 zephyr/arch/arch/arm/core/cortex_m/mpu/libarch__arm__core__cortex_m__mpu.a(arm_mpu.c.obj)
 .debug_frame   0x0000000000000abc      0x168 zephyr/lib/libc/minimal/liblib__libc__minimal.a(string.c.obj)
 .debug_frame   0x0000000000000c24       0xb8 zephyr/lib/libc/minimal/liblib__libc__minimal.a(stdout_console.c.obj)
 .debug_frame   0x0000000000000cdc       0x50 zephyr/soc/arm/nordic_nrf/nrf52/libsoc__arm__nordic_nrf__nrf52.a(soc.c.obj)
 .debug_frame   0x0000000000000d2c      0x130 zephyr/drivers/gpio/libdrivers__gpio.a(gpio_nrfx.c.obj)
 .debug_frame   0x0000000000000e5c       0x9c zephyr/drivers/serial/libdrivers__serial.a(uart_nrfx_uart.c.obj)
 .debug_frame   0x0000000000000ef8       0x58 zephyr/modules/nordic/lib..__modules__hal__nordic.a(system_nrf52.c.obj)
 .debug_frame   0x0000000000000f50       0x68 zephyr/kernel/libkernel.a(device.c.obj)
 .debug_frame   0x0000000000000fb8       0x20 zephyr/kernel/libkernel.a(errno.c.obj)
 .debug_frame   0x0000000000000fd8       0x74 zephyr/kernel/libkernel.a(fatal.c.obj)
 .debug_frame   0x000000000000104c       0x38 zephyr/kernel/libkernel.a(idle.c.obj)
 .debug_frame   0x0000000000001084       0xa4 zephyr/kernel/libkernel.a(init.c.obj)
 .debug_frame   0x0000000000001128      0x4a8 zephyr/kernel/libkernel.a(sched.c.obj)
 .debug_frame   0x00000000000015d0      0x248 zephyr/kernel/libkernel.a(thread.c.obj)
 .debug_frame   0x0000000000001818      0x13c zephyr/kernel/libkernel.a(timeout.c.obj)
 .debug_frame   0x0000000000001954       0xd4 zephyr/kernel/libkernel.a(mempool.c.obj)
 .debug_frame   0x0000000000001a28       0x20 zephyr/CMakeFiles/offsets.dir/arch/arm/core/offsets/offsets.c.obj
 .debug_frame   0x0000000000001a48       0x2c /home/tarcisio/zephyr-sdk-0.10.3/arm-zephyr-eabi/bin/../lib/gcc/arm-zephyr-eabi/8.3.0/thumb/v7e-m/nofp/libgcc.a(_aeabi_uldivmod.o)
 .debug_frame   0x0000000000001a74       0x38 /home/tarcisio/zephyr-sdk-0.10.3/arm-zephyr-eabi/bin/../lib/gcc/arm-zephyr-eabi/8.3.0/thumb/v7e-m/nofp/libgcc.a(_udivmoddi4.o)

.debug_str      0x0000000000000000     0x7b05
 *(SORT_BY_ALIGNMENT(.debug_str))
 .debug_str     0x0000000000000000      0x24e zephyr/CMakeFiles/zephyr_final.dir/isr_tables.c.obj
                                        0x2c1 (size before relaxing)
 .debug_str     0x000000000000024e      0x541 app/libapp.a(main.c.obj)
                                        0x8f7 (size before relaxing)
 .debug_str     0x000000000000078f       0xbe app/libapp.a(es_led.c.obj)
                                        0x7ea (size before relaxing)
 .debug_str     0x000000000000084d       0x74 app/libapp.a(es_button.c.obj)
                                        0x80e (size before relaxing)
 .debug_str     0x00000000000008c1      0x175 zephyr/libzephyr.a(fdtable.c.obj)
                                        0x8c9 (size before relaxing)
 .debug_str     0x0000000000000a36      0x2a5 zephyr/libzephyr.a(mempool.c.obj)
                                        0x950 (size before relaxing)
 .debug_str     0x0000000000000cdb       0x8d zephyr/libzephyr.a(thread_entry.c.obj)
                                        0x6a0 (size before relaxing)
 .debug_str     0x0000000000000d68      0x205 zephyr/libzephyr.a(printk.c.obj)
                                        0x98d (size before relaxing)
 .debug_str     0x0000000000000f6d       0x2f zephyr/libzephyr.a(configs.c.obj)
                                        0x16f (size before relaxing)
 .debug_str     0x0000000000000f9c      0x133 zephyr/libzephyr.a(uart_console.c.obj)
                                        0x92d (size before relaxing)
 .debug_str     0x00000000000010cf      0xa4c zephyr/libzephyr.a(nrf_power_clock.c.obj)
                                       0x1195 (size before relaxing)
 .debug_str     0x0000000000001b1b      0x117 zephyr/libzephyr.a(sys_clock_init.c.obj)
                                        0x87d (size before relaxing)
 .debug_str     0x0000000000001c32      0x65f zephyr/libzephyr.a(nrf_rtc_timer.c.obj)
                                       0x103c (size before relaxing)
 .debug_str     0x0000000000002291       0x61 zephyr/arch/common/libarch__common.a(isr_tables.c.obj)
                                        0x315 (size before relaxing)
 .debug_str     0x00000000000022f2       0x49 zephyr/arch/arch/arm/core/libarch__arm__core.a(exc_exit.S.obj)
                                         0x83 (size before relaxing)
 .debug_str     0x000000000000233b      0x104 zephyr/arch/arch/arm/core/libarch__arm__core.a(swap.c.obj)
                                        0x71b (size before relaxing)
 .debug_str     0x000000000000243f       0x40 zephyr/arch/arch/arm/core/libarch__arm__core.a(swap_helper.S.obj)
                                         0x86 (size before relaxing)
 .debug_str     0x000000000000247f      0x105 zephyr/arch/arch/arm/core/libarch__arm__core.a(irq_manage.c.obj)
                                        0xa81 (size before relaxing)
 .debug_str     0x0000000000002584      0x188 zephyr/arch/arch/arm/core/libarch__arm__core.a(thread.c.obj)
                                        0x821 (size before relaxing)
 .debug_str     0x000000000000270c       0x3d zephyr/arch/arch/arm/core/libarch__arm__core.a(cpu_idle.S.obj)
                                         0x83 (size before relaxing)
 .debug_str     0x0000000000002749       0x3c zephyr/arch/arch/arm/core/libarch__arm__core.a(fault_s.S.obj)
                                         0x82 (size before relaxing)
 .debug_str     0x0000000000002785      0x154 zephyr/arch/arch/arm/core/libarch__arm__core.a(fatal.c.obj)
                                        0x895 (size before relaxing)
 .debug_str     0x00000000000028d9       0x61 zephyr/arch/arch/arm/core/libarch__arm__core.a(nmi.c.obj)
                                        0x651 (size before relaxing)
 .debug_str     0x000000000000293a       0x41 zephyr/arch/arch/arm/core/libarch__arm__core.a(nmi_on_reset.S.obj)
                                         0x87 (size before relaxing)
 .debug_str     0x000000000000297b      0x2a4 zephyr/arch/arch/arm/core/libarch__arm__core.a(prep_c.c.obj)
                                        0x96f (size before relaxing)
 .debug_str     0x0000000000002c1f       0x40 zephyr/arch/arch/arm/core/libarch__arm__core.a(isr_wrapper.S.obj)
                                         0x86 (size before relaxing)
 .debug_str     0x0000000000002c5f       0x43 zephyr/arch/arch/arm/core/cortex_m/libarch__arm__core__cortex_m.a(reset.S.obj)
                                         0x89 (size before relaxing)
 .debug_str     0x0000000000002ca2      0x140 zephyr/arch/arch/arm/core/cortex_m/libarch__arm__core__cortex_m.a(fault.c.obj)
                                        0xa1d (size before relaxing)
 .debug_str     0x0000000000002de2       0x46 zephyr/arch/arch/arm/core/cortex_m/libarch__arm__core__cortex_m.a(irq_init.c.obj)
                                        0x66e (size before relaxing)
 .debug_str     0x0000000000002e28       0x84 zephyr/arch/arch/arm/core/cortex_m/libarch__arm__core__cortex_m.a(thread_abort.c.obj)
                                        0x774 (size before relaxing)
 .debug_str     0x0000000000002eac      0x12b zephyr/arch/arch/arm/core/cortex_m/mpu/libarch__arm__core__cortex_m__mpu.a(arm_core_mpu.c.obj)
                                        0xa3b (size before relaxing)
 .debug_str     0x0000000000002fd7      0x281 zephyr/arch/arch/arm/core/cortex_m/mpu/libarch__arm__core__cortex_m__mpu.a(arm_mpu.c.obj)
                                        0xd50 (size before relaxing)
 .debug_str     0x0000000000003258       0xf9 zephyr/lib/libc/minimal/liblib__libc__minimal.a(string.c.obj)
                                        0x2eb (size before relaxing)
 .debug_str     0x0000000000003351       0xb8 zephyr/lib/libc/minimal/liblib__libc__minimal.a(stdout_console.c.obj)
                                        0x2e8 (size before relaxing)
 .debug_str     0x0000000000003409       0x4e zephyr/soc/arm/common/cortex_m/libsoc__arm__common__cortex_m.a(arm_mpu_regions.c.obj)
                                        0x2f1 (size before relaxing)
 .debug_str     0x0000000000003457      0x2ef zephyr/soc/arm/nordic_nrf/nrf52/libsoc__arm__nordic_nrf__nrf52.a(soc.c.obj)
                                        0xb0b (size before relaxing)
 .debug_str     0x0000000000003746      0xa26 zephyr/drivers/gpio/libdrivers__gpio.a(gpio_nrfx.c.obj)
                                       0x13e7 (size before relaxing)
 .debug_str     0x000000000000416c      0x95c zephyr/drivers/serial/libdrivers__serial.a(uart_nrfx_uart.c.obj)
                                       0x137f (size before relaxing)
 .debug_str     0x0000000000004ac8      0x240 zephyr/modules/nordic/lib..__modules__hal__nordic.a(system_nrf52.c.obj)
                                        0x798 (size before relaxing)
 .debug_str     0x0000000000004d08      0x13f zephyr/kernel/libkernel.a(device.c.obj)
                                        0x8c3 (size before relaxing)
 .debug_str     0x0000000000004e47       0x33 zephyr/kernel/libkernel.a(errno.c.obj)
                                        0x751 (size before relaxing)
 .debug_str     0x0000000000004e7a      0x22b zephyr/kernel/libkernel.a(fatal.c.obj)
                                        0xab3 (size before relaxing)
 .debug_str     0x00000000000050a5       0xdc zephyr/kernel/libkernel.a(idle.c.obj)
                                        0x81e (size before relaxing)
 .debug_str     0x0000000000005181      0x257 zephyr/kernel/libkernel.a(init.c.obj)
                                       0x125f (size before relaxing)
 .debug_str     0x00000000000053d8      0x7fc zephyr/kernel/libkernel.a(sched.c.obj)
                                       0x11b0 (size before relaxing)
 .debug_str     0x0000000000005bd4      0x325 zephyr/kernel/libkernel.a(thread.c.obj)
                                        0xeca (size before relaxing)
 .debug_str     0x0000000000005ef9       0xe5 zephyr/kernel/libkernel.a(timeout.c.obj)
                                        0xa9a (size before relaxing)
 .debug_str     0x0000000000005fde      0x18d zephyr/kernel/libkernel.a(mempool.c.obj)
                                        0xa9a (size before relaxing)
 .debug_str     0x000000000000616b       0x53 zephyr/CMakeFiles/offsets.dir/arch/arm/core/offsets/offsets.c.obj
                                        0x671 (size before relaxing)
 .debug_str     0x00000000000061be      0x125 /home/tarcisio/zephyr-sdk-0.10.3/arm-zephyr-eabi/bin/../lib/gcc/arm-zephyr-eabi/8.3.0/thumb/v7e-m/nofp/libgcc.a(_aeabi_uldivmod.o)